[
  {
    "case": "open_frontier",
    "iterations": 11,
    "median_wall_s": {
      "eager": 0.5094421059999945,
      "lazy": 0.20233124599999996
    },
    "reduction_fraction": 0.6028376068310259,
    "pool_constructions": {
      "eager": 3,
      "lazy": 1
    },
    "identical_selected_view_and_reserves": true
  },
  {
    "case": "obstacle",
    "iterations": 11,
    "median_wall_s": {
      "eager": 0.4498952530000224,
      "lazy": 0.1600615629999993
    },
    "reduction_fraction": 0.6442248235946795,
    "pool_constructions": {
      "eager": 3,
      "lazy": 1
    },
    "identical_selected_view_and_reserves": true
  },
  {
    "case": "team_complete",
    "iterations": 11,
    "median_wall_s": {
      "eager": 0.14607459799998423,
      "lazy": 0.14516817300000184
    },
    "reduction_fraction": 0.0062052198834905425,
    "pool_constructions": {
      "eager": 0,
      "lazy": 0
    },
    "identical_selected_view_and_reserves": true
  }
]
