[WARN] [1791199929.265772643] [rcl.logging_rosout]: Publisher already registered for node name: 'pointcloud_mapper'. If this is due to multiple nodes with the same name then all logs for the logger named 'pointcloud_mapper' will go out over the existing publisher. As soon as any node with that name is destructed it will unregister the publisher, preventing any further logs for that name from being published on the rosout topic.
{
  "recomputed": {
    "coverage": 0.9545718312194313,
    "coverage_definition": "observed-free / geometrically fully-free voxels; box/cylinder intersection",
    "legacy_center_free_coverage": 0.9212837298419287,
    "truth_free_voxels": 12063,
    "observed_free_voxels": 11515,
    "unobserved_free_voxels": 502,
    "falsely_occupied_free_voxels": 46
  },
  "logged_coverage": 0.9546547293376441,
  "difference": -8.289811821271531e-05,
  "integrated_frames": [
    292,
    292
  ],
  "logged_observation_frames": [
    292,
    292
  ],
  "note": "Replay of recorded clock-stamped estimated pose and raw native LiDAR; independent of planner map and logged coverage. Callback receipt ordering and transport pose downsampling may change boundary voxels."
}
