[INFO] [launch]: All log files can be found below /root/.ros/log/2026-09-28-14-43-59-133450-colima-annual-fusion-1854
[INFO] [launch]: Default logging verbosity is set to INFO
[INFO] [parameter_bridge-1]: process started with pid [1857]
[INFO] [localization_measurement_node.py-2]: process started with pid [1858]
[INFO] [state_estimator_node.py-3]: process started with pid [1859]
[INFO] [python3-4]: process started with pid [1860]
[INFO] [controller_node-5]: process started with pid [1861]
[INFO] [localization_measurement_node.py-6]: process started with pid [1862]
[INFO] [state_estimator_node.py-7]: process started with pid [1863]
[INFO] [python3-8]: process started with pid [1864]
[INFO] [controller_node-9]: process started with pid [1865]
[controller_node-5] [INFO] [1790606639.308107925] [drone_0.controller]: Controller: pid
[controller_node-9] [INFO] [1790606639.344718804] [drone_1.controller]: Controller: pid
[parameter_bridge-1] [INFO] [1790606640.351152812] [ros_gz_bridge]: Creating GZ->ROS Bridge: [/clock (gz.msgs.Clock) -> /clock (rosgraph_msgs/msg/Clock)] (Lazy 0)
[parameter_bridge-1] [INFO] [1790606640.354549301] [ros_gz_bridge]: Creating GZ->ROS Bridge: [/drone_0/lidar/points (gz.msgs.PointCloudPacked) -> /drone_0/lidar/points (sensor_msgs/msg/PointCloud2)] (Lazy 0)
[parameter_bridge-1] [INFO] [1790606640.363917816] [ros_gz_bridge]: Creating GZ->ROS Bridge: [/drone_0/odometry (gz.msgs.Odometry) -> /drone_0/odometry (nav_msgs/msg/Odometry)] (Lazy 0)
[parameter_bridge-1] [INFO] [1790606640.367559011] [ros_gz_bridge]: Creating GZ->ROS Bridge: [/drone_0/imu (gz.msgs.IMU) -> /drone_0/imu (sensor_msgs/msg/Imu)] (Lazy 0)
[parameter_bridge-1] [INFO] [1790606640.369782164] [ros_gz_bridge]: Creating GZ->ROS Bridge: [/drone_0/contacts (gz.msgs.Contacts) -> /drone_0/contacts (ros_gz_interfaces/msg/Contacts)] (Lazy 0)
[parameter_bridge-1] [INFO] [1790606640.374873541] [ros_gz_bridge]: Creating ROS->GZ Bridge: [/drone_0/command/motor_speed (actuator_msgs/msg/Actuators) -> /drone_0/command/motor_speed (gz.msgs.Actuators)] (Lazy 0)
[parameter_bridge-1] [INFO] [1790606640.378214586] [ros_gz_bridge]: Creating GZ->ROS Bridge: [/drone_1/lidar/points (gz.msgs.PointCloudPacked) -> /drone_1/lidar/points (sensor_msgs/msg/PointCloud2)] (Lazy 0)
[parameter_bridge-1] [INFO] [1790606640.379901721] [ros_gz_bridge]: Creating GZ->ROS Bridge: [/drone_1/odometry (gz.msgs.Odometry) -> /drone_1/odometry (nav_msgs/msg/Odometry)] (Lazy 0)
[parameter_bridge-1] [INFO] [1790606640.382024573] [ros_gz_bridge]: Creating GZ->ROS Bridge: [/drone_1/imu (gz.msgs.IMU) -> /drone_1/imu (sensor_msgs/msg/Imu)] (Lazy 0)
[parameter_bridge-1] [INFO] [1790606640.385168144] [ros_gz_bridge]: Creating GZ->ROS Bridge: [/drone_1/contacts (gz.msgs.Contacts) -> /drone_1/contacts (ros_gz_interfaces/msg/Contacts)] (Lazy 0)
[parameter_bridge-1] [INFO] [1790606640.387727632] [ros_gz_bridge]: Creating ROS->GZ Bridge: [/drone_1/command/motor_speed (actuator_msgs/msg/Actuators) -> /drone_1/command/motor_speed (gz.msgs.Actuators)] (Lazy 0)
[INFO] [gz-10]: process started with pid [2015]
[parameter_bridge-1] [INFO] [1790606649.297624483] [ros_gz_bridge]: Passing message from ROS actuator_msgs/msg/Actuators to Gazebo gz.msgs.Actuators (showing msg only once per type)
[WARNING] [launch]: user interrupted with ctrl-c (SIGINT)
[controller_node-9] [INFO] [1790606702.001831337] [rclcpp]: signal_handler(SIGINT/SIGTERM)
[controller_node-5] [INFO] [1790606702.002054616] [rclcpp]: signal_handler(SIGINT/SIGTERM)
[INFO] [gz-10]: sending signal 'SIGINT' to process[gz-10]
[INFO] [controller_node-9]: sending signal 'SIGINT' to process[controller_node-9]
[INFO] [python3-8]: sending signal 'SIGINT' to process[python3-8]
[INFO] [state_estimator_node.py-7]: sending signal 'SIGINT' to process[state_estimator_node.py-7]
[ERROR] [controller_node-9]: process has died [pid 1865, exit code -2, cmd '/workspace/ros2_ws/install/annual_swarm/lib/annual_swarm/controller_node --ros-args -r __ns:=/drone_1 --params-file /workspace/ros2_ws/install/annual_swarm/share/annual_swarm/config/flight.yaml --params-file /tmp/launch_params_4w32arke --params-file /tmp/launch_params_ue1j1vjz -r odometry:=estimated_odometry'].
[INFO] [localization_measurement_node.py-6]: sending signal 'SIGINT' to process[localization_measurement_node.py-6]
[INFO] [controller_node-5]: sending signal 'SIGINT' to process[controller_node-5]
[INFO] [python3-4]: sending signal 'SIGINT' to process[python3-4]
[ERROR] [python3-8]: process has died [pid 1864, exit code -2, cmd 'python3 /comparison/common_mapper.py --ros-args -r __ns:=/drone_1 -p use_sim_time:=true -p drone_id:=1 -p bounds:="[[-6.0, -6.0, 0.0], [6.0, 6.0, 3.0]]"'].
[ERROR] [localization_measurement_node.py-6]: process has died [pid 1862, exit code -2, cmd '/workspace/ros2_ws/install/annual_swarm/lib/annual_swarm/localization_measurement_node.py --ros-args -r __ns:=/drone_1 --params-file /tmp/launch_params_oiuyumf2 --params-file /tmp/launch_params_v3uwz44n'].
[ERROR] [state_estimator_node.py-7]: process has died [pid 1863, exit code -2, cmd '/workspace/ros2_ws/install/annual_swarm/lib/annual_swarm/state_estimator_node.py --ros-args -r __ns:=/drone_1 --params-file /tmp/launch_params_pro59yf7 --params-file /tmp/launch_params_nuzj8vwy'].
[INFO] [state_estimator_node.py-3]: sending signal 'SIGINT' to process[state_estimator_node.py-3]
[ERROR] [controller_node-5]: process has died [pid 1861, exit code -2, cmd '/workspace/ros2_ws/install/annual_swarm/lib/annual_swarm/controller_node --ros-args -r __ns:=/drone_0 --params-file /workspace/ros2_ws/install/annual_swarm/share/annual_swarm/config/flight.yaml --params-file /tmp/launch_params_d99dqdi3 --params-file /tmp/launch_params_q6xp8tco -r odometry:=estimated_odometry'].
[INFO] [localization_measurement_node.py-2]: sending signal 'SIGINT' to process[localization_measurement_node.py-2]
[ERROR] [python3-4]: process has died [pid 1860, exit code -2, cmd 'python3 /comparison/common_mapper.py --ros-args -r __ns:=/drone_0 -p use_sim_time:=true -p drone_id:=0 -p bounds:="[[-6.0, -6.0, 0.0], [6.0, 6.0, 3.0]]"'].
[INFO] [parameter_bridge-1]: sending signal 'SIGINT' to process[parameter_bridge-1]
[parameter_bridge-1] [INFO] [1790606702.004324375] [rclcpp]: signal_handler(SIGINT/SIGTERM)
[ERROR] [state_estimator_node.py-3]: process has died [pid 1859, exit code -2, cmd '/workspace/ros2_ws/install/annual_swarm/lib/annual_swarm/state_estimator_node.py --ros-args -r __ns:=/drone_0 --params-file /tmp/launch_params_zgdcf7ad --params-file /tmp/launch_params_2pyybs90'].
[parameter_bridge-1] [INFO] [1790606702.046001495] [rclcpp]: signal_handler(SIGINT/SIGTERM)
[ERROR] [localization_measurement_node.py-2]: process has died [pid 1858, exit code -2, cmd '/workspace/ros2_ws/install/annual_swarm/lib/annual_swarm/localization_measurement_node.py --ros-args -r __ns:=/drone_0 --params-file /tmp/launch_params_rqinki90 --params-file /tmp/launch_params_k2_i_fpm'].
[INFO] [gz-10]: process has finished cleanly [pid 2015]
[INFO] [parameter_bridge-1]: process has finished cleanly [pid 1857]
