{
  "recomputed": {
    "coverage": 0.960540495730747,
    "coverage_definition": "observed-free / geometrically fully-free voxels; box/cylinder intersection",
    "legacy_center_free_coverage": 0.926393102347118,
    "truth_free_voxels": 12063,
    "observed_free_voxels": 11587,
    "unobserved_free_voxels": 448,
    "falsely_occupied_free_voxels": 28
  },
  "logged_coverage": 0.960540495730747,
  "difference": 0.0,
  "integrated_frames": [
    271,
    271
  ],
  "logged_observation_frames": [
    271,
    271
  ],
  "note": "Replay of recorded clock-stamped estimated pose and raw native LiDAR; independent of planner map and logged coverage. Callback receipt ordering and transport pose downsampling may change boundary voxels."
}
