Starting >>> annual_swarm
-- Found ament_cmake: 2.5.6 (/opt/ros/jazzy/share/ament_cmake/cmake)
-- Found rclcpp: 28.1.22 (/opt/ros/jazzy/share/rclcpp/cmake)
-- Found rosidl_generator_c: 4.6.9 (/opt/ros/jazzy/share/rosidl_generator_c/cmake)
-- Found rosidl_generator_cpp: 4.6.9 (/opt/ros/jazzy/share/rosidl_generator_cpp/cmake)
-- Using all available rosidl_typesupport_c: rosidl_typesupport_fastrtps_c;rosidl_typesupport_introspection_c
-- Using all available rosidl_typesupport_cpp: rosidl_typesupport_fastrtps_cpp;rosidl_typesupport_introspection_cpp
-- Found rmw_implementation_cmake: 7.3.3 (/opt/ros/jazzy/share/rmw_implementation_cmake/cmake)
-- Found rmw_fastrtps_cpp: 8.4.4 (/opt/ros/jazzy/share/rmw_fastrtps_cpp/cmake)
-- Using RMW implementation 'rmw_fastrtps_cpp' as default
-- Found geometry_msgs: 5.3.8 (/opt/ros/jazzy/share/geometry_msgs/cmake)
-- Found nav_msgs: 5.3.8 (/opt/ros/jazzy/share/nav_msgs/cmake)
-- Found trajectory_msgs: 5.3.8 (/opt/ros/jazzy/share/trajectory_msgs/cmake)
-- Found actuator_msgs: 0.0.1 (/opt/ros/jazzy/share/actuator_msgs/cmake)
-- Found tf2: 0.36.22 (/opt/ros/jazzy/share/tf2/cmake)
-- Found tf2_geometry_msgs: 0.36.22 (/opt/ros/jazzy/share/tf2_geometry_msgs/cmake)
-- Found eigen3_cmake_module: 0.3.1 (/opt/ros/jazzy/share/eigen3_cmake_module/cmake)
-- Ensuring Eigen3 include directory is part of orocos-kdl CMake target
-- Found gz_sim_vendor: 0.0.13 (/opt/ros/jazzy/share/gz_sim_vendor/cmake)
-- Looking for gz-sim8 -- found version 8.15.0
-- Searching for dependencies of gz-sim8
-- Looking for sdformat14 -- found version 14.9.0
-- Searching for dependencies of sdformat14
-- Checking for module 'tinyxml2'
--   Found tinyxml2, version 10.0.0
-- Looking for gz-math7 -- found version 7.7.0
-- Searching for dependencies of gz-math7
-- Looking for gz-utils2 -- found version 2.2.1
-- Searching for dependencies of gz-utils2
-- Looking for gz-utils2 -- found version 2.2.1
-- Searching for dependencies of gz-utils2
-- Searching for <gz-utils2> component [cli]
-- Looking for gz-utils2-cli -- found version 2.2.1
-- Searching for dependencies of gz-utils2-cli
-- Looking for gz-plugin2 -- found version 2.0.4
-- Searching for dependencies of gz-plugin2
-- Looking for gz-utils2 -- found version 2.2.1
-- Searching for <gz-plugin2> component [loader]
-- Looking for gz-plugin2-loader -- found version 2.0.4
-- Searching for dependencies of gz-plugin2-loader
-- Searching for <gz-plugin2> component [register]
-- Looking for gz-plugin2-register -- found version 2.0.4
-- Searching for dependencies of gz-plugin2-register
-- Looking for gz-transport13 -- found version 13.6.0
-- Searching for dependencies of gz-transport13
-- Config-file not installed for ZeroMQ -- checking for pkg-config
-- Checking for module 'libzmq >= 4'
--   Found libzmq, version 4.3.5
-- Checking for module 'uuid'
--   Found uuid, version 2.39.3
-- Looking for gz-utils2 -- found version 2.2.1
-- Looking for gz-msgs10 -- found version 10.4.0
-- Searching for dependencies of gz-msgs10
-- Looking for gz-utils2 -- found version 2.2.1
-- Looking for gz-math7 -- found version 7.7.0
-- Searching for <gz-transport13> component [log]
-- Looking for gz-transport13-log -- found version 13.6.0
-- Searching for dependencies of gz-transport13-log
-- Searching for <gz-transport13> component [parameters]
-- Looking for gz-transport13-parameters -- found version 13.6.0
-- Searching for dependencies of gz-transport13-parameters
-- Looking for gz-msgs10 -- found version 10.4.0
-- Looking for gz-common5 -- found version 5.9.0
-- Searching for dependencies of gz-common5
-- Looking for gz-utils2 -- found version 2.2.1
-- Looking for dlfcn.h - found
-- Looking for libdl - found
-- Searching for <gz-common5> component [av]
-- Looking for gz-common5-av -- found version 5.9.0
-- Searching for dependencies of gz-common5-av
-- Checking for module 'libswscale'
--   Found libswscale, version 7.5.100
-- Checking for module 'libavdevice >= 56.4.100'
--   Found libavdevice, version 60.3.100
-- Checking for module 'libavformat'
--   Found libavformat, version 60.16.100
-- Checking for module 'libavcodec'
--   Found libavcodec, version 60.31.102
-- Checking for module 'libavutil'
--   Found libavutil, version 58.29.100
-- Searching for <gz-common5> component [events]
-- Looking for gz-common5-events -- found version 5.9.0
-- Searching for dependencies of gz-common5-events
-- Looking for gz-math7 -- found version 7.7.0
-- Searching for <gz-common5> component [graphics]
-- Looking for gz-common5-graphics -- found version 5.9.0
-- Searching for dependencies of gz-common5-graphics
-- Looking for gz-math7 -- found version 7.7.0
-- Searching for <gz-common5> component [io]
-- Looking for gz-common5-io -- found version 5.9.0
-- Searching for dependencies of gz-common5-io
-- Searching for <gz-common5> component [profiler]
-- Looking for gz-common5-profiler -- found version 5.9.0
-- Searching for dependencies of gz-common5-profiler
-- Looking for gz-fuel_tools9 -- found version 9.1.1
-- Searching for dependencies of gz-fuel_tools9
-- Checking for module 'jsoncpp'
--   Found jsoncpp, version 1.9.5
-- Checking for module 'yaml-0.1'
--   Found yaml-0.1, version 0.2.5
-- Checking for module 'libzip'
--   Found libzip, version 1.7.3
-- Looking for gz-utils2 -- found version 2.2.1
-- Looking for gz-common5 -- found version 5.9.0
-- Searching for dependencies of gz-common5
-- Looking for gz-utils2 -- found version 2.2.1
-- Looking for dlfcn.h - found
-- Looking for libdl - found
-- Searching for <gz-common5> component [testing]
-- Looking for gz-common5-testing -- found version 5.9.0
-- Searching for dependencies of gz-common5-testing
-- Looking for gz-math7 -- found version 7.7.0
-- Looking for gz-msgs10 -- found version 10.4.0
-- Looking for gz-gui8 -- found version 8.4.0
-- Searching for dependencies of gz-gui8
-- Looking for gz-utils2 -- found version 2.2.1
-- Looking for gz-math7 -- found version 7.7.0
-- Looking for gz-common5 -- found version 5.9.0
-- Looking for gz-plugin2 -- found version 2.0.4
-- Looking for gz-transport13 -- found version 13.6.0
-- Looking for gz-rendering8 -- found version 8.2.3
-- Searching for dependencies of gz-rendering8
-- Looking for gz-math7 -- found version 7.7.0
-- Searching for dependencies of gz-math7
-- Looking for gz-utils2 -- found version 2.2.1
-- Searching for <gz-math7> component [eigen3]
-- Looking for gz-math7-eigen3 -- found version 7.7.0
-- Searching for dependencies of gz-math7-eigen3
-- Looking for gz-common5 -- found version 5.9.0
-- Searching for dependencies of gz-common5
-- Looking for gz-utils2 -- found version 2.2.1
-- Looking for dlfcn.h - found
-- Looking for libdl - found
-- Searching for <gz-common5> component [graphics]
-- Searching for <gz-common5> component [events]
-- Searching for <gz-common5> component [geospatial]
-- Looking for gz-common5-geospatial -- found version 5.9.0
-- Searching for dependencies of gz-common5-geospatial
-- Looking for gz-math7 -- found version 7.7.0
-- Looking for gz-common5 -- found version 5.9.0
-- Looking for gz-plugin2 -- found version 2.0.4
-- Searching for dependencies of gz-plugin2
-- Looking for gz-utils2 -- found version 2.2.1
-- Searching for <gz-plugin2> component [all]
-- Looking for all libraries of gz-plugin2 -- found version 2.0.4
-- Looking for gz-plugin2 -- found version 2.0.4
-- Looking for gz-utils2 -- found version 2.2.1
-- Looking for gz-msgs10 -- found version 10.4.0
-- Looking for gz-physics7 -- found version 7.8.0
-- Searching for dependencies of gz-physics7
-- Looking for gz-common5 -- found version 5.9.0
-- Looking for gz-math7 -- found version 7.7.0
-- Looking for gz-plugin2 -- found version 2.0.4
-- Looking for gz-utils2 -- found version 2.2.1
-- Searching for <gz-physics7> component [heightmap]
-- Looking for gz-physics7-heightmap -- found version 7.8.0
-- Searching for dependencies of gz-physics7-heightmap
-- Looking for gz-common5 -- found version 5.9.0
-- Searching for <gz-physics7> component [mesh]
-- Looking for gz-physics7-mesh -- found version 7.8.0
-- Searching for dependencies of gz-physics7-mesh
-- Looking for gz-common5 -- found version 5.9.0
-- Searching for <gz-physics7> component [sdf]
-- Looking for gz-physics7-sdf -- found version 7.8.0
-- Searching for dependencies of gz-physics7-sdf
-- Looking for sdformat14 -- found version 14.9.0
-- Looking for gz-sensors8 -- found version 8.2.2
-- Searching for dependencies of gz-sensors8
-- Looking for gz-math7 -- found version 7.7.0
-- Looking for gz-common5 -- found version 5.9.0
-- Looking for gz-transport13 -- found version 13.6.0
-- Looking for gz-rendering8 -- found version 8.2.3
-- Looking for gz-msgs10 -- found version 10.4.0
-- Looking for sdformat14 -- found version 14.9.0
-- Searching for <gz-sensors8> component [air_pressure]
-- Looking for gz-sensors8-air_pressure -- found version 8.2.2
-- Searching for dependencies of gz-sensors8-air_pressure
-- Searching for <gz-sensors8> component [air_speed]
-- Looking for gz-sensors8-air_speed -- found version 8.2.2
-- Searching for dependencies of gz-sensors8-air_speed
-- Searching for <gz-sensors8> component [altimeter]
-- Looking for gz-sensors8-altimeter -- found version 8.2.2
-- Searching for dependencies of gz-sensors8-altimeter
-- Searching for <gz-sensors8> component [imu]
-- Looking for gz-sensors8-imu -- found version 8.2.2
-- Searching for dependencies of gz-sensors8-imu
-- Searching for <gz-sensors8> component [force_torque]
-- Looking for gz-sensors8-force_torque -- found version 8.2.2
-- Searching for dependencies of gz-sensors8-force_torque
-- Searching for <gz-sensors8> component [logical_camera]
-- Looking for gz-sensors8-logical_camera -- found version 8.2.2
-- Searching for dependencies of gz-sensors8-logical_camera
-- Searching for <gz-sensors8> component [magnetometer]
-- Looking for gz-sensors8-magnetometer -- found version 8.2.2
-- Searching for dependencies of gz-sensors8-magnetometer
-- Searching for <gz-sensors8> component [navsat]
-- Looking for gz-sensors8-navsat -- found version 8.2.2
-- Searching for dependencies of gz-sensors8-navsat
-- Searching for <gz-sensors8> component [dvl]
-- Looking for gz-sensors8-dvl -- found version 8.2.2
-- Searching for dependencies of gz-sensors8-dvl
-- Looking for gz-sensors8 -- found version 8.2.2
-- Searching for dependencies of gz-sensors8
-- Looking for gz-math7 -- found version 7.7.0
-- Looking for gz-common5 -- found version 5.9.0
-- Looking for gz-transport13 -- found version 13.6.0
-- Looking for gz-rendering8 -- found version 8.2.3
-- Looking for gz-msgs10 -- found version 10.4.0
-- Looking for sdformat14 -- found version 14.9.0
-- Searching for <gz-sensors8> component [rendering]
-- Looking for gz-sensors8-rendering -- found version 8.2.2
-- Searching for dependencies of gz-sensors8-rendering
-- Searching for <gz-sensors8> component [rendering]
-- Searching for <gz-sensors8> component [lidar]
-- Looking for gz-sensors8-lidar -- found version 8.2.2
-- Searching for dependencies of gz-sensors8-lidar
-- Looking for gz-sensors8 -- found version 8.2.2
-- Searching for <gz-sensors8> component [gpu_lidar]
-- Looking for gz-sensors8-gpu_lidar -- found version 8.2.2
-- Searching for dependencies of gz-sensors8-gpu_lidar
-- Looking for gz-sensors8 -- found version 8.2.2
-- Searching for <gz-sensors8> component [camera]
-- Looking for gz-sensors8-camera -- found version 8.2.2
-- Searching for dependencies of gz-sensors8-camera
-- Looking for gz-sensors8 -- found version 8.2.2
-- Searching for <gz-sensors8> component [boundingbox_camera]
-- Looking for gz-sensors8-boundingbox_camera -- found version 8.2.2
-- Searching for dependencies of gz-sensors8-boundingbox_camera
-- Searching for <gz-sensors8> component [segmentation_camera]
-- Looking for gz-sensors8-segmentation_camera -- found version 8.2.2
-- Searching for dependencies of gz-sensors8-segmentation_camera
-- Searching for <gz-sensors8> component [depth_camera]
-- Looking for gz-sensors8-depth_camera -- found version 8.2.2
-- Searching for dependencies of gz-sensors8-depth_camera
-- Looking for gz-sensors8 -- found version 8.2.2
-- Searching for <gz-sensors8> component [rgbd_camera]
-- Looking for gz-sensors8-rgbd_camera -- found version 8.2.2
-- Searching for dependencies of gz-sensors8-rgbd_camera
-- Looking for gz-sensors8 -- found version 8.2.2
-- Searching for <gz-sensors8> component [thermal_camera]
-- Looking for gz-sensors8-thermal_camera -- found version 8.2.2
-- Searching for dependencies of gz-sensors8-thermal_camera
-- Looking for gz-sensors8 -- found version 8.2.2
-- Searching for <gz-sensors8> component [wide_angle_camera]
-- Looking for gz-sensors8-wide_angle_camera -- found version 8.2.2
-- Searching for dependencies of gz-sensors8-wide_angle_camera
-- Looking for gz-rendering8 -- found version 8.2.3
-- Looking for gz-math7 -- found version 7.7.0
-- Looking for gz-utils2 -- found version 2.2.1
-- Looking for gz-transport13 -- found version 13.6.0
-- Looking for gz-plugin2 -- found version 2.0.4
-- Found ament_cmake_pytest: 2.5.6 (/opt/ros/jazzy/share/ament_cmake_pytest/cmake)
-- Configuring done (3.8s)
-- Generating done (0.0s)
-- Build files have been written to: /workspace/ros2_ws/build/annual_swarm
[ 42%] Built target annual_algorithms
[ 57%] Built target annual_motor_system
[ 85%] Built target controller_node
[ 85%] Built target planner_node
[100%] Built target controller_dispatch_test
-- Install configuration: "Release"
-- Up-to-date: /workspace/ros2_ws/install/annual_swarm/lib/annual_swarm/planner_node
-- Up-to-date: /workspace/ros2_ws/install/annual_swarm/lib/annual_swarm/controller_node
-- Up-to-date: /workspace/ros2_ws/install/annual_swarm/lib/libannual_motor_system.so
-- Up-to-date: /workspace/ros2_ws/install/annual_swarm/share/annual_swarm/launch
-- Installing: /workspace/ros2_ws/install/annual_swarm/share/annual_swarm/launch/decentralized_search.launch.py
-- Up-to-date: /workspace/ros2_ws/install/annual_swarm/share/annual_swarm/launch/search.launch.py
-- Up-to-date: /workspace/ros2_ws/install/annual_swarm/share/annual_swarm/launch/swarm.launch.py
-- Up-to-date: /workspace/ros2_ws/install/annual_swarm/share/annual_swarm/config
-- Installing: /workspace/ros2_ws/install/annual_swarm/share/annual_swarm/config/exploration.rviz
-- Up-to-date: /workspace/ros2_ws/install/annual_swarm/share/annual_swarm/config/flight.yaml
-- Up-to-date: /workspace/ros2_ws/install/annual_swarm/share/annual_swarm/config/exploration-gazebo.config
-- Installing: /workspace/ros2_ws/install/annual_swarm/share/annual_swarm/config/exploration_priority.yaml
-- Up-to-date: /workspace/ros2_ws/install/annual_swarm/share/annual_swarm/models
-- Up-to-date: /workspace/ros2_ws/install/annual_swarm/share/annual_swarm/models/quadrotor.sdf
-- Up-to-date: /workspace/ros2_ws/install/annual_swarm/share/annual_swarm/worlds
-- Up-to-date: /workspace/ros2_ws/install/annual_swarm/share/annual_swarm/worlds/indoor.sdf
-- Up-to-date: /workspace/ros2_ws/install/annual_swarm/share/annual_swarm/maps
-- Up-to-date: /workspace/ros2_ws/install/annual_swarm/share/annual_swarm/maps/school_corridor.json
-- Up-to-date: /workspace/ros2_ws/install/annual_swarm/share/annual_swarm/maps/sample_corridor.json
-- Up-to-date: /workspace/ros2_ws/install/annual_swarm/share/annual_swarm/maps/unknown_map_arena.json
-- Up-to-date: /workspace/ros2_ws/install/annual_swarm/share/annual_swarm/maps/search_office.json
-- Up-to-date: /workspace/ros2_ws/install/annual_swarm/share/annual_swarm/maps/sample_warehouse.json
-- Up-to-date: /workspace/ros2_ws/install/annual_swarm/share/annual_swarm/maps/rrt_dual_channel_escape.json
-- Up-to-date: /workspace/ros2_ws/install/annual_swarm/share/annual_swarm/maps/open3d_redwood_fragment.json
-- Up-to-date: /workspace/ros2_ws/install/annual_swarm/share/annual_swarm/maps/sample_simple.json
-- Up-to-date: /workspace/ros2_ws/install/annual_swarm/share/annual_swarm/maps/laboratory.json
-- Up-to-date: /workspace/ros2_ws/install/annual_swarm/share/annual_swarm/maps/sample_open_office.json
-- Up-to-date: /workspace/ros2_ws/install/annual_swarm/share/annual_swarm/maps/sample_warehouse_edited.json
-- Up-to-date: /workspace/ros2_ws/install/annual_swarm/share/annual_swarm/maps/search_fusion_3d.json
-- Up-to-date: /workspace/ros2_ws/install/annual_swarm/share/annual_swarm/maps/sample_office.json
-- Up-to-date: /workspace/ros2_ws/install/annual_swarm/share/annual_swarm/maps/company_cubicles.json
-- Up-to-date: /workspace/ros2_ws/install/annual_swarm/share/annual_swarm/maps/meeting_room.json
-- Up-to-date: /workspace/ros2_ws/install/annual_swarm/share/annual_swarm/maps/search_maze.json
-- Up-to-date: /workspace/ros2_ws/install/annual_swarm/share/annual_swarm/maps/formation_maze_stress.json
-- Installing: /workspace/ros2_ws/install/annual_swarm/share/annual_swarm/maps/search_todo_vertical.json
-- Installing: /workspace/ros2_ws/install/annual_swarm/share/annual_swarm/maps/search_todo_remnants.json
-- Installing: /workspace/ros2_ws/install/annual_swarm/share/annual_swarm/maps/search_todo_bottleneck.json
-- Up-to-date: /workspace/ros2_ws/install/annual_swarm/lib/annual_swarm/audit_fusion_run.py
-- Up-to-date: /workspace/ros2_ws/install/annual_swarm/lib/annual_swarm/audit_decentralized_run.py
-- Installing: /workspace/ros2_ws/install/annual_swarm/lib/annual_swarm/localization_measurement_node.py
-- Up-to-date: /workspace/ros2_ws/install/annual_swarm/lib/annual_swarm/state_estimator_node.py
-- Installing: /workspace/ros2_ws/install/annual_swarm/lib/annual_swarm/pointcloud_mapping_node.py
-- Up-to-date: /workspace/ros2_ws/install/annual_swarm/lib/annual_swarm/formation_node.py
-- Up-to-date: /workspace/ros2_ws/install/annual_swarm/lib/annual_swarm/metrics_node.py
-- Up-to-date: /workspace/ros2_ws/install/annual_swarm/lib/annual_swarm/smoke_test.py
-- Up-to-date: /workspace/ros2_ws/install/annual_swarm/lib/annual_swarm/planning_node.py
-- Up-to-date: /workspace/ros2_ws/install/annual_swarm/lib/annual_swarm/candidate_pool_node.py
-- Up-to-date: /workspace/ros2_ws/install/annual_swarm/lib/annual_swarm/dynamic_obstacle_node.py
-- Up-to-date: /workspace/ros2_ws/install/annual_swarm/lib/annual_swarm/validate_matrix.py
-- Up-to-date: /workspace/ros2_ws/install/annual_swarm/lib/annual_swarm/compare_recovery.py
-- Up-to-date: /workspace/ros2_ws/install/annual_swarm/lib/annual_swarm/record_decentralized_demo.py
-- Up-to-date: /workspace/ros2_ws/install/annual_swarm/lib/annual_swarm/decentralized_smoke.py
-- Installing: /workspace/ros2_ws/install/annual_swarm/lib/annual_swarm/decentralized_agent_node.py
-- Installing: /workspace/ros2_ws/install/annual_swarm/lib/annual_swarm/view_executor_node.py
-- Installing: /workspace/ros2_ws/install/annual_swarm/lib/annual_swarm/exploration_experiment_node.py
-- Installing: /workspace/ros2_ws/install/annual_swarm/lib/annual_swarm/exploration_visualization_node.py
-- Up-to-date: /workspace/ros2_ws/install/annual_swarm/lib/annual_swarm/search_node.py
-- Up-to-date: /workspace/ros2_ws/install/annual_swarm/lib/annual_swarm/search_executor_node.py
-- Up-to-date: /workspace/ros2_ws/install/annual_swarm/lib/annual_swarm/search_smoke.py
-- Up-to-date: /workspace/ros2_ws/install/annual_swarm/lib/annual_swarm/compare_search.py
-- Up-to-date: /workspace/ros2_ws/install/annual_swarm/lib/annual_swarm/planning_runtime.py
-- Up-to-date: /workspace/ros2_ws/install/annual_swarm/lib/annual_swarm/candidate_runtime.py
-- Installing: /workspace/ros2_ws/install/annual_swarm/lib/annual_swarm/exploration_palette.py
-- Installing: /workspace/ros2_ws/install/annual_swarm/lib/annual_swarm/record_observation_evidence.py
-- Installing: /workspace/ros2_ws/install/annual_swarm/lib/annual_swarm/run_todo_experiment.py
-- Installing: /workspace/ros2_ws/install/annual_swarm/lib/annual_swarm/audit_todo_evidence.py
-- Installing: /workspace/ros2_ws/install/annual_swarm/lib/annual_swarm/record_todo_demo.py
-- Installing: /workspace/ros2_ws/install/annual_swarm/lib/annual_swarm/run_todo_study.py
-- Installing: /workspace/ros2_ws/install/annual_swarm/lib/annual_swarm/prepare_todo_ablations.py
-- Installing: /workspace/ros2_ws/install/annual_swarm/lib/annual_swarm/verify_todo_run.py
-- Installing: /workspace/ros2_ws/install/annual_swarm/lib/annual_swarm/summarize_todo_study.py
-- Installing: /workspace/ros2_ws/install/annual_swarm/lib/annual_swarm/experiment_processes.py
-- Installing: /workspace/ros2_ws/install/annual_swarm/lib/annual_swarm/snapshot_map.py
-- Installing: /workspace/ros2_ws/install/annual_swarm/lib/annual_swarm/audit_execution_protocol.py
-- Installing: /workspace/ros2_ws/install/annual_swarm/lib/annual_swarm/audit_todo_attempt.py
-- Up-to-date: /workspace/ros2_ws/install/annual_swarm/lib/annual_swarm/legacy/core
-- Up-to-date: /workspace/ros2_ws/install/annual_swarm/lib/annual_swarm/legacy/core/drone.py
-- Up-to-date: /workspace/ros2_ws/install/annual_swarm/lib/annual_swarm/legacy/core/formation_clearance.py
-- Up-to-date: /workspace/ros2_ws/install/annual_swarm/lib/annual_swarm/legacy/core/obstacles.py
-- Up-to-date: /workspace/ros2_ws/install/annual_swarm/lib/annual_swarm/legacy/core/__init__.py
-- Up-to-date: /workspace/ros2_ws/install/annual_swarm/lib/annual_swarm/legacy/core/topology.py
-- Up-to-date: /workspace/ros2_ws/install/annual_swarm/lib/annual_swarm/legacy/core/drone_params.py
-- Up-to-date: /workspace/ros2_ws/install/annual_swarm/lib/annual_swarm/legacy/core/fault_detector.py
-- Up-to-date: /workspace/ros2_ws/install/annual_swarm/lib/annual_swarm/legacy/core/sensors.py
-- Up-to-date: /workspace/ros2_ws/install/annual_swarm/lib/annual_swarm/legacy/core/formation_adaptation.py
-- Up-to-date: /workspace/ros2_ws/install/annual_swarm/lib/annual_swarm/legacy/core/allocator.py
-- Up-to-date: /workspace/ros2_ws/install/annual_swarm/lib/annual_swarm/legacy/core/map_loader.py
-- Up-to-date: /workspace/ros2_ws/install/annual_swarm/lib/annual_swarm/legacy/core/formation_safety.py
-- Up-to-date: /workspace/ros2_ws/install/annual_swarm/lib/annual_swarm/legacy/core/controller.py
-- Up-to-date: /workspace/ros2_ws/install/annual_swarm/lib/annual_swarm/legacy/core/result_schema.py
-- Up-to-date: /workspace/ros2_ws/install/annual_swarm/lib/annual_swarm/legacy/core/safety_profiles.py
-- Up-to-date: /workspace/ros2_ws/install/annual_swarm/lib/annual_swarm/legacy/core/exploration
-- Installing: /workspace/ros2_ws/install/annual_swarm/lib/annual_swarm/legacy/core/exploration/fusion.py
-- Up-to-date: /workspace/ros2_ws/install/annual_swarm/lib/annual_swarm/legacy/core/exploration/coordinator.py
-- Up-to-date: /workspace/ros2_ws/install/annual_swarm/lib/annual_swarm/legacy/core/exploration/__init__.py
-- Installing: /workspace/ros2_ws/install/annual_swarm/lib/annual_swarm/legacy/core/exploration/voxel_mapping.py
-- Installing: /workspace/ros2_ws/install/annual_swarm/lib/annual_swarm/legacy/core/exploration/decentralized.py
-- Installing: /workspace/ros2_ws/install/annual_swarm/lib/annual_swarm/legacy/core/exploration/regions.py
-- Installing: /workspace/ros2_ws/install/annual_swarm/lib/annual_swarm/legacy/core/exploration/pairwise.py
-- Installing: /workspace/ros2_ws/install/annual_swarm/lib/annual_swarm/legacy/core/exploration/graph.py
-- Up-to-date: /workspace/ros2_ws/install/annual_swarm/lib/annual_swarm/legacy/core/exploration/allocation.py
-- Up-to-date: /workspace/ros2_ws/install/annual_swarm/lib/annual_swarm/legacy/core/exploration/sparse_graph.py
-- Up-to-date: /workspace/ros2_ws/install/annual_swarm/lib/annual_swarm/legacy/core/exploration/state_estimation.py
-- Up-to-date: /workspace/ros2_ws/install/annual_swarm/lib/annual_swarm/legacy/core/exploration/mapping.py
-- Installing: /workspace/ros2_ws/install/annual_swarm/lib/annual_swarm/legacy/core/exploration/mrdtg.py
-- Installing: /workspace/ros2_ws/install/annual_swarm/lib/annual_swarm/legacy/core/exploration/hierarchy.py
-- Installing: /workspace/ros2_ws/install/annual_swarm/lib/annual_swarm/legacy/core/exploration/observation_completion.py
-- Installing: /workspace/ros2_ws/install/annual_swarm/lib/annual_swarm/legacy/core/exploration/execution_identity.py
-- Installing: /workspace/ros2_ws/install/annual_swarm/lib/annual_swarm/legacy/core/exploration/evidence_audit.py
-- Installing: /workspace/ros2_ws/install/annual_swarm/lib/annual_swarm/legacy/core/exploration/planning_budget.py
-- Installing: /workspace/ros2_ws/install/annual_swarm/lib/annual_swarm/legacy/core/exploration/service_selection.py
-- Installing: /workspace/ros2_ws/install/annual_swarm/lib/annual_swarm/legacy/core/exploration/team_evidence.py
-- Installing: /workspace/ros2_ws/install/annual_swarm/lib/annual_swarm/legacy/core/exploration/timing_evidence.py
-- Installing: /workspace/ros2_ws/install/annual_swarm/lib/annual_swarm/legacy/core/exploration/priority.py
-- Installing: /workspace/ros2_ws/install/annual_swarm/lib/annual_swarm/legacy/core/exploration/service_windows.py
-- Up-to-date: /workspace/ros2_ws/install/annual_swarm/lib/annual_swarm/legacy/core/artificial_potential_field.py
-- Up-to-date: /workspace/ros2_ws/install/annual_swarm/lib/annual_swarm/legacy/core/planning
-- Up-to-date: /workspace/ros2_ws/install/annual_swarm/lib/annual_swarm/legacy/core/planning/visibility_graph.py
-- Up-to-date: /workspace/ros2_ws/install/annual_swarm/lib/annual_swarm/legacy/core/planning/gnn_planner.py
-- Up-to-date: /workspace/ros2_ws/install/annual_swarm/lib/annual_swarm/legacy/core/planning/rrt_star.py
-- Up-to-date: /workspace/ros2_ws/install/annual_swarm/lib/annual_swarm/legacy/core/planning/dual_mode.py
-- Up-to-date: /workspace/ros2_ws/install/annual_swarm/lib/annual_swarm/legacy/core/planning/__init__.py
-- Up-to-date: /workspace/ros2_ws/install/annual_swarm/lib/annual_swarm/legacy/core/planning/new_plan.md
-- Up-to-date: /workspace/ros2_ws/install/annual_swarm/lib/annual_swarm/legacy/core/planning/hybrid_astar.py
-- Up-to-date: /workspace/ros2_ws/install/annual_swarm/lib/annual_swarm/legacy/core/planning/mpc_tracker.py
-- Up-to-date: /workspace/ros2_ws/install/annual_swarm/lib/annual_swarm/legacy/core/planning/replanner.py
-- Up-to-date: /workspace/ros2_ws/install/annual_swarm/lib/annual_swarm/legacy/core/planning/esdf.py
-- Up-to-date: /workspace/ros2_ws/install/annual_swarm/lib/annual_swarm/legacy/core/planning/dstar_lite.py
-- Installing: /workspace/ros2_ws/install/annual_swarm/lib/annual_swarm/legacy/core/planning/path_quality.py
-- Up-to-date: /workspace/ros2_ws/install/annual_swarm/lib/annual_swarm/legacy/core/planning/firi.py
-- Up-to-date: /workspace/ros2_ws/install/annual_swarm/lib/annual_swarm/legacy/core/planning/dijkstra.py
-- Up-to-date: /workspace/ros2_ws/install/annual_swarm/lib/annual_swarm/legacy/core/planning/trajectory_optimizer.py
-- Up-to-date: /workspace/ros2_ws/install/annual_swarm/lib/annual_swarm/legacy/core/planning/informed_rrt_star.py
-- Up-to-date: /workspace/ros2_ws/install/annual_swarm/lib/annual_swarm/legacy/core/planning/voronoi_region.py
-- Up-to-date: /workspace/ros2_ws/install/annual_swarm/lib/annual_swarm/legacy/core/planning/base.py
-- Installing: /workspace/ros2_ws/install/annual_swarm/lib/annual_swarm/legacy/core/planning/continuous_trajectory.py
-- Up-to-date: /workspace/ros2_ws/install/annual_swarm/lib/annual_swarm/legacy/core/planning/astar.py
-- Installing: /workspace/ros2_ws/install/annual_swarm/lib/annual_swarm/legacy/core/planning/handoff_timing.py
-- Installing: /workspace/ros2_ws/install/annual_swarm/lib/annual_swarm/legacy/core/planning/handoff.py
-- Up-to-date: /workspace/ros2_ws/install/annual_swarm/lib/annual_swarm/legacy/core/model_importer.py
-- Up-to-date: /workspace/ros2_ws/install/annual_swarm/lib/annual_swarm/legacy/core/wind_field.py
-- Up-to-date: /workspace/ros2_ws/install/annual_swarm/lib/annual_swarm/legacy/core/rotor.py
-- Up-to-date: /workspace/ros2_ws/install/annual_swarm/lib/annual_swarm/legacy/core/smc.py
-- Up-to-date: /workspace/ros2_ws/install/annual_swarm/lib/annual_swarm/legacy/core/risk_report.py
-- Installing: /workspace/ros2_ws/install/annual_swarm/share/annual_swarm/launch/scene.py
-- Installing: /workspace/ros2_ws/install/annual_swarm/share/annual_swarm/launch/exploration_palette.py
-- Up-to-date: /workspace/ros2_ws/install/annual_swarm/share/ament_index/resource_index/package_run_dependencies/annual_swarm
-- Up-to-date: /workspace/ros2_ws/install/annual_swarm/share/ament_index/resource_index/parent_prefix_path/annual_swarm
-- Up-to-date: /workspace/ros2_ws/install/annual_swarm/share/annual_swarm/environment/ament_prefix_path.sh
-- Up-to-date: /workspace/ros2_ws/install/annual_swarm/share/annual_swarm/environment/ament_prefix_path.dsv
-- Up-to-date: /workspace/ros2_ws/install/annual_swarm/share/annual_swarm/environment/path.sh
-- Up-to-date: /workspace/ros2_ws/install/annual_swarm/share/annual_swarm/environment/path.dsv
-- Up-to-date: /workspace/ros2_ws/install/annual_swarm/share/annual_swarm/local_setup.bash
-- Up-to-date: /workspace/ros2_ws/install/annual_swarm/share/annual_swarm/local_setup.sh
-- Up-to-date: /workspace/ros2_ws/install/annual_swarm/share/annual_swarm/local_setup.zsh
-- Up-to-date: /workspace/ros2_ws/install/annual_swarm/share/annual_swarm/local_setup.dsv
-- Installing: /workspace/ros2_ws/install/annual_swarm/share/annual_swarm/package.dsv
-- Up-to-date: /workspace/ros2_ws/install/annual_swarm/share/ament_index/resource_index/packages/annual_swarm
-- Up-to-date: /workspace/ros2_ws/install/annual_swarm/share/annual_swarm/cmake/annual_swarmConfig.cmake
-- Up-to-date: /workspace/ros2_ws/install/annual_swarm/share/annual_swarm/cmake/annual_swarmConfig-version.cmake
-- Up-to-date: /workspace/ros2_ws/install/annual_swarm/share/annual_swarm/package.xml
Finished <<< annual_swarm [4.13s]

Summary: 1 package finished [4.21s]
