{
  "recomputed": {
    "coverage": 0.9563955898201111,
    "coverage_definition": "observed-free / geometrically fully-free voxels; box/cylinder intersection",
    "legacy_center_free_coverage": 0.9229602426951939,
    "truth_free_voxels": 12063,
    "observed_free_voxels": 11537,
    "unobserved_free_voxels": 504,
    "falsely_occupied_free_voxels": 22
  },
  "logged_coverage": 0.9524993782641133,
  "difference": 0.0038962115559977306,
  "integrated_frames": [
    295,
    295
  ],
  "logged_observation_frames": [
    294,
    294
  ],
  "note": "Replay of recorded clock-stamped estimated pose and raw native LiDAR; independent of planner map and logged coverage. Callback receipt ordering and transport pose downsampling may change boundary voxels."
}
