Starting >>> annual_swarm
[ 42%] Built target annual_algorithms
[ 57%] Built target annual_motor_system
[ 71%] Built target planner_node
[ 85%] Built target controller_node
[100%] Built target controller_dispatch_test
-- Install configuration: "Release"
-- Up-to-date: /workspace/ros2_ws/install/annual_swarm/lib/annual_swarm/planner_node
-- Up-to-date: /workspace/ros2_ws/install/annual_swarm/lib/annual_swarm/controller_node
-- Up-to-date: /workspace/ros2_ws/install/annual_swarm/lib/libannual_motor_system.so
-- Up-to-date: /workspace/ros2_ws/install/annual_swarm/share/annual_swarm/launch
-- Up-to-date: /workspace/ros2_ws/install/annual_swarm/share/annual_swarm/launch/decentralized_search.launch.py
-- Up-to-date: /workspace/ros2_ws/install/annual_swarm/share/annual_swarm/launch/search.launch.py
-- Up-to-date: /workspace/ros2_ws/install/annual_swarm/share/annual_swarm/launch/swarm.launch.py
-- Up-to-date: /workspace/ros2_ws/install/annual_swarm/share/annual_swarm/config
-- Up-to-date: /workspace/ros2_ws/install/annual_swarm/share/annual_swarm/config/exploration.rviz
-- Up-to-date: /workspace/ros2_ws/install/annual_swarm/share/annual_swarm/config/flight.yaml
-- Up-to-date: /workspace/ros2_ws/install/annual_swarm/share/annual_swarm/config/exploration-gazebo.config
-- Up-to-date: /workspace/ros2_ws/install/annual_swarm/share/annual_swarm/config/exploration_priority.yaml
-- Up-to-date: /workspace/ros2_ws/install/annual_swarm/share/annual_swarm/models
-- Up-to-date: /workspace/ros2_ws/install/annual_swarm/share/annual_swarm/models/quadrotor.sdf
-- Up-to-date: /workspace/ros2_ws/install/annual_swarm/share/annual_swarm/worlds
-- Up-to-date: /workspace/ros2_ws/install/annual_swarm/share/annual_swarm/worlds/indoor.sdf
-- Up-to-date: /workspace/ros2_ws/install/annual_swarm/share/annual_swarm/maps
-- Up-to-date: /workspace/ros2_ws/install/annual_swarm/share/annual_swarm/maps/school_corridor.json
-- Up-to-date: /workspace/ros2_ws/install/annual_swarm/share/annual_swarm/maps/sample_corridor.json
-- Up-to-date: /workspace/ros2_ws/install/annual_swarm/share/annual_swarm/maps/unknown_map_arena.json
-- Up-to-date: /workspace/ros2_ws/install/annual_swarm/share/annual_swarm/maps/search_office.json
-- Up-to-date: /workspace/ros2_ws/install/annual_swarm/share/annual_swarm/maps/sample_warehouse.json
-- Up-to-date: /workspace/ros2_ws/install/annual_swarm/share/annual_swarm/maps/rrt_dual_channel_escape.json
-- Up-to-date: /workspace/ros2_ws/install/annual_swarm/share/annual_swarm/maps/open3d_redwood_fragment.json
-- Up-to-date: /workspace/ros2_ws/install/annual_swarm/share/annual_swarm/maps/sample_simple.json
-- Up-to-date: /workspace/ros2_ws/install/annual_swarm/share/annual_swarm/maps/laboratory.json
-- Up-to-date: /workspace/ros2_ws/install/annual_swarm/share/annual_swarm/maps/sample_open_office.json
-- Up-to-date: /workspace/ros2_ws/install/annual_swarm/share/annual_swarm/maps/sample_warehouse_edited.json
-- Up-to-date: /workspace/ros2_ws/install/annual_swarm/share/annual_swarm/maps/search_fusion_3d.json
-- Up-to-date: /workspace/ros2_ws/install/annual_swarm/share/annual_swarm/maps/sample_office.json
-- Up-to-date: /workspace/ros2_ws/install/annual_swarm/share/annual_swarm/maps/company_cubicles.json
-- Up-to-date: /workspace/ros2_ws/install/annual_swarm/share/annual_swarm/maps/meeting_room.json
-- Up-to-date: /workspace/ros2_ws/install/annual_swarm/share/annual_swarm/maps/search_maze.json
-- Up-to-date: /workspace/ros2_ws/install/annual_swarm/share/annual_swarm/maps/formation_maze_stress.json
-- Up-to-date: /workspace/ros2_ws/install/annual_swarm/share/annual_swarm/maps/search_todo_vertical.json
-- Up-to-date: /workspace/ros2_ws/install/annual_swarm/share/annual_swarm/maps/search_todo_remnants.json
-- Up-to-date: /workspace/ros2_ws/install/annual_swarm/share/annual_swarm/maps/search_todo_bottleneck.json
-- Up-to-date: /workspace/ros2_ws/install/annual_swarm/lib/annual_swarm/audit_fusion_run.py
-- Up-to-date: /workspace/ros2_ws/install/annual_swarm/lib/annual_swarm/audit_decentralized_run.py
-- Up-to-date: /workspace/ros2_ws/install/annual_swarm/lib/annual_swarm/localization_measurement_node.py
-- Up-to-date: /workspace/ros2_ws/install/annual_swarm/lib/annual_swarm/state_estimator_node.py
-- Up-to-date: /workspace/ros2_ws/install/annual_swarm/lib/annual_swarm/pointcloud_mapping_node.py
-- Up-to-date: /workspace/ros2_ws/install/annual_swarm/lib/annual_swarm/formation_node.py
-- Up-to-date: /workspace/ros2_ws/install/annual_swarm/lib/annual_swarm/metrics_node.py
-- Up-to-date: /workspace/ros2_ws/install/annual_swarm/lib/annual_swarm/smoke_test.py
-- Up-to-date: /workspace/ros2_ws/install/annual_swarm/lib/annual_swarm/planning_node.py
-- Up-to-date: /workspace/ros2_ws/install/annual_swarm/lib/annual_swarm/candidate_pool_node.py
-- Up-to-date: /workspace/ros2_ws/install/annual_swarm/lib/annual_swarm/dynamic_obstacle_node.py
-- Up-to-date: /workspace/ros2_ws/install/annual_swarm/lib/annual_swarm/validate_matrix.py
-- Up-to-date: /workspace/ros2_ws/install/annual_swarm/lib/annual_swarm/compare_recovery.py
-- Up-to-date: /workspace/ros2_ws/install/annual_swarm/lib/annual_swarm/record_decentralized_demo.py
-- Up-to-date: /workspace/ros2_ws/install/annual_swarm/lib/annual_swarm/decentralized_smoke.py
-- Installing: /workspace/ros2_ws/install/annual_swarm/lib/annual_swarm/decentralized_agent_node.py
-- Up-to-date: /workspace/ros2_ws/install/annual_swarm/lib/annual_swarm/view_executor_node.py
-- Up-to-date: /workspace/ros2_ws/install/annual_swarm/lib/annual_swarm/exploration_experiment_node.py
-- Up-to-date: /workspace/ros2_ws/install/annual_swarm/lib/annual_swarm/exploration_visualization_node.py
-- Up-to-date: /workspace/ros2_ws/install/annual_swarm/lib/annual_swarm/search_node.py
-- Up-to-date: /workspace/ros2_ws/install/annual_swarm/lib/annual_swarm/search_executor_node.py
-- Up-to-date: /workspace/ros2_ws/install/annual_swarm/lib/annual_swarm/search_smoke.py
-- Up-to-date: /workspace/ros2_ws/install/annual_swarm/lib/annual_swarm/compare_search.py
-- Up-to-date: /workspace/ros2_ws/install/annual_swarm/lib/annual_swarm/planning_runtime.py
-- Up-to-date: /workspace/ros2_ws/install/annual_swarm/lib/annual_swarm/candidate_runtime.py
-- Up-to-date: /workspace/ros2_ws/install/annual_swarm/lib/annual_swarm/exploration_palette.py
-- Up-to-date: /workspace/ros2_ws/install/annual_swarm/lib/annual_swarm/record_observation_evidence.py
-- Up-to-date: /workspace/ros2_ws/install/annual_swarm/lib/annual_swarm/run_todo_experiment.py
-- Up-to-date: /workspace/ros2_ws/install/annual_swarm/lib/annual_swarm/audit_todo_evidence.py
-- Up-to-date: /workspace/ros2_ws/install/annual_swarm/lib/annual_swarm/record_todo_demo.py
-- Up-to-date: /workspace/ros2_ws/install/annual_swarm/lib/annual_swarm/run_todo_study.py
-- Up-to-date: /workspace/ros2_ws/install/annual_swarm/lib/annual_swarm/prepare_todo_ablations.py
-- Up-to-date: /workspace/ros2_ws/install/annual_swarm/lib/annual_swarm/verify_todo_run.py
-- Up-to-date: /workspace/ros2_ws/install/annual_swarm/lib/annual_swarm/summarize_todo_study.py
-- Up-to-date: /workspace/ros2_ws/install/annual_swarm/lib/annual_swarm/experiment_processes.py
-- Up-to-date: /workspace/ros2_ws/install/annual_swarm/lib/annual_swarm/snapshot_map.py
-- Up-to-date: /workspace/ros2_ws/install/annual_swarm/lib/annual_swarm/audit_execution_protocol.py
-- Up-to-date: /workspace/ros2_ws/install/annual_swarm/lib/annual_swarm/audit_todo_attempt.py
-- Up-to-date: /workspace/ros2_ws/install/annual_swarm/lib/annual_swarm/legacy/core
-- Up-to-date: /workspace/ros2_ws/install/annual_swarm/lib/annual_swarm/legacy/core/drone.py
-- Up-to-date: /workspace/ros2_ws/install/annual_swarm/lib/annual_swarm/legacy/core/formation_clearance.py
-- Up-to-date: /workspace/ros2_ws/install/annual_swarm/lib/annual_swarm/legacy/core/obstacles.py
-- Up-to-date: /workspace/ros2_ws/install/annual_swarm/lib/annual_swarm/legacy/core/__init__.py
-- Up-to-date: /workspace/ros2_ws/install/annual_swarm/lib/annual_swarm/legacy/core/topology.py
-- Up-to-date: /workspace/ros2_ws/install/annual_swarm/lib/annual_swarm/legacy/core/drone_params.py
-- Up-to-date: /workspace/ros2_ws/install/annual_swarm/lib/annual_swarm/legacy/core/fault_detector.py
-- Up-to-date: /workspace/ros2_ws/install/annual_swarm/lib/annual_swarm/legacy/core/sensors.py
-- Up-to-date: /workspace/ros2_ws/install/annual_swarm/lib/annual_swarm/legacy/core/formation_adaptation.py
-- Up-to-date: /workspace/ros2_ws/install/annual_swarm/lib/annual_swarm/legacy/core/allocator.py
-- Up-to-date: /workspace/ros2_ws/install/annual_swarm/lib/annual_swarm/legacy/core/map_loader.py
-- Up-to-date: /workspace/ros2_ws/install/annual_swarm/lib/annual_swarm/legacy/core/formation_safety.py
-- Up-to-date: /workspace/ros2_ws/install/annual_swarm/lib/annual_swarm/legacy/core/controller.py
-- Up-to-date: /workspace/ros2_ws/install/annual_swarm/lib/annual_swarm/legacy/core/result_schema.py
-- Up-to-date: /workspace/ros2_ws/install/annual_swarm/lib/annual_swarm/legacy/core/safety_profiles.py
-- Up-to-date: /workspace/ros2_ws/install/annual_swarm/lib/annual_swarm/legacy/core/exploration
-- Up-to-date: /workspace/ros2_ws/install/annual_swarm/lib/annual_swarm/legacy/core/exploration/fusion.py
-- Up-to-date: /workspace/ros2_ws/install/annual_swarm/lib/annual_swarm/legacy/core/exploration/coordinator.py
-- Up-to-date: /workspace/ros2_ws/install/annual_swarm/lib/annual_swarm/legacy/core/exploration/__init__.py
-- Up-to-date: /workspace/ros2_ws/install/annual_swarm/lib/annual_swarm/legacy/core/exploration/voxel_mapping.py
-- Up-to-date: /workspace/ros2_ws/install/annual_swarm/lib/annual_swarm/legacy/core/exploration/decentralized.py
-- Up-to-date: /workspace/ros2_ws/install/annual_swarm/lib/annual_swarm/legacy/core/exploration/regions.py
-- Up-to-date: /workspace/ros2_ws/install/annual_swarm/lib/annual_swarm/legacy/core/exploration/pairwise.py
-- Up-to-date: /workspace/ros2_ws/install/annual_swarm/lib/annual_swarm/legacy/core/exploration/graph.py
-- Up-to-date: /workspace/ros2_ws/install/annual_swarm/lib/annual_swarm/legacy/core/exploration/allocation.py
-- Up-to-date: /workspace/ros2_ws/install/annual_swarm/lib/annual_swarm/legacy/core/exploration/sparse_graph.py
-- Up-to-date: /workspace/ros2_ws/install/annual_swarm/lib/annual_swarm/legacy/core/exploration/state_estimation.py
-- Up-to-date: /workspace/ros2_ws/install/annual_swarm/lib/annual_swarm/legacy/core/exploration/mapping.py
-- Up-to-date: /workspace/ros2_ws/install/annual_swarm/lib/annual_swarm/legacy/core/exploration/mrdtg.py
-- Up-to-date: /workspace/ros2_ws/install/annual_swarm/lib/annual_swarm/legacy/core/exploration/hierarchy.py
-- Up-to-date: /workspace/ros2_ws/install/annual_swarm/lib/annual_swarm/legacy/core/exploration/observation_completion.py
-- Up-to-date: /workspace/ros2_ws/install/annual_swarm/lib/annual_swarm/legacy/core/exploration/execution_identity.py
-- Up-to-date: /workspace/ros2_ws/install/annual_swarm/lib/annual_swarm/legacy/core/exploration/evidence_audit.py
-- Up-to-date: /workspace/ros2_ws/install/annual_swarm/lib/annual_swarm/legacy/core/exploration/planning_budget.py
-- Installing: /workspace/ros2_ws/install/annual_swarm/lib/annual_swarm/legacy/core/exploration/service_selection.py
-- Up-to-date: /workspace/ros2_ws/install/annual_swarm/lib/annual_swarm/legacy/core/exploration/team_evidence.py
-- Up-to-date: /workspace/ros2_ws/install/annual_swarm/lib/annual_swarm/legacy/core/exploration/timing_evidence.py
-- Up-to-date: /workspace/ros2_ws/install/annual_swarm/lib/annual_swarm/legacy/core/exploration/priority.py
-- Up-to-date: /workspace/ros2_ws/install/annual_swarm/lib/annual_swarm/legacy/core/exploration/service_windows.py
-- Up-to-date: /workspace/ros2_ws/install/annual_swarm/lib/annual_swarm/legacy/core/exploration/service_cost.py
-- Up-to-date: /workspace/ros2_ws/install/annual_swarm/lib/annual_swarm/legacy/core/artificial_potential_field.py
-- Up-to-date: /workspace/ros2_ws/install/annual_swarm/lib/annual_swarm/legacy/core/planning
-- Up-to-date: /workspace/ros2_ws/install/annual_swarm/lib/annual_swarm/legacy/core/planning/visibility_graph.py
-- Up-to-date: /workspace/ros2_ws/install/annual_swarm/lib/annual_swarm/legacy/core/planning/gnn_planner.py
-- Up-to-date: /workspace/ros2_ws/install/annual_swarm/lib/annual_swarm/legacy/core/planning/rrt_star.py
-- Up-to-date: /workspace/ros2_ws/install/annual_swarm/lib/annual_swarm/legacy/core/planning/dual_mode.py
-- Up-to-date: /workspace/ros2_ws/install/annual_swarm/lib/annual_swarm/legacy/core/planning/__init__.py
-- Up-to-date: /workspace/ros2_ws/install/annual_swarm/lib/annual_swarm/legacy/core/planning/new_plan.md
-- Up-to-date: /workspace/ros2_ws/install/annual_swarm/lib/annual_swarm/legacy/core/planning/hybrid_astar.py
-- Up-to-date: /workspace/ros2_ws/install/annual_swarm/lib/annual_swarm/legacy/core/planning/mpc_tracker.py
-- Up-to-date: /workspace/ros2_ws/install/annual_swarm/lib/annual_swarm/legacy/core/planning/replanner.py
-- Up-to-date: /workspace/ros2_ws/install/annual_swarm/lib/annual_swarm/legacy/core/planning/esdf.py
-- Up-to-date: /workspace/ros2_ws/install/annual_swarm/lib/annual_swarm/legacy/core/planning/dstar_lite.py
-- Up-to-date: /workspace/ros2_ws/install/annual_swarm/lib/annual_swarm/legacy/core/planning/path_quality.py
-- Up-to-date: /workspace/ros2_ws/install/annual_swarm/lib/annual_swarm/legacy/core/planning/firi.py
-- Up-to-date: /workspace/ros2_ws/install/annual_swarm/lib/annual_swarm/legacy/core/planning/dijkstra.py
-- Up-to-date: /workspace/ros2_ws/install/annual_swarm/lib/annual_swarm/legacy/core/planning/trajectory_optimizer.py
-- Up-to-date: /workspace/ros2_ws/install/annual_swarm/lib/annual_swarm/legacy/core/planning/informed_rrt_star.py
-- Up-to-date: /workspace/ros2_ws/install/annual_swarm/lib/annual_swarm/legacy/core/planning/voronoi_region.py
-- Up-to-date: /workspace/ros2_ws/install/annual_swarm/lib/annual_swarm/legacy/core/planning/base.py
-- Up-to-date: /workspace/ros2_ws/install/annual_swarm/lib/annual_swarm/legacy/core/planning/continuous_trajectory.py
-- Up-to-date: /workspace/ros2_ws/install/annual_swarm/lib/annual_swarm/legacy/core/planning/astar.py
-- Up-to-date: /workspace/ros2_ws/install/annual_swarm/lib/annual_swarm/legacy/core/planning/handoff_timing.py
-- Up-to-date: /workspace/ros2_ws/install/annual_swarm/lib/annual_swarm/legacy/core/planning/handoff.py
-- Up-to-date: /workspace/ros2_ws/install/annual_swarm/lib/annual_swarm/legacy/core/model_importer.py
-- Up-to-date: /workspace/ros2_ws/install/annual_swarm/lib/annual_swarm/legacy/core/wind_field.py
-- Up-to-date: /workspace/ros2_ws/install/annual_swarm/lib/annual_swarm/legacy/core/rotor.py
-- Up-to-date: /workspace/ros2_ws/install/annual_swarm/lib/annual_swarm/legacy/core/smc.py
-- Up-to-date: /workspace/ros2_ws/install/annual_swarm/lib/annual_swarm/legacy/core/risk_report.py
-- Up-to-date: /workspace/ros2_ws/install/annual_swarm/share/annual_swarm/launch/scene.py
-- Up-to-date: /workspace/ros2_ws/install/annual_swarm/share/annual_swarm/launch/exploration_palette.py
-- Up-to-date: /workspace/ros2_ws/install/annual_swarm/share/ament_index/resource_index/package_run_dependencies/annual_swarm
-- Up-to-date: /workspace/ros2_ws/install/annual_swarm/share/ament_index/resource_index/parent_prefix_path/annual_swarm
-- Up-to-date: /workspace/ros2_ws/install/annual_swarm/share/annual_swarm/environment/ament_prefix_path.sh
-- Up-to-date: /workspace/ros2_ws/install/annual_swarm/share/annual_swarm/environment/ament_prefix_path.dsv
-- Up-to-date: /workspace/ros2_ws/install/annual_swarm/share/annual_swarm/environment/path.sh
-- Up-to-date: /workspace/ros2_ws/install/annual_swarm/share/annual_swarm/environment/path.dsv
-- Up-to-date: /workspace/ros2_ws/install/annual_swarm/share/annual_swarm/local_setup.bash
-- Up-to-date: /workspace/ros2_ws/install/annual_swarm/share/annual_swarm/local_setup.sh
-- Up-to-date: /workspace/ros2_ws/install/annual_swarm/share/annual_swarm/local_setup.zsh
-- Up-to-date: /workspace/ros2_ws/install/annual_swarm/share/annual_swarm/local_setup.dsv
-- Installing: /workspace/ros2_ws/install/annual_swarm/share/annual_swarm/package.dsv
-- Up-to-date: /workspace/ros2_ws/install/annual_swarm/share/ament_index/resource_index/packages/annual_swarm
-- Up-to-date: /workspace/ros2_ws/install/annual_swarm/share/annual_swarm/cmake/annual_swarmConfig.cmake
-- Up-to-date: /workspace/ros2_ws/install/annual_swarm/share/annual_swarm/cmake/annual_swarmConfig-version.cmake
-- Up-to-date: /workspace/ros2_ws/install/annual_swarm/share/annual_swarm/package.xml
Finished <<< annual_swarm [0.09s]

Summary: 1 package finished [0.16s]
