{
  "passed": true,
  "errors": [],
  "handoffs": [
    {
      "token": "0:32545e8b:400003",
      "old_token": "0:32545e8b:400002",
      "authorized_at": 28.0,
      "continuity": {
        "position": 2.220446049250313e-16,
        "velocity": 8.99704593533875e-16,
        "acceleration": 3.759830553602424e-16,
        "yaw": 0.0,
        "yaw_rate": 0.0,
        "yaw_acceleration": 0.0
      },
      "executed_at": 31.103
    },
    {
      "token": "1:7adf1942:400009",
      "old_token": "1:7adf1942:400008",
      "authorized_at": 64.4,
      "continuity": {
        "position": 4.440892098500626e-16,
        "velocity": 9.002333230070863e-16,
        "acceleration": 1.9347852391722996e-15,
        "yaw": 0.0,
        "yaw_rate": 0.0,
        "yaw_acceleration": 0.0
      },
      "executed_at": 65.64
    }
  ],
  "gate_errors": []
}
