[INFO] [launch]: All log files can be found below /root/.ros/log/2026-10-05-12-24-58-465103-da744c5e5885-937
[INFO] [launch]: Default logging verbosity is set to INFO
[INFO] [parameter_bridge-1]: process started with pid [940]
[INFO] [localization_measurement_node.py-2]: process started with pid [941]
[INFO] [state_estimator_node.py-3]: process started with pid [942]
[INFO] [python3-4]: process started with pid [943]
[INFO] [decentralized_agent_node.py-5]: process started with pid [944]
[INFO] [view_executor_node.py-6]: process started with pid [945]
[INFO] [controller_node-7]: process started with pid [946]
[INFO] [localization_measurement_node.py-8]: process started with pid [947]
[INFO] [state_estimator_node.py-9]: process started with pid [948]
[INFO] [python3-10]: process started with pid [949]
[INFO] [decentralized_agent_node.py-11]: process started with pid [950]
[INFO] [view_executor_node.py-12]: process started with pid [951]
[INFO] [controller_node-13]: process started with pid [952]
[controller_node-7] [INFO] [1791203098.637703944] [drone_0.controller]: Controller: pid
[controller_node-13] [INFO] [1791203098.685574111] [drone_1.controller]: Controller: pid
[parameter_bridge-1] [INFO] [1791203099.766576903] [ros_gz_bridge]: Creating GZ->ROS Bridge: [/clock (gz.msgs.Clock) -> /clock (rosgraph_msgs/msg/Clock)] (Lazy 0)
[parameter_bridge-1] [INFO] [1791203099.770345612] [ros_gz_bridge]: Creating GZ->ROS Bridge: [/drone_0/lidar/points (gz.msgs.PointCloudPacked) -> /drone_0/lidar/points (sensor_msgs/msg/PointCloud2)] (Lazy 0)
[parameter_bridge-1] [INFO] [1791203099.778574153] [ros_gz_bridge]: Creating GZ->ROS Bridge: [/drone_0/odometry (gz.msgs.Odometry) -> /drone_0/odometry (nav_msgs/msg/Odometry)] (Lazy 0)
[parameter_bridge-1] [INFO] [1791203099.784783653] [ros_gz_bridge]: Creating GZ->ROS Bridge: [/drone_0/imu (gz.msgs.IMU) -> /drone_0/imu (sensor_msgs/msg/Imu)] (Lazy 0)
[parameter_bridge-1] [INFO] [1791203099.788069070] [ros_gz_bridge]: Creating GZ->ROS Bridge: [/drone_0/contacts (gz.msgs.Contacts) -> /drone_0/contacts (ros_gz_interfaces/msg/Contacts)] (Lazy 0)
[parameter_bridge-1] [INFO] [1791203099.801025278] [ros_gz_bridge]: Creating ROS->GZ Bridge: [/drone_0/command/motor_speed (actuator_msgs/msg/Actuators) -> /drone_0/command/motor_speed (gz.msgs.Actuators)] (Lazy 0)
[parameter_bridge-1] [INFO] [1791203099.803073153] [ros_gz_bridge]: Creating GZ->ROS Bridge: [/drone_1/lidar/points (gz.msgs.PointCloudPacked) -> /drone_1/lidar/points (sensor_msgs/msg/PointCloud2)] (Lazy 0)
[parameter_bridge-1] [INFO] [1791203099.805007028] [ros_gz_bridge]: Creating GZ->ROS Bridge: [/drone_1/odometry (gz.msgs.Odometry) -> /drone_1/odometry (nav_msgs/msg/Odometry)] (Lazy 0)
[parameter_bridge-1] [INFO] [1791203099.807881570] [ros_gz_bridge]: Creating GZ->ROS Bridge: [/drone_1/imu (gz.msgs.IMU) -> /drone_1/imu (sensor_msgs/msg/Imu)] (Lazy 0)
[parameter_bridge-1] [INFO] [1791203099.809343695] [ros_gz_bridge]: Creating GZ->ROS Bridge: [/drone_1/contacts (gz.msgs.Contacts) -> /drone_1/contacts (ros_gz_interfaces/msg/Contacts)] (Lazy 0)
[parameter_bridge-1] [INFO] [1791203099.810886237] [ros_gz_bridge]: Creating ROS->GZ Bridge: [/drone_1/command/motor_speed (actuator_msgs/msg/Actuators) -> /drone_1/command/motor_speed (gz.msgs.Actuators)] (Lazy 0)
[INFO] [gz-14]: process started with pid [1164]
[parameter_bridge-1] [INFO] [1791203109.266634283] [ros_gz_bridge]: Passing message from ROS actuator_msgs/msg/Actuators to Gazebo gz.msgs.Actuators (showing msg only once per type)
[WARNING] [launch]: user interrupted with ctrl-c (SIGINT)
[controller_node-13] [INFO] [1791203114.066300618] [rclcpp]: signal_handler(SIGINT/SIGTERM)
[INFO] [gz-14]: sending signal 'SIGINT' to process[gz-14]
[INFO] [controller_node-13]: sending signal 'SIGINT' to process[controller_node-13]
[INFO] [view_executor_node.py-12]: sending signal 'SIGINT' to process[view_executor_node.py-12]
[INFO] [decentralized_agent_node.py-11]: sending signal 'SIGINT' to process[decentralized_agent_node.py-11]
[INFO] [python3-10]: sending signal 'SIGINT' to process[python3-10]
[INFO] [state_estimator_node.py-9]: sending signal 'SIGINT' to process[state_estimator_node.py-9]
[ERROR] [controller_node-13]: process has died [pid 952, exit code -2, cmd '/workspace/ros2_ws/install/annual_swarm/lib/annual_swarm/controller_node --ros-args -r __ns:=/drone_1 --params-file /workspace/ros2_ws/install/annual_swarm/share/annual_swarm/config/flight.yaml --params-file /tmp/launch_params_bi5bbv4v --params-file /tmp/launch_params_itkml_3l -r odometry:=estimated_odometry'].
[INFO] [localization_measurement_node.py-8]: sending signal 'SIGINT' to process[localization_measurement_node.py-8]
[INFO] [controller_node-7]: sending signal 'SIGINT' to process[controller_node-7]
[INFO] [view_executor_node.py-6]: sending signal 'SIGINT' to process[view_executor_node.py-6]
[ERROR] [python3-10]: process has died [pid 949, exit code -2, cmd 'python3 /study/common_mapper.py --ros-args -r __ns:=/drone_1 -p use_sim_time:=true -p drone_id:=1 -p bounds:="[[-6.0, -6.0, 0.0], [6.0, 6.0, 3.0]]"'].
[ERROR] [state_estimator_node.py-9]: process has died [pid 948, exit code -2, cmd '/workspace/ros2_ws/install/annual_swarm/lib/annual_swarm/state_estimator_node.py --ros-args -r __ns:=/drone_1 --params-file /tmp/launch_params_mbdyx9p7 --params-file /tmp/launch_params_ftdjhihx'].
[INFO] [decentralized_agent_node.py-5]: sending signal 'SIGINT' to process[decentralized_agent_node.py-5]
[ERROR] [controller_node-7]: process has died [pid 946, exit code -2, cmd '/workspace/ros2_ws/install/annual_swarm/lib/annual_swarm/controller_node --ros-args -r __ns:=/drone_0 --params-file /workspace/ros2_ws/install/annual_swarm/share/annual_swarm/config/flight.yaml --params-file /tmp/launch_params_j1jztbmk --params-file /tmp/launch_params_bpf2v6ml -r odometry:=estimated_odometry'].
[ERROR] [localization_measurement_node.py-8]: process has died [pid 947, exit code -2, cmd '/workspace/ros2_ws/install/annual_swarm/lib/annual_swarm/localization_measurement_node.py --ros-args -r __ns:=/drone_1 --params-file /tmp/launch_params_g87uckyh --params-file /tmp/launch_params_7g4l13cb'].
[INFO] [python3-4]: sending signal 'SIGINT' to process[python3-4]
[INFO] [state_estimator_node.py-3]: sending signal 'SIGINT' to process[state_estimator_node.py-3]
[ERROR] [view_executor_node.py-6]: process has died [pid 945, exit code -2, cmd '/workspace/ros2_ws/install/annual_swarm/lib/annual_swarm/view_executor_node.py --ros-args -r __ns:=/drone_0 --params-file /tmp/launch_params_v53krm7c --params-file /tmp/launch_params_eaax_hm5 -r target:=native_target -r trajectory_target:=native_trajectory_target'].
[INFO] [localization_measurement_node.py-2]: sending signal 'SIGINT' to process[localization_measurement_node.py-2]
[INFO] [parameter_bridge-1]: sending signal 'SIGINT' to process[parameter_bridge-1]
[parameter_bridge-1] [INFO] [1791203114.067010577] [rclcpp]: signal_handler(SIGINT/SIGTERM)
[controller_node-7] [INFO] [1791203114.067619327] [rclcpp]: signal_handler(SIGINT/SIGTERM)
[state_estimator_node.py-3] Traceback (most recent call last):
[state_estimator_node.py-3]   File "/workspace/ros2_ws/install/annual_swarm/lib/annual_swarm/state_estimator_node.py", line 68, in <module>
[state_estimator_node.py-3]     if __name__ == '__main__':main()
[state_estimator_node.py-3]                               ^^^^^^
[state_estimator_node.py-3]   File "/workspace/ros2_ws/install/annual_swarm/lib/annual_swarm/state_estimator_node.py", line 62, in main
[state_estimator_node.py-3]     try:rclpy.spin(node)
[state_estimator_node.py-3]         ^^^^^^^^^^^^^^^^
[state_estimator_node.py-3]   File "/opt/ros/jazzy/lib/python3.12/site-packages/rclpy/__init__.py", line 247, in spin
[ERROR] [python3-4]: process has died [pid 943, exit code -2, cmd 'python3 /study/common_mapper.py --ros-args -r __ns:=/drone_0 -p use_sim_time:=true -p drone_id:=0 -p bounds:="[[-6.0, -6.0, 0.0], [6.0, 6.0, 3.0]]"'].
[state_estimator_node.py-3]     executor.spin_once()
[state_estimator_node.py-3]   File "/opt/ros/jazzy/lib/python3.12/site-packages/rclpy/executors.py", line 926, in spin_once
[state_estimator_node.py-3]     self._spin_once_impl(timeout_sec)
[state_estimator_node.py-3]   File "/opt/ros/jazzy/lib/python3.12/site-packages/rclpy/executors.py", line 918, in _spin_once_impl
[state_estimator_node.py-3]     raise handler.exception()
[state_estimator_node.py-3]   File "/opt/ros/jazzy/lib/python3.12/site-packages/rclpy/task.py", line 286, in _execute_coroutine_step
[state_estimator_node.py-3]     result = coro.send(None)
[state_estimator_node.py-3]              ^^^^^^^^^^^^^^^
[state_estimator_node.py-3]   File "/opt/ros/jazzy/lib/python3.12/site-packages/rclpy/executors.py", line 584, in handler
[state_estimator_node.py-3]     call_coroutine = take_from_wait_list(entity)
[state_estimator_node.py-3]                      ^^^^^^^^^^^^^^^^^^^^^^^^^^^
[state_estimator_node.py-3]   File "/opt/ros/jazzy/lib/python3.12/site-packages/rclpy/executors.py", line 470, in _take_subscription
[state_estimator_node.py-3]     msg_info = sub.handle.take_message(sub.msg_type, sub.raw)
[state_estimator_node.py-3]                ^^^^^^^^^^^^^^^^^^^^^^^^^^^^^^^^^^^^^^^^^^^^^^
[state_estimator_node.py-3] RuntimeError: Unable to convert call argument '0' to Python object (#define PYBIND11_DETAILED_ERROR_MESSAGES or compile in debug mode for details)
[ERROR] [localization_measurement_node.py-2]: process has died [pid 941, exit code -2, cmd '/workspace/ros2_ws/install/annual_swarm/lib/annual_swarm/localization_measurement_node.py --ros-args -r __ns:=/drone_0 --params-file /tmp/launch_params_fm3b06tj --params-file /tmp/launch_params_ge0faeg6'].
[ERROR] [state_estimator_node.py-3]: process has died [pid 942, exit code -2, cmd '/workspace/ros2_ws/install/annual_swarm/lib/annual_swarm/state_estimator_node.py --ros-args -r __ns:=/drone_0 --params-file /tmp/launch_params__k__160q --params-file /tmp/launch_params_dt5_oq5d'].
[ERROR] [decentralized_agent_node.py-5]: process has died [pid 944, exit code -2, cmd '/workspace/ros2_ws/install/annual_swarm/lib/annual_swarm/decentralized_agent_node.py --ros-args -r __ns:=/drone_0 --params-file /workspace/ros2_ws/install/annual_swarm/share/annual_swarm/config/exploration_priority.yaml --params-file /tmp/launch_params_fg6__uuq --params-file /tmp/launch_params_h4qi8k0y'].
[view_executor_node.py-12] Traceback (most recent call last):
[view_executor_node.py-12]   File "/workspace/ros2_ws/install/annual_swarm/lib/annual_swarm/view_executor_node.py", line 241, in <module>
[view_executor_node.py-12]     main()
[view_executor_node.py-12]   File "/workspace/ros2_ws/install/annual_swarm/lib/annual_swarm/view_executor_node.py", line 236, in main
[view_executor_node.py-12]     node.destroy_node()
[view_executor_node.py-12]   File "/opt/ros/jazzy/lib/python3.12/site-packages/rclpy/node.py", line 1968, in destroy_node
[view_executor_node.py-12]     self.__node.destroy_when_not_in_use()
[view_executor_node.py-12] KeyboardInterrupt
[decentralized_agent_node.py-11] Traceback (most recent call last):
[decentralized_agent_node.py-11]   File "/workspace/ros2_ws/install/annual_swarm/lib/annual_swarm/decentralized_agent_node.py", line 904, in <module>
[decentralized_agent_node.py-11]     main()
[decentralized_agent_node.py-11]   File "/workspace/ros2_ws/install/annual_swarm/lib/annual_swarm/decentralized_agent_node.py", line 899, in main
[decentralized_agent_node.py-11]     node.log.close(); node.paths.close(); node.destroy_node()
[decentralized_agent_node.py-11]                                           ^^^^^^^^^^^^^^^^^^^
[decentralized_agent_node.py-11]   File "/opt/ros/jazzy/lib/python3.12/site-packages/rclpy/node.py", line 1968, in destroy_node
[decentralized_agent_node.py-11]     self.__node.destroy_when_not_in_use()
[decentralized_agent_node.py-11] KeyboardInterrupt
[parameter_bridge-1] [INFO] [1791203114.127583160] [rclcpp]: signal_handler(SIGINT/SIGTERM)
[ERROR] [decentralized_agent_node.py-11]: process has died [pid 950, exit code -2, cmd '/workspace/ros2_ws/install/annual_swarm/lib/annual_swarm/decentralized_agent_node.py --ros-args -r __ns:=/drone_1 --params-file /workspace/ros2_ws/install/annual_swarm/share/annual_swarm/config/exploration_priority.yaml --params-file /tmp/launch_params_yqc5bnf1 --params-file /tmp/launch_params_tx1mv3lg'].
[INFO] [gz-14]: process has finished cleanly [pid 1164]
[INFO] [parameter_bridge-1]: process has finished cleanly [pid 940]
[ERROR] [view_executor_node.py-12]: process has died [pid 951, exit code -2, cmd '/workspace/ros2_ws/install/annual_swarm/lib/annual_swarm/view_executor_node.py --ros-args -r __ns:=/drone_1 --params-file /tmp/launch_params_fjs5v1uv --params-file /tmp/launch_params_g_q6oykk -r target:=native_target -r trajectory_target:=native_trajectory_target'].
