[INFO] [launch]: All log files can be found below /root/.ros/log/2026-09-28-14-50-08-390085-colima-annual-fusion-2360
[INFO] [launch]: Default logging verbosity is set to INFO
[INFO] [parameter_bridge-1]: process started with pid [2363]
[INFO] [localization_measurement_node.py-2]: process started with pid [2364]
[INFO] [state_estimator_node.py-3]: process started with pid [2365]
[INFO] [python3-4]: process started with pid [2366]
[INFO] [controller_node-5]: process started with pid [2367]
[INFO] [localization_measurement_node.py-6]: process started with pid [2368]
[INFO] [state_estimator_node.py-7]: process started with pid [2369]
[INFO] [python3-8]: process started with pid [2370]
[INFO] [controller_node-9]: process started with pid [2371]
[controller_node-5] [INFO] [1790607008.501974719] [drone_0.controller]: Controller: pid
[controller_node-9] [INFO] [1790607008.573863771] [drone_1.controller]: Controller: pid
[parameter_bridge-1] [INFO] [1790607009.611216147] [ros_gz_bridge]: Creating GZ->ROS Bridge: [/clock (gz.msgs.Clock) -> /clock (rosgraph_msgs/msg/Clock)] (Lazy 0)
[parameter_bridge-1] [INFO] [1790607009.612375476] [ros_gz_bridge]: Creating GZ->ROS Bridge: [/drone_0/lidar/points (gz.msgs.PointCloudPacked) -> /drone_0/lidar/points (sensor_msgs/msg/PointCloud2)] (Lazy 0)
[parameter_bridge-1] [INFO] [1790607009.614063987] [ros_gz_bridge]: Creating GZ->ROS Bridge: [/drone_0/odometry (gz.msgs.Odometry) -> /drone_0/odometry (nav_msgs/msg/Odometry)] (Lazy 0)
[parameter_bridge-1] [INFO] [1790607009.615040308] [ros_gz_bridge]: Creating GZ->ROS Bridge: [/drone_0/imu (gz.msgs.IMU) -> /drone_0/imu (sensor_msgs/msg/Imu)] (Lazy 0)
[parameter_bridge-1] [INFO] [1790607009.615292142] [ros_gz_bridge]: Creating GZ->ROS Bridge: [/drone_0/contacts (gz.msgs.Contacts) -> /drone_0/contacts (ros_gz_interfaces/msg/Contacts)] (Lazy 0)
[parameter_bridge-1] [INFO] [1790607009.616210393] [ros_gz_bridge]: Creating ROS->GZ Bridge: [/drone_0/command/motor_speed (actuator_msgs/msg/Actuators) -> /drone_0/command/motor_speed (gz.msgs.Actuators)] (Lazy 0)
[parameter_bridge-1] [INFO] [1790607009.616869430] [ros_gz_bridge]: Creating GZ->ROS Bridge: [/drone_1/lidar/points (gz.msgs.PointCloudPacked) -> /drone_1/lidar/points (sensor_msgs/msg/PointCloud2)] (Lazy 0)
[parameter_bridge-1] [INFO] [1790607009.617039641] [ros_gz_bridge]: Creating GZ->ROS Bridge: [/drone_1/odometry (gz.msgs.Odometry) -> /drone_1/odometry (nav_msgs/msg/Odometry)] (Lazy 0)
[parameter_bridge-1] [INFO] [1790607009.617184254] [ros_gz_bridge]: Creating GZ->ROS Bridge: [/drone_1/imu (gz.msgs.IMU) -> /drone_1/imu (sensor_msgs/msg/Imu)] (Lazy 0)
[parameter_bridge-1] [INFO] [1790607009.617336330] [ros_gz_bridge]: Creating GZ->ROS Bridge: [/drone_1/contacts (gz.msgs.Contacts) -> /drone_1/contacts (ros_gz_interfaces/msg/Contacts)] (Lazy 0)
[parameter_bridge-1] [INFO] [1790607009.617509709] [ros_gz_bridge]: Creating ROS->GZ Bridge: [/drone_1/command/motor_speed (actuator_msgs/msg/Actuators) -> /drone_1/command/motor_speed (gz.msgs.Actuators)] (Lazy 0)
[INFO] [gz-10]: process started with pid [2521]
[parameter_bridge-1] [INFO] [1790607018.560757394] [ros_gz_bridge]: Passing message from ROS actuator_msgs/msg/Actuators to Gazebo gz.msgs.Actuators (showing msg only once per type)
[WARNING] [launch]: user interrupted with ctrl-c (SIGINT)
[INFO] [gz-10]: sending signal 'SIGINT' to process[gz-10]
[INFO] [controller_node-9]: sending signal 'SIGINT' to process[controller_node-9]
[INFO] [python3-8]: sending signal 'SIGINT' to process[python3-8]
[INFO] [state_estimator_node.py-7]: sending signal 'SIGINT' to process[state_estimator_node.py-7]
[INFO] [localization_measurement_node.py-6]: sending signal 'SIGINT' to process[localization_measurement_node.py-6]
[INFO] [controller_node-5]: sending signal 'SIGINT' to process[controller_node-5]
[INFO] [python3-4]: sending signal 'SIGINT' to process[python3-4]
[INFO] [state_estimator_node.py-3]: sending signal 'SIGINT' to process[state_estimator_node.py-3]
[INFO] [localization_measurement_node.py-2]: sending signal 'SIGINT' to process[localization_measurement_node.py-2]
[INFO] [parameter_bridge-1]: sending signal 'SIGINT' to process[parameter_bridge-1]
[ERROR] [python3-4]: process has died [pid 2366, exit code -2, cmd 'python3 /comparison/common_mapper.py --ros-args -r __ns:=/drone_0 -p use_sim_time:=true -p drone_id:=0 -p bounds:="[[-6.0, -6.0, 0.0], [6.0, 6.0, 3.0]]"'].
[parameter_bridge-1] [INFO] [1790607070.797267246] [rclcpp]: signal_handler(SIGINT/SIGTERM)
[ERROR] [localization_measurement_node.py-6]: process has died [pid 2368, exit code -2, cmd '/workspace/ros2_ws/install/annual_swarm/lib/annual_swarm/localization_measurement_node.py --ros-args -r __ns:=/drone_1 --params-file /tmp/launch_params_7sv0_byw --params-file /tmp/launch_params_xkryb5e5'].
[controller_node-5] [INFO] [1790607070.797828402] [rclcpp]: signal_handler(SIGINT/SIGTERM)
[controller_node-9] [INFO] [1790607070.802980518] [rclcpp]: signal_handler(SIGINT/SIGTERM)
[ERROR] [localization_measurement_node.py-2]: process has died [pid 2364, exit code -2, cmd '/workspace/ros2_ws/install/annual_swarm/lib/annual_swarm/localization_measurement_node.py --ros-args -r __ns:=/drone_0 --params-file /tmp/launch_params_aj2bzgt7 --params-file /tmp/launch_params_wzd2jwrw'].
[controller_node-9] [INFO] [1790607070.811180366] [rclcpp]: signal_handler(SIGINT/SIGTERM)
[python3-8] Traceback (most recent call last):
[python3-8]   File "/comparison/common_mapper.py", line 117, in <module>
[ERROR] [state_estimator_node.py-3]: process has died [pid 2365, exit code -2, cmd '/workspace/ros2_ws/install/annual_swarm/lib/annual_swarm/state_estimator_node.py --ros-args -r __ns:=/drone_0 --params-file /tmp/launch_params_hq9xqd_r --params-file /tmp/launch_params_rnwnebkg'].
[python3-8]     main()
[python3-8]   File "/comparison/common_mapper.py", line 113, in main
[python3-8]     node.destroy_node()
[python3-8]   File "/opt/ros/jazzy/lib/python3.12/site-packages/rclpy/node.py", line 1962, in destroy_node
[python3-8]     self.destroy_service(self._services[0])
[python3-8]   File "/opt/ros/jazzy/lib/python3.12/site-packages/rclpy/node.py", line 1886, in destroy_service
[python3-8]     service.destroy()
[python3-8]   File "/opt/ros/jazzy/lib/python3.12/site-packages/rclpy/service.py", line 123, in destroy
[python3-8]     self.__service.destroy_when_not_in_use()
[python3-8] KeyboardInterrupt
[controller_node-5] [INFO] [1790607070.822871584] [rclcpp]: signal_handler(SIGINT/SIGTERM)
[state_estimator_node.py-7] Traceback (most recent call last):
[state_estimator_node.py-7]   File "/workspace/ros2_ws/install/annual_swarm/lib/annual_swarm/state_estimator_node.py", line 68, in <module>
[parameter_bridge-1] [INFO] [1790607070.832013527] [rclcpp]: signal_handler(SIGINT/SIGTERM)
[state_estimator_node.py-7]     if __name__ == '__main__':main()
[state_estimator_node.py-7]                               ^^^^^^
[state_estimator_node.py-7]   File "/workspace/ros2_ws/install/annual_swarm/lib/annual_swarm/state_estimator_node.py", line 65, in main
[state_estimator_node.py-7]     node.destroy_node()
[state_estimator_node.py-7]   File "/opt/ros/jazzy/lib/python3.12/site-packages/rclpy/node.py", line 1968, in destroy_node
[state_estimator_node.py-7]     self.__node.destroy_when_not_in_use()
[state_estimator_node.py-7] KeyboardInterrupt
[INFO] [gz-10]: process has finished cleanly [pid 2521]
[ERROR] [python3-8]: process has died [pid 2370, exit code -2, cmd 'python3 /comparison/common_mapper.py --ros-args -r __ns:=/drone_1 -p use_sim_time:=true -p drone_id:=1 -p bounds:="[[-6.0, -6.0, 0.0], [6.0, 6.0, 3.0]]"'].
[ERROR] [state_estimator_node.py-7]: process has died [pid 2369, exit code -2, cmd '/workspace/ros2_ws/install/annual_swarm/lib/annual_swarm/state_estimator_node.py --ros-args -r __ns:=/drone_1 --params-file /tmp/launch_params_zzpg0dox --params-file /tmp/launch_params__8rivv3k'].
[INFO] [controller_node-5]: process has finished cleanly [pid 2367]
[INFO] [parameter_bridge-1]: process has finished cleanly [pid 2363]
[INFO] [controller_node-9]: process has finished cleanly [pid 2371]
