[INFO] [launch]: All log files can be found below /root/.ros/log/2026-10-06-07-29-14-613310-92b10a9d71cc-1785
[INFO] [launch]: Default logging verbosity is set to INFO
[INFO] [parameter_bridge-1]: process started with pid [1788]
[INFO] [localization_measurement_node.py-2]: process started with pid [1789]
[INFO] [state_estimator_node.py-3]: process started with pid [1790]
[INFO] [python3-4]: process started with pid [1791]
[INFO] [decentralized_agent_node.py-5]: process started with pid [1792]
[INFO] [view_executor_node.py-6]: process started with pid [1793]
[INFO] [controller_node-7]: process started with pid [1794]
[INFO] [localization_measurement_node.py-8]: process started with pid [1795]
[INFO] [state_estimator_node.py-9]: process started with pid [1796]
[INFO] [python3-10]: process started with pid [1797]
[INFO] [decentralized_agent_node.py-11]: process started with pid [1798]
[INFO] [view_executor_node.py-12]: process started with pid [1801]
[INFO] [controller_node-13]: process started with pid [1802]
[controller_node-7] [INFO] [1791271754.770204572] [drone_0.controller]: Controller: pid
[controller_node-13] [INFO] [1791271754.878629591] [drone_1.controller]: Controller: pid
[parameter_bridge-1] Couldn't find a preferred IP via the getifaddrs() call; I'm assuming that your IP address is 127.0.0.1.  This should work for local processes, but will almost certainly not work if you have remote processes.Report to the disc-zmq development team to seek a fix.
[parameter_bridge-1] Couldn't find a preferred IP via the getifaddrs() call; I'm assuming that your IP address is 127.0.0.1.  This should work for local processes, but will almost certainly not work if you have remote processes.Report to the disc-zmq development team to seek a fix.
[parameter_bridge-1] Couldn't find a preferred IP via the getifaddrs() call; I'm assuming that your IP address is 127.0.0.1.  This should work for local processes, but will almost certainly not work if you have remote processes.Report to the disc-zmq development team to seek a fix.
[parameter_bridge-1] Couldn't find a preferred IP via the getifaddrs() call; I'm assuming that your IP address is 127.0.0.1.  This should work for local processes, but will almost certainly not work if you have remote processes.Report to the disc-zmq development team to seek a fix.
[parameter_bridge-1] [INFO] [1791271755.924494554] [ros_gz_bridge]: Creating GZ->ROS Bridge: [/clock (gz.msgs.Clock) -> /clock (rosgraph_msgs/msg/Clock)] (Lazy 0)
[parameter_bridge-1] [INFO] [1791271755.925266148] [ros_gz_bridge]: Creating GZ->ROS Bridge: [/drone_0/lidar/points (gz.msgs.PointCloudPacked) -> /drone_0/lidar/points (sensor_msgs/msg/PointCloud2)] (Lazy 0)
[parameter_bridge-1] [INFO] [1791271755.926432523] [ros_gz_bridge]: Creating GZ->ROS Bridge: [/drone_0/odometry (gz.msgs.Odometry) -> /drone_0/odometry (nav_msgs/msg/Odometry)] (Lazy 0)
[parameter_bridge-1] [INFO] [1791271755.934398712] [ros_gz_bridge]: Creating GZ->ROS Bridge: [/drone_0/imu (gz.msgs.IMU) -> /drone_0/imu (sensor_msgs/msg/Imu)] (Lazy 0)
[parameter_bridge-1] [INFO] [1791271755.934673391] [ros_gz_bridge]: Creating GZ->ROS Bridge: [/drone_0/contacts (gz.msgs.Contacts) -> /drone_0/contacts (ros_gz_interfaces/msg/Contacts)] (Lazy 0)
[parameter_bridge-1] [INFO] [1791271755.935427601] [ros_gz_bridge]: Creating ROS->GZ Bridge: [/drone_0/command/motor_speed (actuator_msgs/msg/Actuators) -> /drone_0/command/motor_speed (gz.msgs.Actuators)] (Lazy 0)
[parameter_bridge-1] [INFO] [1791271755.947232084] [ros_gz_bridge]: Creating GZ->ROS Bridge: [/drone_1/lidar/points (gz.msgs.PointCloudPacked) -> /drone_1/lidar/points (sensor_msgs/msg/PointCloud2)] (Lazy 0)
[parameter_bridge-1] [INFO] [1791271755.947410715] [ros_gz_bridge]: Creating GZ->ROS Bridge: [/drone_1/odometry (gz.msgs.Odometry) -> /drone_1/odometry (nav_msgs/msg/Odometry)] (Lazy 0)
[parameter_bridge-1] [INFO] [1791271755.947527523] [ros_gz_bridge]: Creating GZ->ROS Bridge: [/drone_1/imu (gz.msgs.IMU) -> /drone_1/imu (sensor_msgs/msg/Imu)] (Lazy 0)
[parameter_bridge-1] [INFO] [1791271755.947616234] [ros_gz_bridge]: Creating GZ->ROS Bridge: [/drone_1/contacts (gz.msgs.Contacts) -> /drone_1/contacts (ros_gz_interfaces/msg/Contacts)] (Lazy 0)
[parameter_bridge-1] [INFO] [1791271755.947700943] [ros_gz_bridge]: Creating ROS->GZ Bridge: [/drone_1/command/motor_speed (actuator_msgs/msg/Actuators) -> /drone_1/command/motor_speed (gz.msgs.Actuators)] (Lazy 0)
[INFO] [gz-14]: process started with pid [2012]
[gz-14] Couldn't find a preferred IP via the getifaddrs() call; I'm assuming that your IP address is 127.0.0.1.  This should work for local processes, but will almost certainly not work if you have remote processes.Report to the disc-zmq development team to seek a fix.
[gz-14] Couldn't find a preferred IP via the getifaddrs() call; I'm assuming that your IP address is 127.0.0.1.  This should work for local processes, but will almost certainly not work if you have remote processes.Report to the disc-zmq development team to seek a fix.
[gz-14] Couldn't find a preferred IP via the getifaddrs() call; I'm assuming that your IP address is 127.0.0.1.  This should work for local processes, but will almost certainly not work if you have remote processes.Report to the disc-zmq development team to seek a fix.
[gz-14] Couldn't find a preferred IP via the getifaddrs() call; I'm assuming that your IP address is 127.0.0.1.  This should work for local processes, but will almost certainly not work if you have remote processes.Report to the disc-zmq development team to seek a fix.
[parameter_bridge-1] [INFO] [1791271764.932768728] [ros_gz_bridge]: Passing message from ROS actuator_msgs/msg/Actuators to Gazebo gz.msgs.Actuators (showing msg only once per type)
[WARNING] [launch]: user interrupted with ctrl-c (SIGINT)
[controller_node-13] [INFO] [1791271905.919946613] [rclcpp]: signal_handler(SIGINT/SIGTERM)
[INFO] [gz-14]: sending signal 'SIGINT' to process[gz-14]
[INFO] [controller_node-13]: sending signal 'SIGINT' to process[controller_node-13]
[INFO] [view_executor_node.py-12]: sending signal 'SIGINT' to process[view_executor_node.py-12]
[INFO] [decentralized_agent_node.py-11]: sending signal 'SIGINT' to process[decentralized_agent_node.py-11]
[INFO] [python3-10]: sending signal 'SIGINT' to process[python3-10]
[INFO] [state_estimator_node.py-9]: sending signal 'SIGINT' to process[state_estimator_node.py-9]
[INFO] [localization_measurement_node.py-8]: sending signal 'SIGINT' to process[localization_measurement_node.py-8]
[INFO] [controller_node-7]: sending signal 'SIGINT' to process[controller_node-7]
[ERROR] [python3-10]: process has died [pid 1797, exit code -2, cmd 'python3 /study/common_mapper.py --ros-args -r __ns:=/drone_1 -p use_sim_time:=true -p drone_id:=1 -p bounds:="[[-6.0, -6.0, 0.0], [6.0, 6.0, 3.0]]"'].
[ERROR] [state_estimator_node.py-9]: process has died [pid 1796, exit code -2, cmd '/workspace/ros2_ws/install/annual_swarm/lib/annual_swarm/state_estimator_node.py --ros-args -r __ns:=/drone_1 --params-file /tmp/launch_params_ni2vv9jk --params-file /tmp/launch_params_pdw0ntiq'].
[INFO] [view_executor_node.py-6]: sending signal 'SIGINT' to process[view_executor_node.py-6]
[ERROR] [controller_node-7]: process has died [pid 1794, exit code -2, cmd '/workspace/ros2_ws/install/annual_swarm/lib/annual_swarm/controller_node --ros-args -r __ns:=/drone_0 --params-file /workspace/ros2_ws/install/annual_swarm/share/annual_swarm/config/flight.yaml --params-file /tmp/launch_params_xf8419d9 --params-file /tmp/launch_params_q6fyfmfv -r odometry:=estimated_odometry'].
[ERROR] [localization_measurement_node.py-8]: process has died [pid 1795, exit code -2, cmd '/workspace/ros2_ws/install/annual_swarm/lib/annual_swarm/localization_measurement_node.py --ros-args -r __ns:=/drone_1 --params-file /tmp/launch_params_fqeukqn8 --params-file /tmp/launch_params_9blq58rw'].
[INFO] [decentralized_agent_node.py-5]: sending signal 'SIGINT' to process[decentralized_agent_node.py-5]
[INFO] [python3-4]: sending signal 'SIGINT' to process[python3-4]
[INFO] [state_estimator_node.py-3]: sending signal 'SIGINT' to process[state_estimator_node.py-3]
[INFO] [localization_measurement_node.py-2]: sending signal 'SIGINT' to process[localization_measurement_node.py-2]
[ERROR] [view_executor_node.py-6]: process has died [pid 1793, exit code -2, cmd '/workspace/ros2_ws/install/annual_swarm/lib/annual_swarm/view_executor_node.py --ros-args -r __ns:=/drone_0 --params-file /tmp/launch_params_4l66ur16 --params-file /tmp/launch_params_gxx4lxmz -r target:=native_target -r trajectory_target:=native_trajectory_target'].
[INFO] [parameter_bridge-1]: sending signal 'SIGINT' to process[parameter_bridge-1]
[ERROR] [decentralized_agent_node.py-5]: process has died [pid 1792, exit code -2, cmd '/workspace/ros2_ws/install/annual_swarm/lib/annual_swarm/decentralized_agent_node.py --ros-args -r __ns:=/drone_0 --params-file /workspace/ros2_ws/install/annual_swarm/share/annual_swarm/config/exploration_priority.yaml --params-file /tmp/launch_params_r9y0k7qh --params-file /tmp/launch_params_4mw7auo2'].
[ERROR] [python3-4]: process has died [pid 1791, exit code -2, cmd 'python3 /study/common_mapper.py --ros-args -r __ns:=/drone_0 -p use_sim_time:=true -p drone_id:=0 -p bounds:="[[-6.0, -6.0, 0.0], [6.0, 6.0, 3.0]]"'].
[ERROR] [state_estimator_node.py-3]: process has died [pid 1790, exit code -2, cmd '/workspace/ros2_ws/install/annual_swarm/lib/annual_swarm/state_estimator_node.py --ros-args -r __ns:=/drone_0 --params-file /tmp/launch_params_w0mdgmsh --params-file /tmp/launch_params_6nu7m5_w'].
[ERROR] [localization_measurement_node.py-2]: process has died [pid 1789, exit code -2, cmd '/workspace/ros2_ws/install/annual_swarm/lib/annual_swarm/localization_measurement_node.py --ros-args -r __ns:=/drone_0 --params-file /tmp/launch_params_ee_i4cg4 --params-file /tmp/launch_params_qgha1s8r'].
[controller_node-7] [INFO] [1791271905.922760936] [rclcpp]: signal_handler(SIGINT/SIGTERM)
[decentralized_agent_node.py-11] Process SpawnProcess-1:
[parameter_bridge-1] [INFO] [1791271905.924774609] [rclcpp]: signal_handler(SIGINT/SIGTERM)
[decentralized_agent_node.py-5] Process SpawnProcess-1:
[decentralized_agent_node.py-5] Traceback (most recent call last):
[decentralized_agent_node.py-5]   File "/usr/lib/python3.12/multiprocessing/process.py", line 314, in _bootstrap
[decentralized_agent_node.py-5]     self.run()
[decentralized_agent_node.py-5]   File "/usr/lib/python3.12/multiprocessing/process.py", line 108, in run
[decentralized_agent_node.py-5]     self._target(*self._args, **self._kwargs)
[decentralized_agent_node.py-5]   File "/usr/lib/python3.12/concurrent/futures/process.py", line 251, in _process_worker
[decentralized_agent_node.py-5]     call_item = call_queue.get(block=True)
[decentralized_agent_node.py-5]                 ^^^^^^^^^^^^^^^^^^^^^^^^^^
[decentralized_agent_node.py-5]   File "/usr/lib/python3.12/multiprocessing/queues.py", line 103, in get
[decentralized_agent_node.py-5]     res = self._recv_bytes()
[decentralized_agent_node.py-5]           ^^^^^^^^^^^^^^^^^^
[decentralized_agent_node.py-5]   File "/usr/lib/python3.12/multiprocessing/connection.py", line 216, in recv_bytes
[decentralized_agent_node.py-5]     buf = self._recv_bytes(maxlength)
[decentralized_agent_node.py-5]           ^^^^^^^^^^^^^^^^^^^^^^^^^^^
[decentralized_agent_node.py-5]   File "/usr/lib/python3.12/multiprocessing/connection.py", line 430, in _recv_bytes
[decentralized_agent_node.py-5]     buf = self._recv(4)
[decentralized_agent_node.py-5]           ^^^^^^^^^^^^^
[decentralized_agent_node.py-5]   File "/usr/lib/python3.12/multiprocessing/connection.py", line 395, in _recv
[decentralized_agent_node.py-5]     chunk = read(handle, remaining)
[decentralized_agent_node.py-5]             ^^^^^^^^^^^^^^^^^^^^^^^
[decentralized_agent_node.py-5] KeyboardInterrupt
[controller_node-13] [INFO] [1791271905.977859430] [rclcpp]: signal_handler(SIGINT/SIGTERM)
[view_executor_node.py-12] Traceback (most recent call last):
[view_executor_node.py-12]   File "/workspace/ros2_ws/install/annual_swarm/lib/annual_swarm/view_executor_node.py", line 241, in <module>
[view_executor_node.py-12]     main()
[view_executor_node.py-12]   File "/workspace/ros2_ws/install/annual_swarm/lib/annual_swarm/view_executor_node.py", line 236, in main
[view_executor_node.py-12]     node.destroy_node()
[view_executor_node.py-12]   File "/opt/ros/jazzy/lib/python3.12/site-packages/rclpy/node.py", line 1968, in destroy_node
[view_executor_node.py-12]     self.__node.destroy_when_not_in_use()
[view_executor_node.py-12] KeyboardInterrupt
[decentralized_agent_node.py-11] Traceback (most recent call last):
[decentralized_agent_node.py-11]   File "/workspace/ros2_ws/install/annual_swarm/lib/annual_swarm/decentralized_agent_node.py", line 904, in <module>
[decentralized_agent_node.py-11]     main()
[decentralized_agent_node.py-11]   File "/workspace/ros2_ws/install/annual_swarm/lib/annual_swarm/decentralized_agent_node.py", line 899, in main
[decentralized_agent_node.py-11]     node.log.close(); node.paths.close(); node.destroy_node()
[decentralized_agent_node.py-11]                                           ^^^^^^^^^^^^^^^^^^^
[decentralized_agent_node.py-11]   File "/opt/ros/jazzy/lib/python3.12/site-packages/rclpy/node.py", line 1968, in destroy_node
[INFO] [parameter_bridge-1]: process has finished cleanly [pid 1788]
[decentralized_agent_node.py-11]     self.__node.destroy_when_not_in_use()
[decentralized_agent_node.py-11] KeyboardInterrupt
[parameter_bridge-1] [INFO] [1791271906.061055841] [rclcpp]: signal_handler(SIGINT/SIGTERM)
[INFO] [gz-14]: process has finished cleanly [pid 2012]
[INFO] [controller_node-13]: process has finished cleanly [pid 1802]
[ERROR] [view_executor_node.py-12]: process has died [pid 1801, exit code -2, cmd '/workspace/ros2_ws/install/annual_swarm/lib/annual_swarm/view_executor_node.py --ros-args -r __ns:=/drone_1 --params-file /tmp/launch_params_q2ifo7gt --params-file /tmp/launch_params_69fce8qo -r target:=native_target -r trajectory_target:=native_trajectory_target'].
[ERROR] [decentralized_agent_node.py-11]: process has died [pid 1798, exit code -2, cmd '/workspace/ros2_ws/install/annual_swarm/lib/annual_swarm/decentralized_agent_node.py --ros-args -r __ns:=/drone_1 --params-file /workspace/ros2_ws/install/annual_swarm/share/annual_swarm/config/exploration_priority.yaml --params-file /tmp/launch_params_8flqsaet --params-file /tmp/launch_params_4b3qwkgk'].
