[INFO] [launch]: All log files can be found below /root/.ros/log/2026-09-28-14-47-48-205779-colima-annual-fusion-2063
[INFO] [launch]: Default logging verbosity is set to INFO
[INFO] [parameter_bridge-1]: process started with pid [2066]
[INFO] [localization_measurement_node.py-2]: process started with pid [2067]
[INFO] [state_estimator_node.py-3]: process started with pid [2068]
[INFO] [python3-4]: process started with pid [2069]
[INFO] [decentralized_agent_node.py-5]: process started with pid [2070]
[INFO] [view_executor_node.py-6]: process started with pid [2071]
[INFO] [controller_node-7]: process started with pid [2072]
[INFO] [localization_measurement_node.py-8]: process started with pid [2073]
[INFO] [state_estimator_node.py-9]: process started with pid [2074]
[INFO] [python3-10]: process started with pid [2075]
[INFO] [decentralized_agent_node.py-11]: process started with pid [2076]
[INFO] [view_executor_node.py-12]: process started with pid [2077]
[INFO] [controller_node-13]: process started with pid [2078]
[controller_node-13] [INFO] [1790606868.446948843] [drone_1.controller]: Controller: pid
[controller_node-7] [INFO] [1790606868.453952844] [drone_0.controller]: Controller: pid
[parameter_bridge-1] [INFO] [1790606869.429985450] [ros_gz_bridge]: Creating GZ->ROS Bridge: [/clock (gz.msgs.Clock) -> /clock (rosgraph_msgs/msg/Clock)] (Lazy 0)
[parameter_bridge-1] [INFO] [1790606869.742771890] [ros_gz_bridge]: Creating GZ->ROS Bridge: [/drone_0/lidar/points (gz.msgs.PointCloudPacked) -> /drone_0/lidar/points (sensor_msgs/msg/PointCloud2)] (Lazy 0)
[parameter_bridge-1] [INFO] [1790606869.754672504] [ros_gz_bridge]: Creating GZ->ROS Bridge: [/drone_0/odometry (gz.msgs.Odometry) -> /drone_0/odometry (nav_msgs/msg/Odometry)] (Lazy 0)
[parameter_bridge-1] [INFO] [1790606869.762608637] [ros_gz_bridge]: Creating GZ->ROS Bridge: [/drone_0/imu (gz.msgs.IMU) -> /drone_0/imu (sensor_msgs/msg/Imu)] (Lazy 0)
[parameter_bridge-1] [INFO] [1790606869.767121934] [ros_gz_bridge]: Creating GZ->ROS Bridge: [/drone_0/contacts (gz.msgs.Contacts) -> /drone_0/contacts (ros_gz_interfaces/msg/Contacts)] (Lazy 0)
[parameter_bridge-1] [INFO] [1790606869.771943302] [ros_gz_bridge]: Creating ROS->GZ Bridge: [/drone_0/command/motor_speed (actuator_msgs/msg/Actuators) -> /drone_0/command/motor_speed (gz.msgs.Actuators)] (Lazy 0)
[parameter_bridge-1] [INFO] [1790606869.779714977] [ros_gz_bridge]: Creating GZ->ROS Bridge: [/drone_1/lidar/points (gz.msgs.PointCloudPacked) -> /drone_1/lidar/points (sensor_msgs/msg/PointCloud2)] (Lazy 0)
[parameter_bridge-1] [INFO] [1790606869.780489823] [ros_gz_bridge]: Creating GZ->ROS Bridge: [/drone_1/odometry (gz.msgs.Odometry) -> /drone_1/odometry (nav_msgs/msg/Odometry)] (Lazy 0)
[parameter_bridge-1] [INFO] [1790606869.781201178] [ros_gz_bridge]: Creating GZ->ROS Bridge: [/drone_1/imu (gz.msgs.IMU) -> /drone_1/imu (sensor_msgs/msg/Imu)] (Lazy 0)
[parameter_bridge-1] [INFO] [1790606869.784445925] [ros_gz_bridge]: Creating GZ->ROS Bridge: [/drone_1/contacts (gz.msgs.Contacts) -> /drone_1/contacts (ros_gz_interfaces/msg/Contacts)] (Lazy 0)
[parameter_bridge-1] [INFO] [1790606869.784971062] [ros_gz_bridge]: Creating ROS->GZ Bridge: [/drone_1/command/motor_speed (actuator_msgs/msg/Actuators) -> /drone_1/command/motor_speed (gz.msgs.Actuators)] (Lazy 0)
[INFO] [gz-14]: process started with pid [2290]
[parameter_bridge-1] [INFO] [1790606878.559208535] [ros_gz_bridge]: Passing message from ROS actuator_msgs/msg/Actuators to Gazebo gz.msgs.Actuators (showing msg only once per type)
[WARNING] [launch]: user interrupted with ctrl-c (SIGINT)
[controller_node-7] [INFO] [1790606989.012754637] [rclcpp]: signal_handler(SIGINT/SIGTERM)
[controller_node-13] [INFO] [1790606989.014412757] [rclcpp]: signal_handler(SIGINT/SIGTERM)
[decentralized_agent_node.py-5] Process SpawnProcess-1:
[decentralized_agent_node.py-5] Traceback (most recent call last):
[INFO] [gz-14]: sending signal 'SIGINT' to process[gz-14]
[INFO] [controller_node-13]: sending signal 'SIGINT' to process[controller_node-13]
[INFO] [view_executor_node.py-12]: sending signal 'SIGINT' to process[view_executor_node.py-12]
[INFO] [decentralized_agent_node.py-11]: sending signal 'SIGINT' to process[decentralized_agent_node.py-11]
[INFO] [python3-10]: sending signal 'SIGINT' to process[python3-10]
[ERROR] [controller_node-13]: process has died [pid 2078, exit code -2, cmd '/workspace/ros2_ws/install/annual_swarm/lib/annual_swarm/controller_node --ros-args -r __ns:=/drone_1 --params-file /workspace/ros2_ws/install/annual_swarm/share/annual_swarm/config/flight.yaml --params-file /tmp/launch_params_umz_m2c6 --params-file /tmp/launch_params_an1f1h5v -r odometry:=estimated_odometry'].
[INFO] [state_estimator_node.py-9]: sending signal 'SIGINT' to process[state_estimator_node.py-9]
[ERROR] [view_executor_node.py-12]: process has died [pid 2077, exit code -2, cmd '/workspace/ros2_ws/install/annual_swarm/lib/annual_swarm/view_executor_node.py --ros-args -r __ns:=/drone_1 --params-file /tmp/launch_params_bu0ngleh --params-file /tmp/launch_params_zz2dzejk -r target:=native_target -r trajectory_target:=native_trajectory_target'].
[INFO] [localization_measurement_node.py-8]: sending signal 'SIGINT' to process[localization_measurement_node.py-8]
[ERROR] [python3-10]: process has died [pid 2075, exit code -2, cmd 'python3 /comparison/common_mapper.py --ros-args -r __ns:=/drone_1 -p use_sim_time:=true -p drone_id:=1 -p bounds:="[[-6.0, -6.0, 0.0], [6.0, 6.0, 3.0]]"'].
[INFO] [controller_node-7]: sending signal 'SIGINT' to process[controller_node-7]
[INFO] [view_executor_node.py-6]: sending signal 'SIGINT' to process[view_executor_node.py-6]
[INFO] [decentralized_agent_node.py-5]: sending signal 'SIGINT' to process[decentralized_agent_node.py-5]
[ERROR] [localization_measurement_node.py-8]: process has died [pid 2073, exit code -2, cmd '/workspace/ros2_ws/install/annual_swarm/lib/annual_swarm/localization_measurement_node.py --ros-args -r __ns:=/drone_1 --params-file /tmp/launch_params_hrnq_v9c --params-file /tmp/launch_params_v15lw1ma'].
[ERROR] [state_estimator_node.py-9]: process has died [pid 2074, exit code -2, cmd '/workspace/ros2_ws/install/annual_swarm/lib/annual_swarm/state_estimator_node.py --ros-args -r __ns:=/drone_1 --params-file /tmp/launch_params_knwjowo7 --params-file /tmp/launch_params_a06qlosp'].
[INFO] [python3-4]: sending signal 'SIGINT' to process[python3-4]
[INFO] [state_estimator_node.py-3]: sending signal 'SIGINT' to process[state_estimator_node.py-3]
[ERROR] [controller_node-7]: process has died [pid 2072, exit code -2, cmd '/workspace/ros2_ws/install/annual_swarm/lib/annual_swarm/controller_node --ros-args -r __ns:=/drone_0 --params-file /workspace/ros2_ws/install/annual_swarm/share/annual_swarm/config/flight.yaml --params-file /tmp/launch_params_ggs53nbo --params-file /tmp/launch_params_zqccde1c -r odometry:=estimated_odometry'].
[INFO] [localization_measurement_node.py-2]: sending signal 'SIGINT' to process[localization_measurement_node.py-2]
[ERROR] [view_executor_node.py-6]: process has died [pid 2071, exit code -2, cmd '/workspace/ros2_ws/install/annual_swarm/lib/annual_swarm/view_executor_node.py --ros-args -r __ns:=/drone_0 --params-file /tmp/launch_params_uorfpr4k --params-file /tmp/launch_params_9j7rk_85 -r target:=native_target -r trajectory_target:=native_trajectory_target'].
[INFO] [parameter_bridge-1]: sending signal 'SIGINT' to process[parameter_bridge-1]
[decentralized_agent_node.py-11] Process SpawnProcess-1:
[decentralized_agent_node.py-11] Traceback (most recent call last):
[decentralized_agent_node.py-11]   File "/usr/lib/python3.12/multiprocessing/process.py", line 314, in _bootstrap
[decentralized_agent_node.py-11]     self.run()
[decentralized_agent_node.py-11]   File "/usr/lib/python3.12/multiprocessing/process.py", line 108, in run
[decentralized_agent_node.py-11]     self._target(*self._args, **self._kwargs)
[decentralized_agent_node.py-11]   File "/usr/lib/python3.12/concurrent/futures/process.py", line 251, in _process_worker
[decentralized_agent_node.py-11]     call_item = call_queue.get(block=True)
[decentralized_agent_node.py-11]                 ^^^^^^^^^^^^^^^^^^^^^^^^^^
[decentralized_agent_node.py-11]   File "/usr/lib/python3.12/multiprocessing/queues.py", line 103, in get
[decentralized_agent_node.py-11]     res = self._recv_bytes()
[decentralized_agent_node.py-11]           ^^^^^^^^^^^^^^^^^^
[decentralized_agent_node.py-11]   File "/usr/lib/python3.12/multiprocessing/connection.py", line 216, in recv_bytes
[decentralized_agent_node.py-11]     buf = self._recv_bytes(maxlength)
[decentralized_agent_node.py-11]           ^^^^^^^^^^^^^^^^^^^^^^^^^^^
[decentralized_agent_node.py-11]   File "/usr/lib/python3.12/multiprocessing/connection.py", line 430, in _recv_bytes
[decentralized_agent_node.py-11]     buf = self._recv(4)
[decentralized_agent_node.py-11]           ^^^^^^^^^^^^^
[decentralized_agent_node.py-11]   File "/usr/lib/python3.12/multiprocessing/connection.py", line 395, in _recv
[decentralized_agent_node.py-11]     chunk = read(handle, remaining)
[decentralized_agent_node.py-11]             ^^^^^^^^^^^^^^^^^^^^^^^
[decentralized_agent_node.py-11] KeyboardInterrupt
[ERROR] [python3-4]: process has died [pid 2069, exit code -2, cmd 'python3 /comparison/common_mapper.py --ros-args -r __ns:=/drone_0 -p use_sim_time:=true -p drone_id:=0 -p bounds:="[[-6.0, -6.0, 0.0], [6.0, 6.0, 3.0]]"'].
[parameter_bridge-1] [INFO] [1790606989.024311454] [rclcpp]: signal_handler(SIGINT/SIGTERM)
[ERROR] [localization_measurement_node.py-2]: process has died [pid 2067, exit code -2, cmd '/workspace/ros2_ws/install/annual_swarm/lib/annual_swarm/localization_measurement_node.py --ros-args -r __ns:=/drone_0 --params-file /tmp/launch_params_seogb1gv --params-file /tmp/launch_params__rdl8uxo'].
[ERROR] [state_estimator_node.py-3]: process has died [pid 2068, exit code -2, cmd '/workspace/ros2_ws/install/annual_swarm/lib/annual_swarm/state_estimator_node.py --ros-args -r __ns:=/drone_0 --params-file /tmp/launch_params_672c5myr --params-file /tmp/launch_params_ity8amd6'].
[decentralized_agent_node.py-5]   File "/usr/lib/python3.12/multiprocessing/process.py", line 314, in _bootstrap
[decentralized_agent_node.py-5]     self.run()
[decentralized_agent_node.py-5]   File "/usr/lib/python3.12/multiprocessing/process.py", line 108, in run
[decentralized_agent_node.py-5]     self._target(*self._args, **self._kwargs)
[decentralized_agent_node.py-5]   File "/usr/lib/python3.12/concurrent/futures/process.py", line 251, in _process_worker
[decentralized_agent_node.py-5]     call_item = call_queue.get(block=True)
[decentralized_agent_node.py-5]                 ^^^^^^^^^^^^^^^^^^^^^^^^^^
[decentralized_agent_node.py-5]   File "/usr/lib/python3.12/multiprocessing/queues.py", line 103, in get
[decentralized_agent_node.py-5]     res = self._recv_bytes()
[decentralized_agent_node.py-5]           ^^^^^^^^^^^^^^^^^^
[decentralized_agent_node.py-5]   File "/usr/lib/python3.12/multiprocessing/connection.py", line 216, in recv_bytes
[decentralized_agent_node.py-5]     buf = self._recv_bytes(maxlength)
[decentralized_agent_node.py-5]           ^^^^^^^^^^^^^^^^^^^^^^^^^^^
[decentralized_agent_node.py-5]   File "/usr/lib/python3.12/multiprocessing/connection.py", line 430, in _recv_bytes
[decentralized_agent_node.py-5]     buf = self._recv(4)
[decentralized_agent_node.py-5]           ^^^^^^^^^^^^^
[decentralized_agent_node.py-5]   File "/usr/lib/python3.12/multiprocessing/connection.py", line 395, in _recv
[decentralized_agent_node.py-5]     chunk = read(handle, remaining)
[decentralized_agent_node.py-5]             ^^^^^^^^^^^^^^^^^^^^^^^
[decentralized_agent_node.py-5] KeyboardInterrupt
[decentralized_agent_node.py-11] Traceback (most recent call last):
[decentralized_agent_node.py-11]   File "/workspace/ros2_ws/install/annual_swarm/lib/annual_swarm/decentralized_agent_node.py", line 710, in <module>
[decentralized_agent_node.py-11]     main()
[decentralized_agent_node.py-11]   File "/workspace/ros2_ws/install/annual_swarm/lib/annual_swarm/decentralized_agent_node.py", line 704, in main
[decentralized_agent_node.py-11]     node.worker.shutdown(wait=True, cancel_futures=True)
[decentralized_agent_node.py-11]   File "/usr/lib/python3.12/concurrent/futures/process.py", line 873, in shutdown
[decentralized_agent_node.py-11]     self._executor_manager_thread.join()
[decentralized_agent_node.py-11]   File "/usr/lib/python3.12/threading.py", line 1147, in join
[decentralized_agent_node.py-11]     self._wait_for_tstate_lock()
[decentralized_agent_node.py-11]   File "/usr/lib/python3.12/threading.py", line 1167, in _wait_for_tstate_lock
[decentralized_agent_node.py-11]     if lock.acquire(block, timeout):
[decentralized_agent_node.py-11]        ^^^^^^^^^^^^^^^^^^^^^^^^^^^^
[decentralized_agent_node.py-11] KeyboardInterrupt
[decentralized_agent_node.py-5] Traceback (most recent call last):
[decentralized_agent_node.py-5]   File "/workspace/ros2_ws/install/annual_swarm/lib/annual_swarm/decentralized_agent_node.py", line 710, in <module>
[decentralized_agent_node.py-5]     main()
[decentralized_agent_node.py-5]   File "/workspace/ros2_ws/install/annual_swarm/lib/annual_swarm/decentralized_agent_node.py", line 704, in main
[parameter_bridge-1] [INFO] [1790606989.129969173] [rclcpp]: signal_handler(SIGINT/SIGTERM)
[decentralized_agent_node.py-5]     node.worker.shutdown(wait=True, cancel_futures=True)
[decentralized_agent_node.py-5]   File "/usr/lib/python3.12/concurrent/futures/process.py", line 873, in shutdown
[decentralized_agent_node.py-5]     self._executor_manager_thread.join()
[decentralized_agent_node.py-5]   File "/usr/lib/python3.12/threading.py", line 1147, in join
[decentralized_agent_node.py-5]     self._wait_for_tstate_lock()
[decentralized_agent_node.py-5]   File "/usr/lib/python3.12/threading.py", line 1167, in _wait_for_tstate_lock
[decentralized_agent_node.py-5]     if lock.acquire(block, timeout):
[decentralized_agent_node.py-5]        ^^^^^^^^^^^^^^^^^^^^^^^^^^^^
[decentralized_agent_node.py-5] KeyboardInterrupt
[INFO] [parameter_bridge-1]: process has finished cleanly [pid 2066]
[ERROR] [decentralized_agent_node.py-11]: process has died [pid 2076, exit code -2, cmd '/workspace/ros2_ws/install/annual_swarm/lib/annual_swarm/decentralized_agent_node.py --ros-args -r __ns:=/drone_1 --params-file /workspace/ros2_ws/install/annual_swarm/share/annual_swarm/config/exploration_priority.yaml --params-file /tmp/launch_params_hh64fog9 --params-file /tmp/launch_params_k_w3vwks'].
[ERROR] [decentralized_agent_node.py-5]: process has died [pid 2070, exit code -2, cmd '/workspace/ros2_ws/install/annual_swarm/lib/annual_swarm/decentralized_agent_node.py --ros-args -r __ns:=/drone_0 --params-file /workspace/ros2_ws/install/annual_swarm/share/annual_swarm/config/exploration_priority.yaml --params-file /tmp/launch_params_rfhwo81r --params-file /tmp/launch_params_0ysfftqx'].
