[INFO] [launch]: All log files can be found below /root/.ros/log/2026-09-28-14-15-58-473099-colima-annual-fusion-444
[INFO] [launch]: Default logging verbosity is set to INFO
[INFO] [parameter_bridge-1]: process started with pid [447]
[INFO] [localization_measurement_node.py-2]: process started with pid [448]
[INFO] [state_estimator_node.py-3]: process started with pid [449]
[INFO] [pointcloud_mapping_node.py-4]: process started with pid [450]
[INFO] [decentralized_agent_node.py-5]: process started with pid [451]
[INFO] [view_executor_node.py-6]: process started with pid [452]
[INFO] [controller_node-7]: process started with pid [453]
[INFO] [localization_measurement_node.py-8]: process started with pid [454]
[INFO] [state_estimator_node.py-9]: process started with pid [455]
[INFO] [pointcloud_mapping_node.py-10]: process started with pid [456]
[INFO] [decentralized_agent_node.py-11]: process started with pid [457]
[INFO] [view_executor_node.py-12]: process started with pid [458]
[INFO] [controller_node-13]: process started with pid [459]
[controller_node-7] [INFO] [1790604958.634977657] [drone_0.controller]: Controller: pid
[controller_node-13] [INFO] [1790604958.686080404] [drone_1.controller]: Controller: pid
[parameter_bridge-1] [INFO] [1790604959.727964044] [ros_gz_bridge]: Creating GZ->ROS Bridge: [/clock (gz.msgs.Clock) -> /clock (rosgraph_msgs/msg/Clock)] (Lazy 0)
[parameter_bridge-1] [INFO] [1790604959.729912726] [ros_gz_bridge]: Creating GZ->ROS Bridge: [/drone_0/lidar/points (gz.msgs.PointCloudPacked) -> /drone_0/lidar/points (sensor_msgs/msg/PointCloud2)] (Lazy 0)
[parameter_bridge-1] [INFO] [1790604959.740295707] [ros_gz_bridge]: Creating GZ->ROS Bridge: [/drone_0/odometry (gz.msgs.Odometry) -> /drone_0/odometry (nav_msgs/msg/Odometry)] (Lazy 0)
[parameter_bridge-1] [INFO] [1790604959.750402508] [ros_gz_bridge]: Creating GZ->ROS Bridge: [/drone_0/imu (gz.msgs.IMU) -> /drone_0/imu (sensor_msgs/msg/Imu)] (Lazy 0)
[parameter_bridge-1] [INFO] [1790604959.753375160] [ros_gz_bridge]: Creating GZ->ROS Bridge: [/drone_0/contacts (gz.msgs.Contacts) -> /drone_0/contacts (ros_gz_interfaces/msg/Contacts)] (Lazy 0)
[parameter_bridge-1] [INFO] [1790604959.756540617] [ros_gz_bridge]: Creating ROS->GZ Bridge: [/drone_0/command/motor_speed (actuator_msgs/msg/Actuators) -> /drone_0/command/motor_speed (gz.msgs.Actuators)] (Lazy 0)
[parameter_bridge-1] [INFO] [1790604959.758898170] [ros_gz_bridge]: Creating GZ->ROS Bridge: [/drone_1/lidar/points (gz.msgs.PointCloudPacked) -> /drone_1/lidar/points (sensor_msgs/msg/PointCloud2)] (Lazy 0)
[parameter_bridge-1] [INFO] [1790604959.759794577] [ros_gz_bridge]: Creating GZ->ROS Bridge: [/drone_1/odometry (gz.msgs.Odometry) -> /drone_1/odometry (nav_msgs/msg/Odometry)] (Lazy 0)
[parameter_bridge-1] [INFO] [1790604959.760800829] [ros_gz_bridge]: Creating GZ->ROS Bridge: [/drone_1/imu (gz.msgs.IMU) -> /drone_1/imu (sensor_msgs/msg/Imu)] (Lazy 0)
[parameter_bridge-1] [INFO] [1790604959.761917721] [ros_gz_bridge]: Creating GZ->ROS Bridge: [/drone_1/contacts (gz.msgs.Contacts) -> /drone_1/contacts (ros_gz_interfaces/msg/Contacts)] (Lazy 0)
[parameter_bridge-1] [INFO] [1790604959.763193192] [ros_gz_bridge]: Creating ROS->GZ Bridge: [/drone_1/command/motor_speed (actuator_msgs/msg/Actuators) -> /drone_1/command/motor_speed (gz.msgs.Actuators)] (Lazy 0)
[INFO] [gz-14]: process started with pid [671]
[parameter_bridge-1] [INFO] [1790604968.851734696] [ros_gz_bridge]: Passing message from ROS actuator_msgs/msg/Actuators to Gazebo gz.msgs.Actuators (showing msg only once per type)
[WARNING] [launch]: user interrupted with ctrl-c (SIGINT)
[INFO] [gz-14]: sending signal 'SIGINT' to process[gz-14]
[INFO] [controller_node-13]: sending signal 'SIGINT' to process[controller_node-13]
[INFO] [view_executor_node.py-12]: sending signal 'SIGINT' to process[view_executor_node.py-12]
[INFO] [decentralized_agent_node.py-11]: sending signal 'SIGINT' to process[decentralized_agent_node.py-11]
[INFO] [pointcloud_mapping_node.py-10]: sending signal 'SIGINT' to process[pointcloud_mapping_node.py-10]
[INFO] [state_estimator_node.py-9]: sending signal 'SIGINT' to process[state_estimator_node.py-9]
[INFO] [localization_measurement_node.py-8]: sending signal 'SIGINT' to process[localization_measurement_node.py-8]
[INFO] [controller_node-7]: sending signal 'SIGINT' to process[controller_node-7]
[INFO] [view_executor_node.py-6]: sending signal 'SIGINT' to process[view_executor_node.py-6]
[ERROR] [state_estimator_node.py-9]: process has died [pid 455, exit code -2, cmd '/workspace/ros2_ws/install/annual_swarm/lib/annual_swarm/state_estimator_node.py --ros-args -r __ns:=/drone_1 --params-file /tmp/launch_params_ryswy4m_ --params-file /tmp/launch_params_8_m9ixg8'].
[ERROR] [pointcloud_mapping_node.py-10]: process has died [pid 456, exit code -2, cmd '/workspace/ros2_ws/install/annual_swarm/lib/annual_swarm/pointcloud_mapping_node.py --ros-args -r __ns:=/drone_1 --params-file /tmp/launch_params_nfh8xnwj --params-file /tmp/launch_params_efu37z4q'].
[INFO] [decentralized_agent_node.py-5]: sending signal 'SIGINT' to process[decentralized_agent_node.py-5]
[ERROR] [controller_node-7]: process has died [pid 453, exit code -2, cmd '/workspace/ros2_ws/install/annual_swarm/lib/annual_swarm/controller_node --ros-args -r __ns:=/drone_0 --params-file /workspace/ros2_ws/install/annual_swarm/share/annual_swarm/config/flight.yaml --params-file /tmp/launch_params_ywkjtuys --params-file /tmp/launch_params_2zyphha6 -r odometry:=estimated_odometry'].
[INFO] [pointcloud_mapping_node.py-4]: sending signal 'SIGINT' to process[pointcloud_mapping_node.py-4]
[ERROR] [localization_measurement_node.py-8]: process has died [pid 454, exit code -2, cmd '/workspace/ros2_ws/install/annual_swarm/lib/annual_swarm/localization_measurement_node.py --ros-args -r __ns:=/drone_1 --params-file /tmp/launch_params_l072nu_o --params-file /tmp/launch_params_a9oa351m'].
[INFO] [state_estimator_node.py-3]: sending signal 'SIGINT' to process[state_estimator_node.py-3]
[INFO] [localization_measurement_node.py-2]: sending signal 'SIGINT' to process[localization_measurement_node.py-2]
[INFO] [parameter_bridge-1]: sending signal 'SIGINT' to process[parameter_bridge-1]
[ERROR] [pointcloud_mapping_node.py-4]: process has died [pid 450, exit code -2, cmd '/workspace/ros2_ws/install/annual_swarm/lib/annual_swarm/pointcloud_mapping_node.py --ros-args -r __ns:=/drone_0 --params-file /tmp/launch_params_zwwjzreg --params-file /tmp/launch_params_l9s1z97x'].
[parameter_bridge-1] [INFO] [1790605032.727284290] [rclcpp]: signal_handler(SIGINT/SIGTERM)
[decentralized_agent_node.py-5] Process SpawnProcess-1:
[decentralized_agent_node.py-5] Traceback (most recent call last):
[decentralized_agent_node.py-5]   File "/usr/lib/python3.12/multiprocessing/process.py", line 314, in _bootstrap
[decentralized_agent_node.py-5]     self.run()
[decentralized_agent_node.py-5]   File "/usr/lib/python3.12/multiprocessing/process.py", line 108, in run
[decentralized_agent_node.py-5]     self._target(*self._args, **self._kwargs)
[decentralized_agent_node.py-5]   File "/usr/lib/python3.12/concurrent/futures/process.py", line 251, in _process_worker
[decentralized_agent_node.py-5]     call_item = call_queue.get(block=True)
[decentralized_agent_node.py-5]                 ^^^^^^^^^^^^^^^^^^^^^^^^^^
[decentralized_agent_node.py-5]   File "/usr/lib/python3.12/multiprocessing/queues.py", line 103, in get
[decentralized_agent_node.py-5]     res = self._recv_bytes()
[decentralized_agent_node.py-5]           ^^^^^^^^^^^^^^^^^^
[decentralized_agent_node.py-5]   File "/usr/lib/python3.12/multiprocessing/connection.py", line 216, in recv_bytes
[decentralized_agent_node.py-5]     buf = self._recv_bytes(maxlength)
[decentralized_agent_node.py-5]           ^^^^^^^^^^^^^^^^^^^^^^^^^^^
[decentralized_agent_node.py-5]   File "/usr/lib/python3.12/multiprocessing/connection.py", line 430, in _recv_bytes
[decentralized_agent_node.py-5]     buf = self._recv(4)
[decentralized_agent_node.py-5]           ^^^^^^^^^^^^^
[decentralized_agent_node.py-5]   File "/usr/lib/python3.12/multiprocessing/connection.py", line 395, in _recv
[decentralized_agent_node.py-5]     chunk = read(handle, remaining)
[decentralized_agent_node.py-5]             ^^^^^^^^^^^^^^^^^^^^^^^
[decentralized_agent_node.py-5] KeyboardInterrupt
[ERROR] [state_estimator_node.py-3]: process has died [pid 449, exit code -2, cmd '/workspace/ros2_ws/install/annual_swarm/lib/annual_swarm/state_estimator_node.py --ros-args -r __ns:=/drone_0 --params-file /tmp/launch_params_qwfhsuxe --params-file /tmp/launch_params_zd43ljsl'].
[controller_node-7] [INFO] [1790605032.729907351] [rclcpp]: signal_handler(SIGINT/SIGTERM)
[ERROR] [localization_measurement_node.py-2]: process has died [pid 448, exit code -2, cmd '/workspace/ros2_ws/install/annual_swarm/lib/annual_swarm/localization_measurement_node.py --ros-args -r __ns:=/drone_0 --params-file /tmp/launch_params_gjvvzcdm --params-file /tmp/launch_params_fnozq4ja'].
[controller_node-13] [INFO] [1790605032.730047546] [rclcpp]: signal_handler(SIGINT/SIGTERM)
[controller_node-13] [INFO] [1790605032.782206904] [rclcpp]: signal_handler(SIGINT/SIGTERM)
[view_executor_node.py-12] Traceback (most recent call last):
[view_executor_node.py-12]   File "/workspace/ros2_ws/install/annual_swarm/lib/annual_swarm/view_executor_node.py", line 213, in <module>
[view_executor_node.py-12]     main()
[view_executor_node.py-12]   File "/workspace/ros2_ws/install/annual_swarm/lib/annual_swarm/view_executor_node.py", line 208, in main
[view_executor_node.py-12]     node.destroy_node()
[view_executor_node.py-12]   File "/opt/ros/jazzy/lib/python3.12/site-packages/rclpy/node.py", line 1958, in destroy_node
[view_executor_node.py-12]     self.destroy_subscription(self._subscriptions[0])
[view_executor_node.py-12]   File "/opt/ros/jazzy/lib/python3.12/site-packages/rclpy/node.py", line 1854, in destroy_subscription
[view_executor_node.py-12]     subscription.destroy()
[view_executor_node.py-12]   File "/opt/ros/jazzy/lib/python3.12/site-packages/rclpy/subscription.py", line 101, in destroy
[view_executor_node.py-12]     self.handle.destroy_when_not_in_use()
[view_executor_node.py-12] KeyboardInterrupt
[decentralized_agent_node.py-11] Traceback (most recent call last):
[decentralized_agent_node.py-11]   File "/workspace/ros2_ws/install/annual_swarm/lib/annual_swarm/decentralized_agent_node.py", line 710, in <module>
[decentralized_agent_node.py-11]     main()
[decentralized_agent_node.py-11]   File "/workspace/ros2_ws/install/annual_swarm/lib/annual_swarm/decentralized_agent_node.py", line 704, in main
[decentralized_agent_node.py-11]     node.worker.shutdown(wait=True, cancel_futures=True)
[decentralized_agent_node.py-11]   File "/usr/lib/python3.12/concurrent/futures/process.py", line 873, in shutdown
[decentralized_agent_node.py-11]     self._executor_manager_thread.join()
[decentralized_agent_node.py-11]   File "/usr/lib/python3.12/threading.py", line 1147, in join
[decentralized_agent_node.py-11]     self._wait_for_tstate_lock()
[decentralized_agent_node.py-11]   File "/usr/lib/python3.12/threading.py", line 1167, in _wait_for_tstate_lock
[decentralized_agent_node.py-11]     if lock.acquire(block, timeout):
[decentralized_agent_node.py-11]        ^^^^^^^^^^^^^^^^^^^^^^^^^^^^
[decentralized_agent_node.py-11] KeyboardInterrupt
[view_executor_node.py-6] Traceback (most recent call last):
[view_executor_node.py-6]   File "/workspace/ros2_ws/install/annual_swarm/lib/annual_swarm/view_executor_node.py", line 213, in <module>
[view_executor_node.py-6]     main()
[view_executor_node.py-6]   File "/workspace/ros2_ws/install/annual_swarm/lib/annual_swarm/view_executor_node.py", line 208, in main
[view_executor_node.py-6]     node.destroy_node()
[view_executor_node.py-6]   File "/opt/ros/jazzy/lib/python3.12/site-packages/rclpy/node.py", line 1968, in destroy_node
[view_executor_node.py-6]     self.__node.destroy_when_not_in_use()
[view_executor_node.py-6] KeyboardInterrupt
[decentralized_agent_node.py-5] Traceback (most recent call last):
[decentralized_agent_node.py-5]   File "/workspace/ros2_ws/install/annual_swarm/lib/annual_swarm/decentralized_agent_node.py", line 710, in <module>
[decentralized_agent_node.py-5]     main()
[decentralized_agent_node.py-5]   File "/workspace/ros2_ws/install/annual_swarm/lib/annual_swarm/decentralized_agent_node.py", line 704, in main
[decentralized_agent_node.py-5]     node.worker.shutdown(wait=True, cancel_futures=True)
[decentralized_agent_node.py-5]   File "/usr/lib/python3.12/concurrent/futures/process.py", line 873, in shutdown
[decentralized_agent_node.py-5]     self._executor_manager_thread.join()
[decentralized_agent_node.py-5]   File "/usr/lib/python3.12/threading.py", line 1147, in join
[decentralized_agent_node.py-5]     self._wait_for_tstate_lock()
[decentralized_agent_node.py-5]   File "/usr/lib/python3.12/threading.py", line 1167, in _wait_for_tstate_lock
[decentralized_agent_node.py-5]     if lock.acquire(block, timeout):
[decentralized_agent_node.py-5]        ^^^^^^^^^^^^^^^^^^^^^^^^^^^^
[decentralized_agent_node.py-5] KeyboardInterrupt
[parameter_bridge-1] [INFO] [1790605032.847226273] [rclcpp]: signal_handler(SIGINT/SIGTERM)
[INFO] [gz-14]: process has finished cleanly [pid 671]
[INFO] [parameter_bridge-1]: process has finished cleanly [pid 447]
[INFO] [controller_node-13]: process has finished cleanly [pid 459]
[ERROR] [view_executor_node.py-6]: process has died [pid 452, exit code -2, cmd '/workspace/ros2_ws/install/annual_swarm/lib/annual_swarm/view_executor_node.py --ros-args -r __ns:=/drone_0 --params-file /tmp/launch_params_435lbqou --params-file /tmp/launch_params_3jwxp4jy -r target:=native_target -r trajectory_target:=native_trajectory_target'].
[ERROR] [view_executor_node.py-12]: process has died [pid 458, exit code -2, cmd '/workspace/ros2_ws/install/annual_swarm/lib/annual_swarm/view_executor_node.py --ros-args -r __ns:=/drone_1 --params-file /tmp/launch_params_aicped4a --params-file /tmp/launch_params_z6fvilb4 -r target:=native_target -r trajectory_target:=native_trajectory_target'].
[ERROR] [decentralized_agent_node.py-5]: process has died [pid 451, exit code -2, cmd '/workspace/ros2_ws/install/annual_swarm/lib/annual_swarm/decentralized_agent_node.py --ros-args -r __ns:=/drone_0 --params-file /workspace/ros2_ws/install/annual_swarm/share/annual_swarm/config/exploration_priority.yaml --params-file /tmp/launch_params_vzv65wzd --params-file /tmp/launch_params_kmwayrk5'].
[ERROR] [decentralized_agent_node.py-11]: process has died [pid 457, exit code -2, cmd '/workspace/ros2_ws/install/annual_swarm/lib/annual_swarm/decentralized_agent_node.py --ros-args -r __ns:=/drone_1 --params-file /workspace/ros2_ws/install/annual_swarm/share/annual_swarm/config/exploration_priority.yaml --params-file /tmp/launch_params_fuypl05z --params-file /tmp/launch_params_b76mx04p'].
