... logging to /root/.ros/log/0c4156fc-c0b0-11f1-a395-2a3521f24fd9/roslaunch-f6598845c008-1259.log
Checking log directory for disk usage. This may take a while.
Press Ctrl-C to interrupt
Done checking log file disk usage. Usage is <1GB.
]2;/study/gvp.launch
[1mstarted roslaunch server http://localhost:41391/[0m

SUMMARY
========

PARAMETERS
 * /murder_1/Computation/data_name0: gvp
 * /murder_1/Computation/data_name1: local
 * /murder_1/Computation/data_name2: global
 * /murder_1/Computation/data_num: 3
 * /murder_1/Computation/dir: /home/charliedog/...
 * /murder_1/Computation/vdata_name0: volume
 * /murder_1/Computation/vdata_name1: DTG
 * /murder_1/Computation/vdata_name2: pose
 * /murder_1/Computation/vdata_name3: traj
 * /murder_1/Computation/vdata_name4: job
 * /murder_1/Computation/vdata_name5: state
 * /murder_1/Computation/vdata_name6: map
 * /murder_1/Computation/vdata_name7: mapreq
 * /murder_1/Computation/vdata_name8: total
 * /murder_1/Computation/vdata_num: 9
 * /murder_1/EXP/finish_hold_duration: 15.0
 * /murder_1/Exp/AutoTakeoff: True
 * /murder_1/Exp/UAV_id: 1
 * /murder_1/Exp/acc_off: -0.5
 * /murder_1/Exp/check_duration: 3.5
 * /murder_1/Exp/colli_range: 0.8
 * /murder_1/Exp/drone_num: 2
 * /murder_1/Exp/exc_duration: 0.5
 * /murder_1/Exp/finish_thresh: 0.5
 * /murder_1/Exp/global_comm_freq: 0.5
 * /murder_1/Exp/global_path_search: 3000
 * /murder_1/Exp/local_comm_freq: 5.0
 * /murder_1/Exp/local_dist_thresh: 7.0
 * /murder_1/Exp/local_path_search: 1000
 * /murder_1/Exp/maxX: 6.0
 * /murder_1/Exp/maxY: 6.0
 * /murder_1/Exp/maxZ: 3.0
 * /murder_1/Exp/minX: -6.0
 * /murder_1/Exp/minY: -6.0
 * /murder_1/Exp/minZ: 0.0
 * /murder_1/Exp/reach_out_t: 0.1
 * /murder_1/Exp/replan_duration: 1.5
 * /murder_1/Exp/robot_sizeX: 0.64
 * /murder_1/Exp/robot_sizeY: 0.64
 * /murder_1/Exp/robot_sizeZ: 0.16
 * /murder_1/Exp/show_swarm_traj: False
 * /murder_1/Exp/statistic: True
 * /murder_1/Exp/strong_check_interval: 3.0
 * /murder_1/Exp/swarm_check: True
 * /murder_1/Exp/takeoff_x: -4.0
 * /murder_1/Exp/takeoff_y: -3.0
 * /murder_1/Exp/takeoff_yaw: 0.0
 * /murder_1/Exp/takeoff_z: 1.2
 * /murder_1/Exp/traj_length: 10.0
 * /murder_1/Frontier/FOV_hor_num: 15
 * /murder_1/Frontier/FOV_ver_num: 10
 * /murder_1/Frontier/cam_hor: 2.0943951023931953
 * /murder_1/Frontier/cam_ver: 2.0943951023931953
 * /murder_1/Frontier/grid_scale: 2.0
 * /murder_1/Frontier/min_vp_num: 6
 * /murder_1/Frontier/observe_thresh: 0.85
 * /murder_1/Frontier/ray_samp_dist1: 0.2
 * /murder_1/Frontier/ray_samp_dist2: 0.1
 * /murder_1/Frontier/resample_duration: 0.8
 * /murder_1/Frontier/sample_dist_num: 2
 * /murder_1/Frontier/sample_hor_dir_num: 10
 * /murder_1/Frontier/sample_max_range: 2.2
 * /murder_1/Frontier/sample_ver_dir_num: 3
 * /murder_1/Frontier/sensor_type: Depth_Camera
 * /murder_1/Frontier/show_frontier: True
 * /murder_1/Frontier/viewpoint_thresh: 1.3
 * /murder_1/GVD/allowance: 0.08
 * /murder_1/GVD/lambda: 0.1
 * /murder_1/GVD/partition_frequency: 0.33
 * /murder_1/GVD/show_gvd: True
 * /murder_1/GVD/tau: 0.2
 * /murder_1/LowResMap/blockX: 5
 * /murder_1/LowResMap/blockY: 5
 * /murder_1/LowResMap/blockZ: 3
 * /murder_1/LowResMap/corridor_expX: 2
 * /murder_1/LowResMap/corridor_expY: 2
 * /murder_1/LowResMap/corridor_expZ: 1
 * /murder_1/LowResMap/debug: True
 * /murder_1/LowResMap/lambda_heu: 5.0
 * /murder_1/LowResMap/localgraph_sizex: 14.0
 * /murder_1/LowResMap/localgraph_sizey: 14.0
 * /murder_1/LowResMap/localgraph_sizez: 8.0
 * /murder_1/LowResMap/node_x: 0.6
 * /murder_1/LowResMap/node_y: 0.6
 * /murder_1/LowResMap/node_z: 0.6
 * /murder_1/LowResMap/occ_duration: 2.0
 * /murder_1/LowResMap/prune_seg_length: 6.5
 * /murder_1/LowResMap/resolution: 0.1
 * /murder_1/LowResMap/seg_length: 2.5
 * /murder_1/LowResMap/show_dtg: False
 * /murder_1/LowResMap/showmap: True
 * /murder_1/LowResMap/unknown_duration: 0.2
 * /murder_1/MR_DTG/H_thresh: 5.5
 * /murder_1/MR_DTG/Toporange: 10.0
 * /murder_1/MR_DTG/resX: 2.0
 * /murder_1/MR_DTG/resY: 2.0
 * /murder_1/MR_DTG/resZ: 2.0
 * /murder_1/MR_DTG/show_edge_details: False
 * /murder_1/MR_DTG/update_FF: False
 * /murder_1/block_map/CamtoBody_Quater_w: 1.0
 * /murder_1/block_map/CamtoBody_Quater_x: 0.0
 * /murder_1/block_map/CamtoBody_Quater_y: 0.0
 * /murder_1/block_map/CamtoBody_Quater_z: 0.0
 * /murder_1/block_map/CamtoBody_x: 0.0
 * /murder_1/block_map/CamtoBody_y: 0.0
 * /murder_1/block_map/CamtoBody_z: 0.4
 * /murder_1/block_map/FFD: False
 * /murder_1/block_map/HeightcolorB: [48, 147, 92, 130...
 * /murder_1/block_map/HeightcolorG: [21, 80, 66, 114,...
 * /murder_1/block_map/HeightcolorR: [44, 71, 198, 234...
 * /murder_1/block_map/RobotVisX: 0.81
 * /murder_1/block_map/RobotVisY: 0.81
 * /murder_1/block_map/RobotVisZ: 0.41
 * /murder_1/block_map/bline_occ_range: 0.1
 * /murder_1/block_map/blockX: 10
 * /murder_1/block_map/blockY: 10
 * /murder_1/block_map/blockZ: 10
 * /murder_1/block_map/colorB: [150, 238, 0, 0, ...
 * /murder_1/block_map/colorG: [150, 229, 165, 2...
 * /murder_1/block_map/colorR: [150, 0, 255, 124...
 * /murder_1/block_map/depth: True
 * /murder_1/block_map/depth_step: 2
 * /murder_1/block_map/maxX: 6.0
 * /murder_1/block_map/maxY: 6.0
 * /murder_1/block_map/maxZ: 3.0
 * /murder_1/block_map/minX: -6.0
 * /murder_1/block_map/minY: -6.0
 * /murder_1/block_map/minZ: 0.0
 * /murder_1/block_map/min_finish_t: 45.0
 * /murder_1/block_map/occ_max: 0.9
 * /murder_1/block_map/occ_min: 0.2
 * /murder_1/block_map/pro_hit_occ: 0.9
 * /murder_1/block_map/pro_miss_free: 0.75
 * /murder_1/block_map/resolution: 0.1
 * /murder_1/block_map/sensor_max_range: 4.5
 * /murder_1/block_map/show_block: False
 * /murder_1/block_map/show_freq: 10.0
 * /murder_1/block_map/statistic_v: True
 * /murder_1/block_map/swarm_pub_thresh: 0.975
 * /murder_1/block_map/swarm_send_delay: 2.0
 * /murder_1/block_map/swarm_tol: 0.3
 * /murder_1/block_map/update_freq: 10.0
 * /murder_1/block_map/vis_mode: False
 * /murder_1/opt/MaxAcc: 0.8
 * /murder_1/opt/MaxJer: 25.0
 * /murder_1/opt/MaxVel: 0.6
 * /murder_1/opt/RelCostTolL: 1e-05
 * /murder_1/opt/SwarmAvoid: 1.2
 * /murder_1/opt/WeiAcc: 400.0
 * /murder_1/opt/WeiJer: 50.0
 * /murder_1/opt/WeiPos: 5000.0
 * /murder_1/opt/WeiSwarm: 100.0
 * /murder_1/opt/WeiT: 200.0
 * /murder_1/opt/WeiVel: 800.0
 * /murder_1/opt/WeiminT: 10.0
 * /murder_1/opt/YawAcc: 0.8
 * /murder_1/opt/YawVel: 0.65
 * /murder_1/opt/integralIntervs: 16
 * /murder_1/opt/smoothingEps: 0.01
 * /murder_2/Computation/data_name0: gvp
 * /murder_2/Computation/data_name1: local
 * /murder_2/Computation/data_name2: global
 * /murder_2/Computation/data_num: 3
 * /murder_2/Computation/dir: /home/charliedog/...
 * /murder_2/Computation/vdata_name0: volume
 * /murder_2/Computation/vdata_name1: DTG
 * /murder_2/Computation/vdata_name2: pose
 * /murder_2/Computation/vdata_name3: traj
 * /murder_2/Computation/vdata_name4: job
 * /murder_2/Computation/vdata_name5: state
 * /murder_2/Computation/vdata_name6: map
 * /murder_2/Computation/vdata_name7: mapreq
 * /murder_2/Computation/vdata_name8: total
 * /murder_2/Computation/vdata_num: 9
 * /murder_2/EXP/finish_hold_duration: 15.0
 * /murder_2/Exp/AutoTakeoff: True
 * /murder_2/Exp/UAV_id: 2
 * /murder_2/Exp/acc_off: -0.5
 * /murder_2/Exp/check_duration: 3.5
 * /murder_2/Exp/colli_range: 0.8
 * /murder_2/Exp/drone_num: 2
 * /murder_2/Exp/exc_duration: 0.5
 * /murder_2/Exp/finish_thresh: 0.5
 * /murder_2/Exp/global_comm_freq: 0.5
 * /murder_2/Exp/global_path_search: 3000
 * /murder_2/Exp/local_comm_freq: 5.0
 * /murder_2/Exp/local_dist_thresh: 7.0
 * /murder_2/Exp/local_path_search: 1000
 * /murder_2/Exp/maxX: 6.0
 * /murder_2/Exp/maxY: 6.0
 * /murder_2/Exp/maxZ: 3.0
 * /murder_2/Exp/minX: -6.0
 * /murder_2/Exp/minY: -6.0
 * /murder_2/Exp/minZ: 0.0
 * /murder_2/Exp/reach_out_t: 0.1
 * /murder_2/Exp/replan_duration: 1.5
 * /murder_2/Exp/robot_sizeX: 0.64
 * /murder_2/Exp/robot_sizeY: 0.64
 * /murder_2/Exp/robot_sizeZ: 0.16
 * /murder_2/Exp/show_swarm_traj: False
 * /murder_2/Exp/statistic: True
 * /murder_2/Exp/strong_check_interval: 3.0
 * /murder_2/Exp/swarm_check: True
 * /murder_2/Exp/takeoff_x: -4.0
 * /murder_2/Exp/takeoff_y: 3.0
 * /murder_2/Exp/takeoff_yaw: 0.0
 * /murder_2/Exp/takeoff_z: 1.2
 * /murder_2/Exp/traj_length: 10.0
 * /murder_2/Frontier/FOV_hor_num: 15
 * /murder_2/Frontier/FOV_ver_num: 10
 * /murder_2/Frontier/cam_hor: 2.0943951023931953
 * /murder_2/Frontier/cam_ver: 2.0943951023931953
 * /murder_2/Frontier/grid_scale: 2.0
 * /murder_2/Frontier/min_vp_num: 6
 * /murder_2/Frontier/observe_thresh: 0.85
 * /murder_2/Frontier/ray_samp_dist1: 0.2
 * /murder_2/Frontier/ray_samp_dist2: 0.1
 * /murder_2/Frontier/resample_duration: 0.8
 * /murder_2/Frontier/sample_dist_num: 2
 * /murder_2/Frontier/sample_hor_dir_num: 10
 * /murder_2/Frontier/sample_max_range: 2.2
 * /murder_2/Frontier/sample_ver_dir_num: 3
 * /murder_2/Frontier/sensor_type: Depth_Camera
 * /murder_2/Frontier/show_frontier: True
 * /murder_2/Frontier/viewpoint_thresh: 1.3
 * /murder_2/GVD/allowance: 0.08
 * /murder_2/GVD/lambda: 0.1
 * /murder_2/GVD/partition_frequency: 0.33
 * /murder_2/GVD/show_gvd: True
 * /murder_2/GVD/tau: 0.2
 * /murder_2/LowResMap/blockX: 5
 * /murder_2/LowResMap/blockY: 5
 * /murder_2/LowResMap/blockZ: 3
 * /murder_2/LowResMap/corridor_expX: 2
 * /murder_2/LowResMap/corridor_expY: 2
 * /murder_2/LowResMap/corridor_expZ: 1
 * /murder_2/LowResMap/debug: True
 * /murder_2/LowResMap/lambda_heu: 5.0
 * /murder_2/LowResMap/localgraph_sizex: 14.0
 * /murder_2/LowResMap/localgraph_sizey: 14.0
 * /murder_2/LowResMap/localgraph_sizez: 8.0
 * /murder_2/LowResMap/node_x: 0.6
 * /murder_2/LowResMap/node_y: 0.6
 * /murder_2/LowResMap/node_z: 0.6
 * /murder_2/LowResMap/occ_duration: 2.0
 * /murder_2/LowResMap/prune_seg_length: 6.5
 * /murder_2/LowResMap/resolution: 0.1
 * /murder_2/LowResMap/seg_length: 2.5
 * /murder_2/LowResMap/show_dtg: False
 * /murder_2/LowResMap/showmap: True
 * /murder_2/LowResMap/unknown_duration: 0.2
 * /murder_2/MR_DTG/H_thresh: 5.5
 * /murder_2/MR_DTG/Toporange: 10.0
 * /murder_2/MR_DTG/resX: 2.0
 * /murder_2/MR_DTG/resY: 2.0
 * /murder_2/MR_DTG/resZ: 2.0
 * /murder_2/MR_DTG/show_edge_details: False
 * /murder_2/MR_DTG/update_FF: False
 * /murder_2/block_map/CamtoBody_Quater_w: 1.0
 * /murder_2/block_map/CamtoBody_Quater_x: 0.0
 * /murder_2/block_map/CamtoBody_Quater_y: 0.0
 * /murder_2/block_map/CamtoBody_Quater_z: 0.0
 * /murder_2/block_map/CamtoBody_x: 0.0
 * /murder_2/block_map/CamtoBody_y: 0.0
 * /murder_2/block_map/CamtoBody_z: 0.4
 * /murder_2/block_map/FFD: False
 * /murder_2/block_map/HeightcolorB: [48, 147, 92, 130...
 * /murder_2/block_map/HeightcolorG: [21, 80, 66, 114,...
 * /murder_2/block_map/HeightcolorR: [44, 71, 198, 234...
 * /murder_2/block_map/RobotVisX: 0.81
 * /murder_2/block_map/RobotVisY: 0.81
 * /murder_2/block_map/RobotVisZ: 0.41
 * /murder_2/block_map/bline_occ_range: 0.1
 * /murder_2/block_map/blockX: 10
 * /murder_2/block_map/blockY: 10
 * /murder_2/block_map/blockZ: 10
 * /murder_2/block_map/colorB: [150, 238, 0, 0, ...
 * /murder_2/block_map/colorG: [150, 229, 165, 2...
 * /murder_2/block_map/colorR: [150, 0, 255, 124...
 * /murder_2/block_map/depth: True
 * /murder_2/block_map/depth_step: 2
 * /murder_2/block_map/maxX: 6.0
 * /murder_2/block_map/maxY: 6.0
 * /murder_2/block_map/maxZ: 3.0
 * /murder_2/block_map/minX: -6.0
 * /murder_2/block_map/minY: -6.0
 * /murder_2/block_map/minZ: 0.0
 * /murder_2/block_map/min_finish_t: 45.0
 * /murder_2/block_map/occ_max: 0.9
 * /murder_2/block_map/occ_min: 0.2
 * /murder_2/block_map/pro_hit_occ: 0.9
 * /murder_2/block_map/pro_miss_free: 0.75
 * /murder_2/block_map/resolution: 0.1
 * /murder_2/block_map/sensor_max_range: 4.5
 * /murder_2/block_map/show_block: False
 * /murder_2/block_map/show_freq: 10.0
 * /murder_2/block_map/statistic_v: True
 * /murder_2/block_map/swarm_pub_thresh: 0.975
 * /murder_2/block_map/swarm_send_delay: 2.0
 * /murder_2/block_map/swarm_tol: 0.3
 * /murder_2/block_map/update_freq: 10.0
 * /murder_2/block_map/vis_mode: False
 * /murder_2/opt/MaxAcc: 0.8
 * /murder_2/opt/MaxJer: 25.0
 * /murder_2/opt/MaxVel: 0.6
 * /murder_2/opt/RelCostTolL: 1e-05
 * /murder_2/opt/SwarmAvoid: 1.2
 * /murder_2/opt/WeiAcc: 400.0
 * /murder_2/opt/WeiJer: 50.0
 * /murder_2/opt/WeiPos: 5000.0
 * /murder_2/opt/WeiSwarm: 100.0
 * /murder_2/opt/WeiT: 200.0
 * /murder_2/opt/WeiVel: 800.0
 * /murder_2/opt/WeiminT: 10.0
 * /murder_2/opt/YawAcc: 0.8
 * /murder_2/opt/YawVel: 0.65
 * /murder_2/opt/integralIntervs: 16
 * /murder_2/opt/smoothingEps: 0.01
 * /rosdistro: noetic
 * /rosversion: 1.17.4
 * /sim1_bridge_exp_tcp_sim/computer_num: 1
 * /sim1_bridge_exp_tcp_sim/drone_num: 2
 * /sim1_bridge_exp_tcp_sim/ground_station_num: 0
 * /sim1_bridge_exp_tcp_sim/is_ground_station: True
 * /sim1_bridge_exp_tcp_sim/max_tolerable_delay: 0.25
 * /sim1_bridge_exp_tcp_sim/self_id: 1
 * /sim1_bridge_exp_tcp_sim/sim_ip_1: 127.0.0.1
 * /sim1_bridge_exp_tcp_sim/sim_num_1: 2
 * /traj_exc_node1/Computation/data_name0: gvp
 * /traj_exc_node1/Computation/data_name1: local
 * /traj_exc_node1/Computation/data_name2: global
 * /traj_exc_node1/Computation/data_num: 3
 * /traj_exc_node1/Computation/dir: /home/charliedog/...
 * /traj_exc_node1/Computation/vdata_name0: volume
 * /traj_exc_node1/Computation/vdata_name1: DTG
 * /traj_exc_node1/Computation/vdata_name2: pose
 * /traj_exc_node1/Computation/vdata_name3: traj
 * /traj_exc_node1/Computation/vdata_name4: job
 * /traj_exc_node1/Computation/vdata_name5: state
 * /traj_exc_node1/Computation/vdata_name6: map
 * /traj_exc_node1/Computation/vdata_name7: mapreq
 * /traj_exc_node1/Computation/vdata_name8: total
 * /traj_exc_node1/Computation/vdata_num: 9
 * /traj_exc_node1/EXP/finish_hold_duration: 15.0
 * /traj_exc_node1/Exp/AutoTakeoff: True
 * /traj_exc_node1/Exp/acc_off: -0.5
 * /traj_exc_node1/Exp/check_duration: 3.5
 * /traj_exc_node1/Exp/colli_range: 0.8
 * /traj_exc_node1/Exp/exc_duration: 0.5
 * /traj_exc_node1/Exp/finish_thresh: 0.5
 * /traj_exc_node1/Exp/global_comm_freq: 0.5
 * /traj_exc_node1/Exp/global_path_search: 3000
 * /traj_exc_node1/Exp/local_comm_freq: 5.0
 * /traj_exc_node1/Exp/local_dist_thresh: 7.0
 * /traj_exc_node1/Exp/local_path_search: 1000
 * /traj_exc_node1/Exp/maxX: 6.0
 * /traj_exc_node1/Exp/maxY: 6.0
 * /traj_exc_node1/Exp/maxZ: 3.0
 * /traj_exc_node1/Exp/minX: -6.0
 * /traj_exc_node1/Exp/minY: -6.0
 * /traj_exc_node1/Exp/minZ: 0.0
 * /traj_exc_node1/Exp/reach_out_t: 0.1
 * /traj_exc_node1/Exp/replan_duration: 1.5
 * /traj_exc_node1/Exp/robot_sizeX: 0.48
 * /traj_exc_node1/Exp/robot_sizeY: 0.48
 * /traj_exc_node1/Exp/robot_sizeZ: 0.3
 * /traj_exc_node1/Exp/show_swarm_traj: False
 * /traj_exc_node1/Exp/statistic: True
 * /traj_exc_node1/Exp/strong_check_interval: 3.0
 * /traj_exc_node1/Exp/swarm_check: True
 * /traj_exc_node1/Exp/takeoff_x: -4.0
 * /traj_exc_node1/Exp/takeoff_y: -3.0
 * /traj_exc_node1/Exp/takeoff_yaw: 0.0
 * /traj_exc_node1/Exp/takeoff_z: 1.2
 * /traj_exc_node1/Exp/traj_length: 10.0
 * /traj_exc_node1/Frontier/FOV_hor_num: 15
 * /traj_exc_node1/Frontier/FOV_ver_num: 10
 * /traj_exc_node1/Frontier/cam_hor: 2.0943951023931953
 * /traj_exc_node1/Frontier/cam_ver: 2.0943951023931953
 * /traj_exc_node1/Frontier/grid_scale: 2.0
 * /traj_exc_node1/Frontier/min_vp_num: 6
 * /traj_exc_node1/Frontier/observe_thresh: 0.85
 * /traj_exc_node1/Frontier/ray_samp_dist1: 0.2
 * /traj_exc_node1/Frontier/ray_samp_dist2: 0.1
 * /traj_exc_node1/Frontier/resample_duration: 0.8
 * /traj_exc_node1/Frontier/sample_dist_num: 2
 * /traj_exc_node1/Frontier/sample_hor_dir_num: 10
 * /traj_exc_node1/Frontier/sample_max_range: 2.2
 * /traj_exc_node1/Frontier/sample_ver_dir_num: 3
 * /traj_exc_node1/Frontier/sensor_type: Depth_Camera
 * /traj_exc_node1/Frontier/show_frontier: True
 * /traj_exc_node1/Frontier/viewpoint_thresh: 1.3
 * /traj_exc_node1/GVD/allowance: 0.08
 * /traj_exc_node1/GVD/lambda: 0.1
 * /traj_exc_node1/GVD/partition_frequency: 0.33
 * /traj_exc_node1/GVD/show_gvd: True
 * /traj_exc_node1/GVD/tau: 0.2
 * /traj_exc_node1/LowResMap/blockX: 5
 * /traj_exc_node1/LowResMap/blockY: 5
 * /traj_exc_node1/LowResMap/blockZ: 3
 * /traj_exc_node1/LowResMap/corridor_expX: 2
 * /traj_exc_node1/LowResMap/corridor_expY: 2
 * /traj_exc_node1/LowResMap/corridor_expZ: 1
 * /traj_exc_node1/LowResMap/debug: True
 * /traj_exc_node1/LowResMap/lambda_heu: 5.0
 * /traj_exc_node1/LowResMap/localgraph_sizex: 14.0
 * /traj_exc_node1/LowResMap/localgraph_sizey: 14.0
 * /traj_exc_node1/LowResMap/localgraph_sizez: 8.0
 * /traj_exc_node1/LowResMap/node_x: 0.6
 * /traj_exc_node1/LowResMap/node_y: 0.6
 * /traj_exc_node1/LowResMap/node_z: 0.6
 * /traj_exc_node1/LowResMap/occ_duration: 2.0
 * /traj_exc_node1/LowResMap/prune_seg_length: 6.5
 * /traj_exc_node1/LowResMap/resolution: 0.1
 * /traj_exc_node1/LowResMap/seg_length: 2.5
 * /traj_exc_node1/LowResMap/show_dtg: False
 * /traj_exc_node1/LowResMap/showmap: True
 * /traj_exc_node1/LowResMap/unknown_duration: 0.2
 * /traj_exc_node1/MR_DTG/H_thresh: 5.5
 * /traj_exc_node1/MR_DTG/Toporange: 10.0
 * /traj_exc_node1/MR_DTG/resX: 2.0
 * /traj_exc_node1/MR_DTG/resY: 2.0
 * /traj_exc_node1/MR_DTG/resZ: 2.0
 * /traj_exc_node1/MR_DTG/show_edge_details: False
 * /traj_exc_node1/MR_DTG/update_FF: False
 * /traj_exc_node1/block_map/CamtoBody_Quater_w: 1.0
 * /traj_exc_node1/block_map/CamtoBody_Quater_x: 0.0
 * /traj_exc_node1/block_map/CamtoBody_Quater_y: 0.0
 * /traj_exc_node1/block_map/CamtoBody_Quater_z: 0.0
 * /traj_exc_node1/block_map/CamtoBody_x: 0.0
 * /traj_exc_node1/block_map/CamtoBody_y: 0.0
 * /traj_exc_node1/block_map/CamtoBody_z: 0.4
 * /traj_exc_node1/block_map/FFD: False
 * /traj_exc_node1/block_map/RobotVisX: 0.81
 * /traj_exc_node1/block_map/RobotVisY: 0.81
 * /traj_exc_node1/block_map/RobotVisZ: 0.41
 * /traj_exc_node1/block_map/blockX: 10
 * /traj_exc_node1/block_map/blockY: 10
 * /traj_exc_node1/block_map/blockZ: 10
 * /traj_exc_node1/block_map/depth: True
 * /traj_exc_node1/block_map/depth_step: 2
 * /traj_exc_node1/block_map/maxX: 6.0
 * /traj_exc_node1/block_map/maxY: 6.0
 * /traj_exc_node1/block_map/maxZ: 3.0
 * /traj_exc_node1/block_map/minX: -6.0
 * /traj_exc_node1/block_map/minY: -6.0
 * /traj_exc_node1/block_map/minZ: 0.0
 * /traj_exc_node1/block_map/min_finish_t: 45.0
 * /traj_exc_node1/block_map/occ_max: 0.9
 * /traj_exc_node1/block_map/occ_min: 0.2
 * /traj_exc_node1/block_map/pro_hit_occ: 0.9
 * /traj_exc_node1/block_map/pro_miss_free: 0.75
 * /traj_exc_node1/block_map/resolution: 0.1
 * /traj_exc_node1/block_map/sensor_max_range: 4.5
 * /traj_exc_node1/block_map/show_block: True
 * /traj_exc_node1/block_map/show_freq: 10.0
 * /traj_exc_node1/block_map/statistic_v: True
 * /traj_exc_node1/block_map/swarm_pub_thresh: 0.975
 * /traj_exc_node1/block_map/swarm_send_delay: 2.0
 * /traj_exc_node1/block_map/swarm_tol: 0.3
 * /traj_exc_node1/block_map/update_freq: 10.0
 * /traj_exc_node1/block_map/vis_mode: False
 * /traj_exc_node1/opt/MaxAcc: 0.8
 * /traj_exc_node1/opt/MaxJer: 25.0
 * /traj_exc_node1/opt/MaxVel: 0.6
 * /traj_exc_node1/opt/RelCostTolL: 1e-05
 * /traj_exc_node1/opt/SwarmAvoid: 1.2
 * /traj_exc_node1/opt/WeiAcc: 400.0
 * /traj_exc_node1/opt/WeiJer: 50.0
 * /traj_exc_node1/opt/WeiPos: 5000.0
 * /traj_exc_node1/opt/WeiSwarm: 100.0
 * /traj_exc_node1/opt/WeiT: 200.0
 * /traj_exc_node1/opt/WeiVel: 800.0
 * /traj_exc_node1/opt/WeiminT: 10.0
 * /traj_exc_node1/opt/YawAcc: 0.8
 * /traj_exc_node1/opt/YawVel: 0.65
 * /traj_exc_node1/opt/integralIntervs: 16
 * /traj_exc_node1/opt/smoothingEps: 0.01
 * /traj_exc_node2/Computation/data_name0: gvp
 * /traj_exc_node2/Computation/data_name1: local
 * /traj_exc_node2/Computation/data_name2: global
 * /traj_exc_node2/Computation/data_num: 3
 * /traj_exc_node2/Computation/dir: /home/charliedog/...
 * /traj_exc_node2/Computation/vdata_name0: volume
 * /traj_exc_node2/Computation/vdata_name1: DTG
 * /traj_exc_node2/Computation/vdata_name2: pose
 * /traj_exc_node2/Computation/vdata_name3: traj
 * /traj_exc_node2/Computation/vdata_name4: job
 * /traj_exc_node2/Computation/vdata_name5: state
 * /traj_exc_node2/Computation/vdata_name6: map
 * /traj_exc_node2/Computation/vdata_name7: mapreq
 * /traj_exc_node2/Computation/vdata_name8: total
 * /traj_exc_node2/Computation/vdata_num: 9
 * /traj_exc_node2/EXP/finish_hold_duration: 15.0
 * /traj_exc_node2/Exp/AutoTakeoff: True
 * /traj_exc_node2/Exp/acc_off: -0.5
 * /traj_exc_node2/Exp/check_duration: 3.5
 * /traj_exc_node2/Exp/colli_range: 0.8
 * /traj_exc_node2/Exp/exc_duration: 0.5
 * /traj_exc_node2/Exp/finish_thresh: 0.5
 * /traj_exc_node2/Exp/global_comm_freq: 0.5
 * /traj_exc_node2/Exp/global_path_search: 3000
 * /traj_exc_node2/Exp/local_comm_freq: 5.0
 * /traj_exc_node2/Exp/local_dist_thresh: 7.0
 * /traj_exc_node2/Exp/local_path_search: 1000
 * /traj_exc_node2/Exp/maxX: 6.0
 * /traj_exc_node2/Exp/maxY: 6.0
 * /traj_exc_node2/Exp/maxZ: 3.0
 * /traj_exc_node2/Exp/minX: -6.0
 * /traj_exc_node2/Exp/minY: -6.0
 * /traj_exc_node2/Exp/minZ: 0.0
 * /traj_exc_node2/Exp/reach_out_t: 0.1
 * /traj_exc_node2/Exp/replan_duration: 1.5
 * /traj_exc_node2/Exp/robot_sizeX: 0.48
 * /traj_exc_node2/Exp/robot_sizeY: 0.48
 * /traj_exc_node2/Exp/robot_sizeZ: 0.3
 * /traj_exc_node2/Exp/show_swarm_traj: False
 * /traj_exc_node2/Exp/statistic: True
 * /traj_exc_node2/Exp/strong_check_interval: 3.0
 * /traj_exc_node2/Exp/swarm_check: True
 * /traj_exc_node2/Exp/takeoff_x: -4.0
 * /traj_exc_node2/Exp/takeoff_y: 3.0
 * /traj_exc_node2/Exp/takeoff_yaw: 0.0
 * /traj_exc_node2/Exp/takeoff_z: 1.2
 * /traj_exc_node2/Exp/traj_length: 10.0
 * /traj_exc_node2/Frontier/FOV_hor_num: 15
 * /traj_exc_node2/Frontier/FOV_ver_num: 10
 * /traj_exc_node2/Frontier/cam_hor: 2.0943951023931953
 * /traj_exc_node2/Frontier/cam_ver: 2.0943951023931953
 * /traj_exc_node2/Frontier/grid_scale: 2.0
 * /traj_exc_node2/Frontier/min_vp_num: 6
 * /traj_exc_node2/Frontier/observe_thresh: 0.85
 * /traj_exc_node2/Frontier/ray_samp_dist1: 0.2
 * /traj_exc_node2/Frontier/ray_samp_dist2: 0.1
 * /traj_exc_node2/Frontier/resample_duration: 0.8
 * /traj_exc_node2/Frontier/sample_dist_num: 2
 * /traj_exc_node2/Frontier/sample_hor_dir_num: 10
 * /traj_exc_node2/Frontier/sample_max_range: 2.2
 * /traj_exc_node2/Frontier/sample_ver_dir_num: 3
 * /traj_exc_node2/Frontier/sensor_type: Depth_Camera
 * /traj_exc_node2/Frontier/show_frontier: True
 * /traj_exc_node2/Frontier/viewpoint_thresh: 1.3
 * /traj_exc_node2/GVD/allowance: 0.08
 * /traj_exc_node2/GVD/lambda: 0.1
 * /traj_exc_node2/GVD/partition_frequency: 0.33
 * /traj_exc_node2/GVD/show_gvd: True
 * /traj_exc_node2/GVD/tau: 0.2
 * /traj_exc_node2/LowResMap/blockX: 5
 * /traj_exc_node2/LowResMap/blockY: 5
 * /traj_exc_node2/LowResMap/blockZ: 3
 * /traj_exc_node2/LowResMap/corridor_expX: 2
 * /traj_exc_node2/LowResMap/corridor_expY: 2
 * /traj_exc_node2/LowResMap/corridor_expZ: 1
 * /traj_exc_node2/LowResMap/debug: True
 * /traj_exc_node2/LowResMap/lambda_heu: 5.0
 * /traj_exc_node2/LowResMap/localgraph_sizex: 14.0
 * /traj_exc_node2/LowResMap/localgraph_sizey: 14.0
 * /traj_exc_node2/LowResMap/localgraph_sizez: 8.0
 * /traj_exc_node2/LowResMap/node_x: 0.6
 * /traj_exc_node2/LowResMap/node_y: 0.6
 * /traj_exc_node2/LowResMap/node_z: 0.6
 * /traj_exc_node2/LowResMap/occ_duration: 2.0
 * /traj_exc_node2/LowResMap/prune_seg_length: 6.5
 * /traj_exc_node2/LowResMap/resolution: 0.1
 * /traj_exc_node2/LowResMap/seg_length: 2.5
 * /traj_exc_node2/LowResMap/show_dtg: False
 * /traj_exc_node2/LowResMap/showmap: True
 * /traj_exc_node2/LowResMap/unknown_duration: 0.2
 * /traj_exc_node2/MR_DTG/H_thresh: 5.5
 * /traj_exc_node2/MR_DTG/Toporange: 10.0
 * /traj_exc_node2/MR_DTG/resX: 2.0
 * /traj_exc_node2/MR_DTG/resY: 2.0
 * /traj_exc_node2/MR_DTG/resZ: 2.0
 * /traj_exc_node2/MR_DTG/show_edge_details: False
 * /traj_exc_node2/MR_DTG/update_FF: False
 * /traj_exc_node2/block_map/CamtoBody_Quater_w: 1.0
 * /traj_exc_node2/block_map/CamtoBody_Quater_x: 0.0
 * /traj_exc_node2/block_map/CamtoBody_Quater_y: 0.0
 * /traj_exc_node2/block_map/CamtoBody_Quater_z: 0.0
 * /traj_exc_node2/block_map/CamtoBody_x: 0.0
 * /traj_exc_node2/block_map/CamtoBody_y: 0.0
 * /traj_exc_node2/block_map/CamtoBody_z: 0.4
 * /traj_exc_node2/block_map/FFD: False
 * /traj_exc_node2/block_map/RobotVisX: 0.81
 * /traj_exc_node2/block_map/RobotVisY: 0.81
 * /traj_exc_node2/block_map/RobotVisZ: 0.41
 * /traj_exc_node2/block_map/blockX: 10
 * /traj_exc_node2/block_map/blockY: 10
 * /traj_exc_node2/block_map/blockZ: 10
 * /traj_exc_node2/block_map/depth: True
 * /traj_exc_node2/block_map/depth_step: 2
 * /traj_exc_node2/block_map/maxX: 6.0
 * /traj_exc_node2/block_map/maxY: 6.0
 * /traj_exc_node2/block_map/maxZ: 3.0
 * /traj_exc_node2/block_map/minX: -6.0
 * /traj_exc_node2/block_map/minY: -6.0
 * /traj_exc_node2/block_map/minZ: 0.0
 * /traj_exc_node2/block_map/min_finish_t: 45.0
 * /traj_exc_node2/block_map/occ_max: 0.9
 * /traj_exc_node2/block_map/occ_min: 0.2
 * /traj_exc_node2/block_map/pro_hit_occ: 0.9
 * /traj_exc_node2/block_map/pro_miss_free: 0.75
 * /traj_exc_node2/block_map/resolution: 0.1
 * /traj_exc_node2/block_map/sensor_max_range: 4.5
 * /traj_exc_node2/block_map/show_block: True
 * /traj_exc_node2/block_map/show_freq: 10.0
 * /traj_exc_node2/block_map/statistic_v: True
 * /traj_exc_node2/block_map/swarm_pub_thresh: 0.975
 * /traj_exc_node2/block_map/swarm_send_delay: 2.0
 * /traj_exc_node2/block_map/swarm_tol: 0.3
 * /traj_exc_node2/block_map/update_freq: 10.0
 * /traj_exc_node2/block_map/vis_mode: False
 * /traj_exc_node2/opt/MaxAcc: 0.8
 * /traj_exc_node2/opt/MaxJer: 25.0
 * /traj_exc_node2/opt/MaxVel: 0.6
 * /traj_exc_node2/opt/RelCostTolL: 1e-05
 * /traj_exc_node2/opt/SwarmAvoid: 1.2
 * /traj_exc_node2/opt/WeiAcc: 400.0
 * /traj_exc_node2/opt/WeiJer: 50.0
 * /traj_exc_node2/opt/WeiPos: 5000.0
 * /traj_exc_node2/opt/WeiSwarm: 100.0
 * /traj_exc_node2/opt/WeiT: 200.0
 * /traj_exc_node2/opt/WeiVel: 800.0
 * /traj_exc_node2/opt/WeiminT: 10.0
 * /traj_exc_node2/opt/YawAcc: 0.8
 * /traj_exc_node2/opt/YawVel: 0.65
 * /traj_exc_node2/opt/integralIntervs: 16
 * /traj_exc_node2/opt/smoothingEps: 0.01
 * /use_sim_time: True

NODES
  /
    murder_1 (murder_swarm/murder_swarm_node)
    murder_2 (murder_swarm/murder_swarm_node)
    sim1_bridge_exp_tcp_sim (swarm_exp_bridge/swarm_exp_bridge_tcp_sim)
    traj_exc_node1 (traj_exc/traj_exc_node)
    traj_exc_node2 (traj_exc/traj_exc_node)
command:mkdir /home/charliedog/data/swarm/maze4/MURDER/2/2026_10_5_11_29_40_1
path_:/home/charliedog/data/swarm/maze4/MURDER/2/2026_10_5_11_29_40_1
command:mkdir /home/charliedog/data/swarm/maze4/MURDER/2/2026_10_5_11_29_40_2
path_:/home/charliedog/data/swarm/maze4/MURDER/2/2026_10_5_11_29_40_2
use_answer_:0
use_answer_:0
robots_scale_:0.81 0.81 0.41
0.9 0.75
edgeblock_size_:2 2 1
origin_:-6 -6  0
block_num_:13 13  4
last_update_:-10
update_interval_:0.1
thr_max_:2.19722
thr_min_:-1.38629
robots_scale_:0.81 0.81 0.41
0.9 0.75
pro_hit_:1.28093
pro_miss_:-1.09861
edgeblock_size_:2 2 1
origin_:-6 -6  0
block_num_:13 13  4
last_update_:-10
update_interval_:0.1
thr_max_:2.19722
thr_min_:-1.38629
0.588235
0
pro_hit_:1.28093
pro_miss_:-1.09861
1
0.486275
0.945098
0
1
1
0
0.952941
0.560784
0.439216
0.588235
0
1
0.486275
0.945098
0
1
1
0
0.952941
0.560784
0.439216
origin_:-6.3 -6.3    0
map_upbd_:6.2999 6.2999 3.4999
map_lowbd_:-6.2999 -6.2999  0.0001
mapscale_:12.6 12.6  3.5
blockscale_:3.5 3.5 2.1
edgeblock_scale_:2.1 2.1 1.4
block_size_:5 5 3
voxel_num_:18 18  5
block_num_:4 4 2
node_size_:7 7 7
node_scale_:0.7 0.7 0.7
localgraph_scale:14 14  8
drone_num:2
localgraph_size_:20 20 12
origin_:-6.3 -6.3    0
map_upbd_:6.2999 6.2999 3.4999
map_lowbd_:-6.2999 -6.2999  0.0001
mapscale_:12.6 12.6  3.5
blockscale_:3.5 3.5 2.1
edgeblock_scale_:2.1 2.1 1.4
block_size_:5 5 3
voxel_num_:18 18  5
block_num_:4 4 2
node_size_:7 7 7
node_scale_:0.7 0.7 0.7
localgraph_scale:14 14  8
drone_num:2
localgraph_size_:20 20 12
node_scale_:2
up_bd_:6 6 3
origin_:-6 -6  0
node_num_:6 6 2
use_swarm_:1
SDM_->drone_num_:2
SDM_->is_ground_:0
fn_vp_size_:15
vp_max_:60
[33m[WARN] [1791199780.395939877]: use camera[0m
node_scale_:2
up_bd_:6 6 3
origin_:-6 -6  0
node_num_:6 6 2
0samp d:1.73105
1samp d:2.199
use_swarm_:1
SDM_->drone_num_:2
SDM_->is_ground_:0
fn_vp_size_:15
vp_max_:60
[33m[WARN] [1791199780.397170170]: use camera[0m
0samp d:1.73105
1samp d:2.199
samp_h_dir_num_:10
samp_v_dir_num_:3
samp_dist_num_:2
samp_num_:60
sensor_type_:1
samp_h_dir_num_:10
samp_v_dir_num_:3
samp_dist_num_:2
samp_num_:60
sensor_type_:1
F_depot72  72
72
vox_num_:6 6 2  map_upbd_ - origin_:12 12  3
DTG origin:-6 -6  0
DTG topo_range:10
DTG H_thresh_:5.5
DTG eurange:7.75
DTG update_FF_:0
DTG map_upbd_:6.2999 6.2999 3.4999
F_depot72  72
72
DTG vox_num_:6 6 2
DTG vox_scl_:2 2 2
vox_num_:6 6 2  map_upbd_ - origin_:12 12  3
DTG uav_id_:1
DTG drone_num_:2
DTG origin:-6 -6  0
DTG topo_range:10
DTG H_thresh_:5.5
DTG eurange:7.75
DTG update_FF_:0
DTG map_upbd_:6.2999 6.2999 3.4999
DTG vox_num_:6 6 2
DTG vox_scl_:2 2 2
DTG uav_id_:2
DTG drone_num_:2
 -3.99824   -2.9992 0.0825023[0;31m collide!!!!! [0m
[33m[WARN] [1791199793.556269000, 0.216000000]: id:1 Infeasible1! DTG refuse to update![0m
 -3.99764    2.9958 0.0798728[0;31m collide!!!!! [0m
[33m[WARN] [1791199793.564458178, 0.216000000]: id:2 Infeasible1! DTG refuse to update![0m
-3.99713 -3.00433 0.109713[0;31m collide!!!!! [0m
[33m[WARN] [1791199793.755968275, 0.409000000]: id:1 Infeasible1! DTG refuse to update![0m
-4.00227  3.00449 0.110463[0;31m collide!!!!! [0m
[33m[WARN] [1791199793.762943910, 0.418000000]: id:2 Infeasible1! DTG refuse to update![0m
-4.00778 -3.00349 0.159522[0;31m collide!!!!! [0m
[33m[WARN] [1791199793.967844317, 0.619000000]: id:1 Infeasible1! DTG refuse to update![0m
-3.99065  3.00188  0.15424[0;31m collide!!!!! [0m
[33m[WARN] [1791199793.978200289, 0.628000000]: id:2 Infeasible1! DTG refuse to update![0m
-4.00895 -3.00244 0.205538[0;31m collide!!!!! [0m
[33m[WARN] [1791199794.165777589, 0.818000000]: id:1 Infeasible1! DTG refuse to update![0m
  -3.994  2.99779 0.213603[0;31m collide!!!!! [0m
[33m[WARN] [1791199794.176464187, 0.827000000]: id:2 Infeasible1! DTG refuse to update![0m
-4.00306 -2.99803 0.265782[0;31m collide!!!!! [0m
[33m[WARN] [1791199794.360883066, 1.008999999]: id:1 Infeasible1! DTG refuse to update![0m
 -3.9957  2.99876 0.263627[0;31m collide!!!!! [0m
[33m[WARN] [1791199794.373326833, 1.020000000]: id:2 Infeasible1! DTG refuse to update![0m
-3.99736 -2.99465  0.31561[0;31m collide!!!!! [0m
[33m[WARN] [1791199794.562196510, 1.207000000]: id:1 Infeasible1! DTG refuse to update![0m
-4.00155  2.99665 0.319617[0;31m collide!!!!! [0m
[33m[WARN] [1791199794.571847356, 1.217000000]: id:2 Infeasible1! DTG refuse to update![0m
-4.00338 -2.99411 0.384204[0;31m collide!!!!! [0m
[33m[WARN] [1791199794.763649995, 1.411999999]: id:1 Infeasible1! DTG refuse to update![0m
-4.00865  2.99673 0.382822[0;31m collide!!!!! [0m
[33m[WARN] [1791199794.774383343, 1.421000000]: id:2 Infeasible1! DTG refuse to update![0m
-3.99576 -3.00469 0.433047[0;31m collide!!!!! [0m
[33m[WARN] [1791199794.962732894, 1.612000000]: id:1 Infeasible1! DTG refuse to update![0m
-3.99364  2.99753  0.43646[0;31m collide!!!!! [0m
[33m[WARN] [1791199794.971240406, 1.621999999]: id:2 Infeasible1! DTG refuse to update![0m
-3.99963 -2.99598 0.484668[0;31m collide!!!!! [0m
[33m[WARN] [1791199795.169417178, 1.809000000]: id:1 Infeasible1! DTG refuse to update![0m
-4.00426  2.99285 0.501585[0;31m collide!!!!! [0m
[33m[WARN] [1791199795.180124985, 1.819000000]: id:2 Infeasible1! DTG refuse to update![0m
 -4.0058 -2.99501 0.548838[0;31m collide!!!!! [0m
[33m[WARN] [1791199795.373446501, 2.007000000]: id:1 Infeasible1! DTG refuse to update![0m
-3.99699  2.99243 0.563051[0;31m collide!!!!! [0m
[33m[WARN] [1791199795.380007218, 2.016999999]: id:2 Infeasible1! DTG refuse to update![0m
-4.00566 -3.00031 0.609696[0;31m collide!!!!! [0m
[33m[WARN] [1791199795.573308734, 2.205999999]: id:1 Infeasible1! DTG refuse to update![0m
-4.00532  2.99226  0.61758[0;31m collide!!!!! [0m
[33m[WARN] [1791199795.587606587, 2.225999999]: id:2 Infeasible1! DTG refuse to update![0m
 -3.9993 -3.00491 0.662257[0;31m collide!!!!! [0m
[33m[WARN] [1791199795.775485387, 2.413000000]: id:1 Infeasible1! DTG refuse to update![0m
-3.99521  2.98832 0.670889[0;31m collide!!!!! [0m
[33m[WARN] [1791199795.784982608, 2.423000000]: id:2 Infeasible1! DTG refuse to update![0m
-4.00006 -3.00068  0.72036[0;34m New root [0m
[33m[WARN] [1791199795.979359751, 2.607000000]: id:1 Infeasible1! DTG refuse to update![0m
-3.99773  2.99756 0.722385[0;34m New root [0m
[33m[WARN] [1791199795.986534010, 2.617000000]: id:2 Infeasible1! DTG refuse to update![0m
-4.00638 -3.00189 0.788879[0;31m collide!!!!! [0m
[33m[WARN] [1791199796.190998292, 2.819000000]: id:1 Infeasible1! DTG refuse to update![0m
 -3.9958  2.99666 0.787655[0;31m collide!!!!! [0m
[33m[WARN] [1791199796.210517818, 2.828000000]: id:2 Infeasible1! DTG refuse to update![0m
-4.00549 -2.99654 0.855755[0;31m collide!!!!! [0m
[33m[WARN] [1791199796.389681606, 3.011000000]: id:1 Infeasible1! DTG refuse to update![0m
-3.99557  2.99935 0.842583[0;31m collide!!!!! [0m
[33m[WARN] [1791199796.399854829, 3.020999999]: id:2 Infeasible1! DTG refuse to update![0m
[0;44m id:2 Partition[0m
[0;44m id:1 Partition[0m
[33m[WARN] [1791199796.405583503, 3.031000000]: id:2 LocalGVP![0m
[33m[WARN] [1791199796.405811004, 3.031000000]: id:1 LocalGVP![0m
-4.00694 -3.00575 0.909456[0;31m collide!!!!! [0m
[33m[WARN] [1791199796.589157631, 3.209999999]: id:1 Infeasible1! DTG refuse to update![0m
-3.99828  3.00423 0.901385[0;31m collide!!!!! [0m
[33m[WARN] [1791199796.596012390, 3.220000000]: id:2 Infeasible1! DTG refuse to update![0m
-4.00004 -3.00516 0.978277[0;34m New root [0m
[33m[WARN] [1791199796.796048790, 3.405000000]: id:1 Infeasible1! DTG refuse to update![0m
-3.99235  3.00078 0.967322[0;34m New root [0m
[33m[WARN] [1791199796.804838760, 3.415000000]: id:2 Infeasible1! DTG refuse to update![0m
-3.99791 -3.00117  1.03321[0;31m collide!!!!! [0m
[33m[WARN] [1791199797.003759201, 3.613999999]: id:1 Infeasible1! DTG refuse to update![0m
-3.99242  3.00486  1.02998[0;31m collide!!!!! [0m
[33m[WARN] [1791199797.009551959, 3.623000000]: id:2 Infeasible1! DTG refuse to update![0m
-4.00265 -3.00184  1.08767[0;31m collide!!!!! [0m
[33m[WARN] [1791199797.307195534, 3.820000000]: id:1 Infeasible1! DTG refuse to update![0m
-4.00861  2.99607  1.08945[0;31m collide!!!!! [0m
[33m[WARN] [1791199797.313808543, 3.820000000]: id:2 Infeasible1! DTG refuse to update![0m
-4.0008      -3 1.13786[0;31m collide!!!!! [0m
[33m[WARN] [1791199797.503297512, 4.012999999]: id:1 Infeasible1! DTG refuse to update![0m
-4.0031 2.99545 1.12574[0;31m collide!!!!! [0m
[33m[WARN] [1791199797.512319733, 4.022000000]: id:2 Infeasible1! DTG refuse to update![0m
-3.99716 -3.00054   1.1574[0;34m New root [0m
[33m[WARN] [1791199797.705239790, 4.205000000]: id:1 Infeasible1! DTG refuse to update![0m
-3.99501   2.9964  1.14847[0;34m New root [0m
[33m[WARN] [1791199797.714696511, 4.214000000]: id:2 Infeasible1! DTG refuse to update![0m
-3.99368 -2.99648  1.17422[0;31m collide!!!!! [0m
[33m[WARN] [1791199797.904813939, 4.407000000]: id:1 Infeasible1! DTG refuse to update![0m
-3.99801  2.99901  1.16379[0;31m collide!!!!! [0m
[33m[WARN] [1791199797.912103491, 4.416000000]: id:2 Infeasible1! DTG refuse to update![0m
 -3.9925 -2.99001  1.17549[0;31m collide!!!!! [0m
[33m[WARN] [1791199798.105116089, 4.609000000]: id:1 Infeasible1! DTG refuse to update![0m
-3.99961  3.00449  1.17434[0;31m collide!!!!! [0m
[33m[WARN] [1791199798.112841975, 4.609000000]: id:2 Infeasible1! DTG refuse to update![0m
 -3.9977 -2.99109  1.18623[0;31m collide!!!!! [0m
[33m[WARN] [1791199798.311990582, 4.810000000]: id:1 Infeasible1! DTG refuse to update![0m
-3.99977  3.00044  1.18555[0;31m collide!!!!! [0m
[33m[WARN] [1791199798.317674089, 4.820000000]: id:2 Infeasible1! DTG refuse to update![0m
 -3.9976 -2.99003  1.18224[0;34m New root [0m
[33m[WARN] [1791199798.512198232, 5.012999999]: id:1 Infeasible1! DTG refuse to update![0m
-4.00207  2.99149  1.18828[0;34m New root [0m
[33m[WARN] [1791199798.519659159, 5.022000000]: id:2 Infeasible1! DTG refuse to update![0m
-4.00587 -2.99874  1.18712[0;31m collide!!!!! [0m
[33m[WARN] [1791199798.712042423, 5.214000000]: id:1 Infeasible1! DTG refuse to update![0m
-3.99567   2.9961  1.18602[0;31m collide!!!!! [0m
[33m[WARN] [1791199798.719398391, 5.214000000]: id:2 Infeasible1! DTG refuse to update![0m
-4.00502 -3.00486  1.19111[0;31m collide!!!!! [0m
[33m[WARN] [1791199798.910749404, 5.407000000]: id:1 Infeasible1! DTG refuse to update![0m
-4.00099  2.99884  1.19793[0;31m collide!!!!! [0m
[33m[WARN] [1791199798.917564164, 5.416000000]: id:2 Infeasible1! DTG refuse to update![0m
-3.99686 -3.00128  1.18379[0;31m collide!!!!! [0m
[33m[WARN] [1791199799.109584177, 5.609000000]: id:1 Infeasible1! DTG refuse to update![0m
-3.99871  3.00265  1.18998[0;31m collide!!!!! [0m
[33m[WARN] [1791199799.117750980, 5.618000000]: id:2 Infeasible1! DTG refuse to update![0m
-4.00002 -3.00377  1.20214[0;34m New root [0m
[33m[WARN] [1791199799.310288495, 5.801000000]: id:1 Infeasible1! DTG refuse to update![0m
-4.00857  2.99479  1.19425[0;34m New root [0m
[33m[WARN] [1791199799.315799127, 5.810000000]: id:2 Infeasible1! DTG refuse to update![0m
-3.99443 -3.00415  1.19633[0;31m collide!!!!! [0m
[33m[WARN] [1791199799.511110395, 6.003000000]: id:1 Infeasible1! DTG refuse to update![0m
-3.99738  2.99494  1.20357[0;31m collide!!!!! [0m
[33m[WARN] [1791199799.516061819, 6.012999999]: id:2 Infeasible1! DTG refuse to update![0m
[0;44m id:1 Partition[0m
[0;44m id:2 Partition[0m
[33m[WARN] [1791199799.557867668, 6.060999999]: id:1 LocalGVP![0m
[33m[WARN] [1791199799.557973960, 6.060999999]: id:2 LocalGVP![0m
-3.99714 -2.99751  1.20176[0;31m collide!!!!! [0m
[33m[WARN] [1791199799.708452958, 6.205000000]: id:1 Infeasible1! DTG refuse to update![0m
-3.99741  2.99806  1.19263[0;31m collide!!!!! [0m
[33m[WARN] [1791199799.717824471, 6.214000000]: id:2 Infeasible1! DTG refuse to update![0m
-4.00667 -2.99655  1.19644[0;31m collide!!!!! [0m
[33m[WARN] [1791199799.909945735, 6.407000000]: id:1 Infeasible1! DTG refuse to update![0m
-3.98806  3.00223      1.2[0;31m collide!!!!! [0m
[33m[WARN] [1791199799.915378825, 6.416000000]: id:2 Infeasible1! DTG refuse to update![0m
-4.00289 -2.99951  1.20233[0;34m New root [0m
[33m[WARN] [1791199800.112659596, 6.609000000]: id:1 Infeasible1! DTG refuse to update![0m
-3.99403  3.00578  1.19671[0;34m New root [0m
[33m[WARN] [1791199800.119184272, 6.618000000]: id:2 Infeasible1! DTG refuse to update![0m
 -3.9986 -2.99606  1.20601[0;31m collide!!!!! [0m
[33m[WARN] [1791199800.308205240, 6.810000000]: id:1 Infeasible1! DTG refuse to update![0m
-3.9984 3.00425 1.20577[0;31m collide!!!!! [0m
[33m[WARN] [1791199800.316751085, 6.820000000]: id:2 Infeasible1! DTG refuse to update![0m
-4.00339 -3.00097  1.19714[0;31m collide!!!!! [0m
[33m[WARN] [1791199800.510530767, 7.012999999]: id:1 Infeasible1! DTG refuse to update![0m
-4.00075  3.01036  1.21238[0;31m collide!!!!! [0m
[33m[WARN] [1791199800.518439487, 7.012999999]: id:2 Infeasible1! DTG refuse to update![0m
-4.00512  -3.0061  1.19964[0;31m collide!!!!! [0m
[33m[WARN] [1791199800.710858167, 7.205000000]: id:1 Infeasible1! DTG refuse to update![0m
-4.00379  3.00764  1.19736[0;31m collide!!!!! [0m
[33m[WARN] [1791199800.717134384, 7.214000000]: id:2 Infeasible1! DTG refuse to update![0m
-3.99359 -3.00123  1.19906[0;34m New root [0m
[33m[WARN] [1791199800.910017024, 7.407000000]: id:1 Infeasible1! DTG refuse to update![0m
-3.99548  3.00321  1.20477[0;34m New root [0m
[33m[WARN] [1791199800.918719411, 7.416000000]: id:2 Infeasible1! DTG refuse to update![0m
-3.99176 -3.01083  1.19903[0;31m collide!!!!! [0m
[33m[WARN] [1791199801.112464427, 7.609000000]: id:1 Infeasible1! DTG refuse to update![0m
-4.00082  3.00086  1.20914[0;31m collide!!!!! [0m
[33m[WARN] [1791199801.118354518, 7.618000000]: id:2 Infeasible1! DTG refuse to update![0m
 -4.0029 -3.01076  1.19212[0;31m collide!!!!! [0m
[33m[WARN] [1791199801.315113580, 7.810000000]: id:1 Infeasible1! DTG refuse to update![0m
-4.00223  3.00722  1.20429[0;31m collide!!!!! [0m
[33m[WARN] [1791199801.328070640, 7.820000000]: id:2 Infeasible1! DTG refuse to update![0m
-3.99876 -3.01001  1.19364[0;31m collide!!!!! [0m
[33m[WARN] [1791199801.515328563, 8.002000000]: id:1 Infeasible1! DTG refuse to update![0m
-4.00171  3.00388  1.20219[0;31m collide!!!!! [0m
[33m[WARN] [1791199801.519407652, 8.012000000]: id:2 Infeasible1! DTG refuse to update![0m
-3.99724 -3.00464  1.19474[0;34m New root [0m
[33m[WARN] [1791199801.719523052, 8.214000000]: id:1 Infeasible1! DTG refuse to update![0m
-4.00062  2.99952  1.19755[0;34m New root [0m
[33m[WARN] [1791199801.724277392, 8.214000000]: id:2 Infeasible1! DTG refuse to update![0m
-3.99836 -3.00306  1.18992[0;31m collide!!!!! [0m
[33m[WARN] [1791199801.914199402, 8.406000000]: id:1 Infeasible1! DTG refuse to update![0m
-3.99437  3.00487   1.1962[0;31m collide!!!!! [0m
[33m[WARN] [1791199801.921037245, 8.416000000]: id:2 Infeasible1! DTG refuse to update![0m
-3.99877 -2.99079   1.1933[0;31m collide!!!!! [0m
[33m[WARN] [1791199802.114468469, 8.608000000]: id:1 Infeasible1! DTG refuse to update![0m
-3.99341  3.00589  1.20057[0;31m collide!!!!! [0m
[33m[WARN] [1791199802.120775311, 8.617000000]: id:2 Infeasible1! DTG refuse to update![0m
-3.99329 -2.99581  1.20464[0;31m collide!!!!! [0m
[33m[WARN] [1791199802.314661160, 8.800000000]: id:1 Infeasible1! DTG refuse to update![0m
-4.0009 3.00051 1.19985[0;31m collide!!!!! [0m
[33m[WARN] [1791199802.318267165, 8.810000000]: id:2 Infeasible1! DTG refuse to update![0m
-4.00495 -3.00177  1.20457[0;34m New root [0m
[33m[WARN] [1791199802.514667643, 9.012000000]: id:1 Infeasible1! DTG refuse to update![0m
-3.99479   2.9991  1.19242[0;34m New root [0m
[33m[WARN] [1791199802.523706905, 9.021000000]: id:2 Infeasible1! DTG refuse to update![0m
[0;44m id:2 Partition[0m
[0;44m id:1 Partition[0m
[33m[WARN] [1791199802.599996593, 9.098000000]: id:2 LocalGVP![0m
[33m[WARN] [1791199802.600080676, 9.098000000]: id:1 LocalGVP![0m
 -4.0004 -3.00546  1.20525[0;31m collide!!!!! [0m
[33m[WARN] [1791199802.715918377, 9.204000000]: id:1 Infeasible1! DTG refuse to update![0m
-4.00236  3.00171  1.19688[0;31m collide!!!!! [0m
[33m[WARN] [1791199802.719874882, 9.214000000]: id:2 Infeasible1! DTG refuse to update![0m
-4.00783 -2.99046  1.20001[0;31m collide!!!!! [0m
[33m[WARN] [1791199802.918135654, 9.406000000]: id:1 Infeasible1! DTG refuse to update![0m
-4.00881  3.00036  1.19726[0;31m collide!!!!! [0m
[33m[WARN] [1791199802.922603327, 9.416000000]: id:2 Infeasible1! DTG refuse to update![0m
-4.00236 -3.00085  1.20041[0;31m collide!!!!! [0m
[33m[WARN] [1791199803.119657306, 9.608000000]: id:1 Infeasible1! DTG refuse to update![0m
-3.99839  3.00128  1.20554[0;31m collide!!!!! [0m
[33m[WARN] [1791199803.124058770, 9.617000000]: id:2 Infeasible1! DTG refuse to update![0m
-4.00453 -3.00412  1.19875[0;34m New root [0m
[33m[WARN] [1791199803.317531827, 9.800000000]: id:1 Infeasible1! DTG refuse to update![0m
-4.00501  3.00209  1.20156[0;34m New root [0m
[33m[WARN] [1791199803.321260999, 9.810000000]: id:2 Infeasible1! DTG refuse to update![0m
-4.00386 -2.99346  1.19566[0;31m collide!!!!! [0m
[33m[WARN] [1791199803.516961892, 10.002000000]: id:1 Infeasible1! DTG refuse to update![0m
-4.00758  2.99692  1.20085[0;31m collide!!!!! [0m
[33m[WARN] [1791199803.520630939, 10.012000000]: id:2 Infeasible1! DTG refuse to update![0m
-4.00127   -2.994  1.19996[0;31m collide!!!!! [0m
[33m[WARN] [1791199803.722069632, 10.204000000]: id:1 Infeasible1! DTG refuse to update![0m
-3.99718  3.00179  1.19991[0;31m collide!!!!! [0m
[33m[WARN] [1791199803.735516067, 10.223000000]: id:2 Infeasible1! DTG refuse to update![0m
-3.99677 -2.99222   1.2002[0;31m collide!!!!! [0m
[33m[WARN] [1791199803.924685660, 10.406000000]: id:1 Infeasible1! DTG refuse to update![0m
-3.99937  3.00092  1.20429[0;31m collide!!!!! [0m
[33m[WARN] [1791199803.927938706, 10.416000000]: id:2 Infeasible1! DTG refuse to update![0m
-3.99468  -2.9985  1.19694[0;34m New root [0m
[33m[WARN] [1791199804.129040523, 10.608000000]: id:1 Infeasible1! DTG refuse to update![0m
-3.99913  2.99727  1.20508[0;34m New root [0m
id:2[0;42m try create:-3.85  3.15  1.05  ;-3.99913  2.99727  1.20508 [0m
[0;42m new id:4  25 [0m-3.85  3.15  1.05  ;-3.99913  2.99727  1.20508
id:1[0;42m try create swarm h:-3.85  3.15  1.05  ;-3.85  3.15  1.05 [0m
[0;42m new id:4  25 [0m-3.85  3.15  1.05  ;-3.85  3.15  1.05
-4.00149 -3.00094  1.20142[0;31m collide!!!!! [0m
[33m[WARN] [1791199804.326251835, 10.810000000]: id:1 Infeasible1! DTG refuse to update![0m
-3.99364 -3.00383  1.20359[0;31m collide!!!!! [0m
[33m[WARN] [1791199804.528957238, 11.012000000]: id:1 Infeasible1! DTG refuse to update![0m
-3.99002 -2.99862  1.20084[0;31m collide!!!!! [0m
[33m[WARN] [1791199804.729687847, 11.204000000]: id:1 Infeasible1! DTG refuse to update![0m
-3.99052 -3.00204  1.19676[0;34m New root [0m
[33m[WARN] [1791199804.927182701, 11.406000000]: id:1 Infeasible1! DTG refuse to update![0m
-3.99074 -3.00373  1.20467[0;31m collide!!!!! [0m
[33m[WARN] [1791199805.132761774, 11.608000000]: id:1 Infeasible1! DTG refuse to update![0m
-3.99374 -3.00266  1.20323[0;31m collide!!!!! [0m
[33m[WARN] [1791199805.332536548, 11.810000000]: id:1 Infeasible1! DTG refuse to update![0m
-3.99429 -3.00522  1.20307[0;31m collide!!!!! [0m
[33m[WARN] [1791199805.529906360, 12.002000000]: id:1 Infeasible1! DTG refuse to update![0m
[0;44m id:1 Partition[0m
[33m[WARN] [1791199805.644534100, 12.127000000]: id:1 LocalGVP![0m
[0;44m id:2 Partition[0m
[33m[WARN] [1791199805.644916601, 12.127000000]: id:2 LocalGVP![0m
-3.99856 -3.00204  1.20144[0;34m New root [0m
[33m[WARN] [1791199805.730898427, 12.204000000]: id:1 Infeasible1! DTG refuse to update![0m
-3.99489 -2.99754  1.20044[0;31m collide!!!!! [0m
[33m[WARN] [1791199805.933176496, 12.406000000]: id:1 Infeasible1! DTG refuse to update![0m
-3.99736 -3.00273  1.19185[0;31m collide!!!!! [0m
[33m[WARN] [1791199806.134551272, 12.598000000]: id:1 Infeasible1! DTG refuse to update![0m
-3.99501 -3.00375  1.20544[0;31m collide!!!!! [0m
[33m[WARN] [1791199806.338333634, 12.810000000]: id:1 Infeasible1! DTG refuse to update![0m
-3.99027 -2.99427  1.20567[0;34m New root [0m
id:1[0;42m try create:-3.85 -3.15  1.05  ;-3.99027 -2.99427  1.20567 [0m
[0;42m new id:3  7 [0m-3.85 -3.15  1.05  ;-3.99027 -2.99427  1.20567
id:2[0;42m try create swarm h:-3.85 -3.15  1.05  ;-3.85 -3.15  1.05 [0m
[0;42m new id:3  7 [0m-3.85 -3.15  1.05  ;-3.85 -3.15  1.05
[0;44m id:2 Partition[0m
[0;44m id:1 Partition[0m
[33m[WARN] [1791199808.694666861, 15.156000000]: id:2 LocalGVP![0m
[33m[WARN] [1791199808.694816236, 15.156000000]: id:1 LocalGVP![0m
[0;44m id:2 Partition[0m
[0;44m id:1 Partition[0m
[33m[WARN] [1791199811.735831689, 18.187000000]: id:2 LocalGVP![0m
[33m[WARN] [1791199811.735937356, 18.187000000]: id:1 LocalGVP![0m
from  [0;46mid: 2  SLEEP[0m to [0;46mLOCALPLAN[0m
from  [0;46mid: 1  SLEEP[0m to [0;46mLOCALPLAN[0m
[33m[WARN] [1791199814.130044879, 20.574000000]: id:1 local plan![0m
from  [0;46mid: 1  LOCALPLAN[0m to [0;46mEXCUTE[0m
[33m[WARN] [1791199814.676350583, 21.114000000]: id:2 local plan![0m
from  [0;46mid: 2  LOCALPLAN[0m to [0;46mEXCUTE[0m
from  [0;46mid: 1  EXCUTE[0m to [0;46mLOCALPLAN[0m
[0;44m id:1 Partition[0m
[33m[WARN] [1791199814.777483138, 21.214999999]: id:1 LocalGVP![0m
[0;44m id:2 Partition[0m
[33m[WARN] [1791199814.782988521, 21.214999999]: id:2 LocalGVP![0m
[33m[WARN] [1791199814.976060826, 21.407000000]: id:1 local plan![0m
from  [0;46mid: 1  LOCALPLAN[0m to [0;46mEXCUTE[0m
from  [0;46mid: 2  EXCUTE[0m to [0;46mLOCALPLAN[0m
[33m[WARN] [1791199815.382613548, 21.818000000]: id:2 local plan![0m
from  [0;46mid: 2  LOCALPLAN[0m to [0;46mEXCUTE[0m
vp infeasible
from  [0;46mid: 1  EXCUTE[0m to [0;46mLOCALPLAN[0m
[33m[WARN] [1791199815.777303004, 22.211999999]: id:1 local plan![0m
from  [0;46mid: 1  LOCALPLAN[0m to [0;46mEXCUTE[0m
vp infeasible
from  [0;46mid: 1  EXCUTE[0m to [0;46mLOCALPLAN[0m
[33m[WARN] [1791199816.182837933, 22.614000000]: id:1 local plan![0m
from  [0;46mid: 1  LOCALPLAN[0m to [0;46mEXCUTE[0m
from  [0;46mid: 2  EXCUTE[0m to [0;46mLOCALPLAN[0m
[33m[WARN] [1791199816.382856290, 22.815000000]: id:2 local plan![0m
static_check:0 tc:3.451
[33m[WARN] [1791199816.383721041, 22.815000000]: id:2 swarm collision 1[0m
from  [0;46mid: 2  LOCALPLAN[0m to [0;46mEXCUTE[0m
vp infeasible
from  [0;46mid: 2  EXCUTE[0m to [0;46mLOCALPLAN[0m
[33m[WARN] [1791199816.791670556, 23.217999999]: id:2 local plan![0m
from  [0;46mid: 2  LOCALPLAN[0m to [0;46mEXCUTE[0m
from  [0;46mid: 1  EXCUTE[0m to [0;46mLOCALPLAN[0m
[33m[WARN] [1791199817.393085169, 23.812000000]: id:1 local plan![0m
from  [0;46mid: 1  LOCALPLAN[0m to [0;46mEXCUTE[0m
from  [0;46mid: 2  EXCUTE[0m to [0;46mLOCALPLAN[0m
[0;44m id:2 Partition[0m
[33m[WARN] [1791199817.830033724, 24.251000000]: id:2 LocalGVP![0m
[0;44m id:1 Partition[0m
[33m[WARN] [1791199817.830476225, 24.251000000]: id:1 LocalGVP![0m
[33m[WARN] [1791199817.994000739, 24.416000000]: id:2 local plan![0m
from  [0;46mid: 2  LOCALPLAN[0m to [0;46mEXCUTE[0m
from  [0;46mid: 1  EXCUTE[0m to [0;46mLOCALPLAN[0m
 -3.7706 -2.18107  2.10644[0;34m New root [0m
[33m[WARN] [1791199818.391592241, 24.809000000]: id:1 Infeasible1! DTG refuse to update![0m
-3.64253 -2.24999  2.11617[0;34m New root [0m
[33m[WARN] [1791199818.594312059, 25.010000000]: id:1 Infeasible1! DTG refuse to update![0m
-3.55857 -2.34192  2.11959[0;34m New root [0m
[33m[WARN] [1791199818.789930326, 25.202000000]: id:1 Infeasible1! DTG refuse to update![0m
from  [0;46mid: 2  EXCUTE[0m to [0;46mLOCALPLAN[0m
-3.50584 -2.45835  2.12203[0;34m New root [0m
[33m[WARN] [1791199818.994447313, 25.413000000]: id:1 Infeasible1! DTG refuse to update![0m
[33m[WARN] [1791199819.002651950, 25.422000000]: id:2 local plan![0m
from  [0;46mid: 2  LOCALPLAN[0m to [0;46mEXCUTE[0m
[33m[WARN] [1791199819.192869126, 25.605000000]: id:1 local plan![0m
from  [0;46mid: 1  LOCALPLAN[0m to [0;46mEXCUTE[0m
from  [0;46mid: 1  EXCUTE[0m to [0;46mLOCALPLAN[0m
from  [0;46mid: 2  EXCUTE[0m to [0;46mLOCALPLAN[0m
[33m[WARN] [1791199820.001112145, 26.410000000]: id:1 local plan![0m
from  [0;46mid: 1  LOCALPLAN[0m to [0;46mEXCUTE[0m
[33m[WARN] [1791199820.015261915, 26.428000000]: id:2 local plan![0m
from  [0;46mid: 2  LOCALPLAN[0m to [0;46mEXCUTE[0m
vp infeasible
from  [0;46mid: 2  EXCUTE[0m to [0;46mLOCALPLAN[0m
[33m[WARN] [1791199820.405524155, 26.812000000]: id:2 local plan![0m
from  [0;46mid: 2  LOCALPLAN[0m to [0;46mEXCUTE[0m
from  [0;46mid: 1  EXCUTE[0m to [0;46mLOCALPLAN[0m
[0;44m id:2 Partition[0m
[33m[WARN] [1791199820.872185250, 27.278999999]: id:2 LocalGVP![0m
[0;44m id:1 Partition[0m
[33m[WARN] [1791199820.872544792, 27.278999999]: id:1 LocalGVP![0m
[33m[WARN] [1791199821.010223397, 27.416000000]: id:1 local plan![0m
from  [0;46mid: 1  LOCALPLAN[0m to [0;46mEXCUTE[0m
from  [0;46mid: 2  EXCUTE[0m to [0;46mLOCALPLAN[0m
[33m[WARN] [1791199821.224196439, 27.626000000]: id:2 local plan![0m
from  [0;46mid: 2  LOCALPLAN[0m to [0;46mEXCUTE[0m
from  [0;46mid: 1  EXCUTE[0m to [0;46mLOCALPLAN[0m
[33m[WARN] [1791199822.017045520, 28.413000000]: id:1 local plan![0m
from  [0;46mid: 1  LOCALPLAN[0m to [0;46mEXCUTE[0m
from  [0;46mid: 2  EXCUTE[0m to [0;46mLOCALPLAN[0m
[33m[WARN] [1791199822.231202937, 28.623000000]: id:2 local plan![0m
from  [0;46mid: 2  LOCALPLAN[0m to [0;46mEXCUTE[0m
from  [0;46mid: 1  EXCUTE[0m to [0;46mLOCALPLAN[0m
vp infeasible
from  [0;46mid: 2  EXCUTE[0m to [0;46mLOCALPLAN[0m
[33m[WARN] [1791199823.021092972, 29.410000000]: id:1 local plan![0m
from  [0;46mid: 1  LOCALPLAN[0m to [0;46mEXCUTE[0m
[33m[WARN] [1791199823.033324031, 29.428000000]: id:2 local plan![0m
from  [0;46mid: 2  LOCALPLAN[0m to [0;46mEXCUTE[0m
from  [0;46mid: 1  EXCUTE[0m to [0;46mLOCALPLAN[0m
from  [0;46mid: 2  EXCUTE[0m to [0;46mLOCALPLAN[0m
[0;44m id:1 Partition[0m
[33m[WARN] [1791199823.914619857, 30.306000000]: id:1 LocalGVP![0m
[0;44m id:2 Partition[0m
[33m[WARN] [1791199823.914883149, 30.306000000]: id:2 LocalGVP![0m
[33m[WARN] [1791199824.024020839, 30.407000000]: id:1 local plan![0m
[33m[WARN] [1791199824.025879842, 30.416000000]: id:2 local plan![0m
from  [0;46mid: 1  LOCALPLAN[0m to [0;46mEXCUTE[0m
from  [0;46mid: 2  LOCALPLAN[0m to [0;46mEXCUTE[0m
vp infeasible
from  [0;46mid: 2  EXCUTE[0m to [0;46mLOCALPLAN[0m
from  [0;46mid: 1  EXCUTE[0m to [0;46mLOCALPLAN[0m
[33m[WARN] [1791199824.834298485, 31.221000000]: id:2 local plan![0m
from  [0;46mid: 2  LOCALPLAN[0m to [0;46mEXCUTE[0m
[33m[WARN] [1791199825.032163463, 31.413000000]: id:1 local plan![0m
from  [0;46mid: 1  LOCALPLAN[0m to [0;46mEXCUTE[0m
vp infeasible
from  [0;46mid: 2  EXCUTE[0m to [0;46mLOCALPLAN[0m
[33m[WARN] [1791199825.247654882, 31.623000000]: id:2 local plan![0m
from  [0;46mid: 2  LOCALPLAN[0m to [0;46mEXCUTE[0m
vp infeasible
from  [0;46mid: 2  EXCUTE[0m to [0;46mLOCALPLAN[0m
[33m[WARN] [1791199825.639482374, 32.017000000]: id:2 local plan![0m
from  [0;46mid: 2  LOCALPLAN[0m to [0;46mEXCUTE[0m
from  [0;46mid: 1  EXCUTE[0m to [0;46mLOCALPLAN[0m
vp infeasible
from  [0;46mid: 2  EXCUTE[0m to [0;46mLOCALPLAN[0m
[33m[WARN] [1791199826.036885291, 32.411000000]: id:1 local plan![0m
[33m[WARN] [1791199826.039045710, 32.411000000]: id:2 local plan![0m
from  [0;46mid: 2  LOCALPLAN[0m to [0;46mEXCUTE[0m
from  [0;46mid: 1  LOCALPLAN[0m to [0;46mEXCUTE[0m
vp infeasible
from  [0;46mid: 1  EXCUTE[0m to [0;46mLOCALPLAN[0m
[33m[WARN] [1791199826.444521721, 32.813000000]: id:1 local plan![0m
id:1create fake hn, local global
id:1local global
id:1hn_t:2
f:9  pos: 1 -3  1  owner:0  e flag:16  tarh:4
from  [0;46mid: 2  EXCUTE[0m to [0;46mLOCALPLAN[0m
[33m[WARN] [1791199826.748788719, 33.115000000]: id:1 local plan![0m
id:1create fake hn, local global
id:1local global
id:1hn_t:2
f:9  pos: 1 -3  1  owner:0  e flag:16  tarh:4
[33m[WARN] [1791199826.852940569, 33.215000000]: id:2 local plan![0m
from  [0;46mid: 2  LOCALPLAN[0m to [0;46mEXCUTE[0m
[0;44m id:2 Partition[0m
[0;44m id:1 Partition[0m
[33m[WARN] [1791199826.967927142, 33.334000000]: id:2 LocalGVP![0m
[33m[WARN] [1791199826.968113309, 33.334000000]: id:1 LocalGVP![0m
[33m[WARN] [1791199827.052081965, 33.417000000]: id:1 local plan![0m
id:1create fake hn, local global
id:1local global
id:1hn_t:1
from  [0;46mid: 1  LOCALPLAN[0m to [0;46mGLOBALPLAN[0m
[33m[WARN] [1791199827.256474618, 33.618000000]: id:1 global plan![0m
[33m[WARN] [1791199827.258102787, 33.618000000]: id:1 Full searched 2, exist:2[0m
id:1exp_state:0.7   0 0.7   0  2
vp infeasible
from  [0;46mid: 2  EXCUTE[0m to [0;46mLOCALPLAN[0m
[33m[WARN] [1791199827.467736656, 33.828000000]: id:2 local plan![0m
from  [0;46mid: 2  LOCALPLAN[0m to [0;46mEXCUTE[0m
[33m[WARN] [1791199827.557969487, 33.920000000]: id:1 global plan![0m
[33m[WARN] [1791199827.558416029, 33.920000000]: id:1 Full searched 2, exist:2[0m
id:1exp_state:1.06419e-309 1.32014e-309      2.96164      2.55749  2
vp infeasible
from  [0;46mid: 2  EXCUTE[0m to [0;46mLOCALPLAN[0m
[33m[WARN] [1791199827.861044775, 34.222000000]: id:2 local plan![0m
[33m[WARN] [1791199827.861155567, 34.222000000]: id:1 global plan![0m
[33m[WARN] [1791199827.861739568, 34.222000000]: id:1 Full searched 2, exist:2[0m
id:1exp_state:1.06419e-309 1.32014e-309      2.84422      2.44538  2
from  [0;46mid: 1  GLOBALPLAN[0m to [0;46mLOCALPLAN[0m
from  [0;46mid: 2  LOCALPLAN[0m to [0;46mEXCUTE[0m
[33m[WARN] [1791199828.052046577, 34.414000000]: id:1 local plan![0m
id:1create fake hn, local global
id:1local global
id:1hn_t:2
f:9  pos: 1 -3  1  owner:2  e flag:16  tarh:4
[33m[WARN] [1791199828.354879281, 34.715000000]: id:1 local plan![0m
id:1create fake hn, local global
id:1local global
id:1hn_t:2
f:9  pos: 1 -3  1  owner:2  e flag:16  tarh:4
[33m[WARN] [1791199828.657978860, 35.017000000]: id:1 local plan![0m
id:1create fake hn, local global
id:1local global
from  [0;46mid: 2  EXCUTE[0m to [0;46mLOCALPLAN[0m
id:1hn_t:2
f:9  pos: 1 -3  1  owner:2  e flag:16  tarh:4
[33m[WARN] [1791199828.861056303, 35.218000000]: id:2 local plan![0m
from  [0;46mid: 2  LOCALPLAN[0m to [0;46mEXCUTE[0m
[33m[WARN] [1791199828.969340576, 35.328000000]: id:1 local plan![0m
id:1create fake hn, local global
id:1local global
id:1hn_t:2
f:9  pos: 1 -3  1  owner:2  e flag:16  tarh:4
[33m[WARN] [1791199829.274392782, 35.630000000]: id:1 local plan![0m
vp infeasible
from  [0;46mid: 2  EXCUTE[0m to [0;46mLOCALPLAN[0m
id:1create fake hn, local global
id:1local global
id:1hn_t:2
f:9  pos: 1 -3  1  owner:2  e flag:16  tarh:4
[33m[WARN] [1791199829.469223256, 35.822000000]: id:2 local plan![0m
from  [0;46mid: 2  LOCALPLAN[0m to [0;46mEXCUTE[0m
[33m[WARN] [1791199829.577589112, 35.932000000]: id:1 local plan![0m
id:1create fake hn, local global
id:1local global
id:1hn_t:2
f:9  pos: 1 -3  1  owner:2  e flag:16  tarh:4
[33m[WARN] [1791199829.880771066, 36.234000000]: id:1 local plan![0m
id:1create fake hn, local global
id:1local global
id:1hn_t:2
f:9  pos: 1 -3  1  owner:2  e flag:16  tarh:4
[0;44m id:1 Partition[0m
[0;44m id:2 Partition[0m
[33m[WARN] [1791199830.017130668, 36.371000000]: id:1 LocalGVP![0m
[33m[WARN] [1791199830.017227419, 36.371000000]: id:2 LocalGVP![0m
from  [0;46mid: 2  EXCUTE[0m to [0;46mLOCALPLAN[0m
[33m[WARN] [1791199830.182002809, 36.536000000]: id:1 local plan![0m
id:1create fake hn, local global
id:1local global
id:1hn_t:1
from  [0;46mid: 1  LOCALPLAN[0m to [0;46mGLOBALPLAN[0m
[33m[WARN] [1791199830.265291214, 36.618000000]: id:1 global plan![0m
[33m[WARN] [1791199830.265678548, 36.618000000]: id:1 Full searched 2, exist:2[0m
id:1exp_state:1.06419e-309 1.32014e-309      2.97476      2.50886  2
[33m[WARN] [1791199830.273557476, 36.627000000]: id:2 local plan![0m
from  [0;46mid: 2  LOCALPLAN[0m to [0;46mEXCUTE[0m
[33m[WARN] [1791199830.567441084, 36.920000000]: id:1 global plan![0m
[33m[WARN] [1791199830.567825334, 36.920000000]: id:1 Full searched 2, exist:2[0m
id:1exp_state:1.06419e-309 1.32014e-309       2.9693      2.50751  2
[33m[WARN] [1791199830.870135579, 37.222000000]: id:1 global plan![0m
[33m[WARN] [1791199830.870430580, 37.222000000]: id:1 Full searched 2, exist:2[0m
id:1exp_state:1.06419e-309 1.32014e-309      2.97112      2.50539  2
id:2[0;42m try create:1.75 1.05 1.75  ;1.44153 1.05047 1.84976 [0m
[0;42m new id:6  21 [0m1.75 1.05 1.75  ;1.44153 1.05047 1.84976
from  [0;46mid: 2  EXCUTE[0m to [0;46mLOCALPLAN[0m
[33m[WARN] [1791199831.173532492, 37.523000000]: id:1 global plan![0m
[33m[WARN] [1791199831.173882618, 37.523000000]: id:1 Full searched 2, exist:2[0m
id:1exp_state:1.06419e-309 1.32014e-309      2.96555      2.50306  2
[33m[WARN] [1791199831.276806716, 37.624000000]: id:2 local plan![0m
from  [0;46mid: 2  LOCALPLAN[0m to [0;46mEXCUTE[0m
id:1[0;42m try create swarm h:1.75 1.05 1.75  ;1.75 1.05 1.75 [0m
[0;42m new id:6  21 [0m1.75 1.05 1.75  ;1.75 1.05 1.75
[33m[WARN] [1791199831.479289533, 37.825000000]: id:1 global plan![0m
[33m[WARN] [1791199831.479664034, 37.825000000]: id:1 Full searched 2, exist:3[0m
id:1exp_state:1.06419e-309 1.32014e-309       2.9593      2.51311  2
vp infeasible
from  [0;46mid: 2  EXCUTE[0m to [0;46mLOCALPLAN[0m
[33m[WARN] [1791199831.779950525, 38.127000000]: id:1 global plan![0m
[33m[WARN] [1791199831.780282734, 38.127000000]: id:1 Full searched 2, exist:3[0m
id:1exp_state:1.06419e-309 1.32014e-309      2.95984      2.50828  2
[33m[WARN] [1791199831.873393361, 38.218000000]: id:2 local plan![0m
from  [0;46mid: 2  LOCALPLAN[0m to [0;46mEXCUTE[0m
vp infeasible
from  [0;46mid: 2  EXCUTE[0m to [0;46mLOCALPLAN[0m
[33m[WARN] [1791199832.094506703, 38.438000000]: id:1 global plan![0m
[33m[WARN] [1791199832.095214788, 38.438000000]: id:1 Full searched 2, exist:3[0m
id:1exp_state:1.06419e-309 1.32014e-309       2.9693      2.51608  2
[33m[WARN] [1791199832.315200962, 38.648000000]: id:2 local plan![0m
from  [0;46mid: 2  LOCALPLAN[0m to [0;46mEXCUTE[0m
[33m[WARN] [1791199832.405950877, 38.740000000]: id:1 global plan![0m
[33m[WARN] [1791199832.406320961, 38.740000000]: id:1 Full searched 2, exist:3[0m
id:1exp_state:1.06419e-309 1.32014e-309      2.97414      2.52343  2
[33m[WARN] [1791199832.717751218, 39.042000000]: id:1 global plan![0m
[33m[WARN] [1791199832.718160427, 39.042000000]: id:1 Full searched 2, exist:3[0m
id:1exp_state:1.06419e-309 1.32014e-309      2.97338      2.51559  2
[33m[WARN] [1791199833.020171671, 39.343000000]: id:1 global plan![0m
[33m[WARN] [1791199833.020572255, 39.343000000]: id:1 Full searched 2, exist:3[0m
id:1exp_state:1.06419e-309 1.32014e-309      2.97317      2.51454  2
[0;44m id:2 Partition[0m
[33m[WARN] [1791199833.073805785, 39.398000000]: id:2 LocalGVP![0m
[0;44m id:1 Partition[0m
[33m[WARN] [1791199833.074521578, 39.398000000]: id:1 LocalGVP![0m
from  [0;46mid: 2  EXCUTE[0m to [0;46mLOCALPLAN[0m
[33m[WARN] [1791199833.305369767, 39.627000000]: id:2 local plan![0m
from  [0;46mid: 2  LOCALPLAN[0m to [0;46mEXCUTE[0m
[33m[WARN] [1791199833.321034663, 39.645000000]: id:1 global plan![0m
[33m[WARN] [1791199833.321403164, 39.645000000]: id:1 Full searched 2, exist:3[0m
id:1exp_state:1.06419e-309 1.32014e-309      2.97103      2.52262  2
[33m[WARN] [1791199833.623883617, 39.947000000]: id:1 global plan![0m
[33m[WARN] [1791199833.624275951, 39.947000000]: id:1 Full searched 2, exist:3[0m
id:1exp_state:1.06419e-309 1.32014e-309      2.97037       2.5184  2
[33m[WARN] [1791199833.936221583, 40.258000000]: id:1 global plan![0m
[33m[WARN] [1791199833.936764542, 40.258000000]: id:1 Full searched 2, exist:3[0m
id:1exp_state:1.06419e-309 1.32014e-309      2.96922      2.51879  2
from  [0;46mid: 2  EXCUTE[0m to [0;46mLOCALPLAN[0m
[33m[WARN] [1791199834.241128456, 40.560000000]: id:1 global plan![0m
[33m[WARN] [1791199834.241470540, 40.560000000]: id:1 Full searched 2, exist:3[0m
id:1exp_state:1.06419e-309 1.32014e-309      2.96704      2.50916  2
[33m[WARN] [1791199834.318844020, 40.633000000]: id:2 local plan![0m
from  [0;46mid: 2  LOCALPLAN[0m to [0;46mEXCUTE[0m
[33m[WARN] [1791199834.545658287, 40.862000000]: id:1 global plan![0m
[33m[WARN] [1791199834.546001037, 40.862000000]: id:1 Full searched 2, exist:3[0m
id:1exp_state:1.06419e-309 1.32014e-309       2.9739      2.51046  2
[33m[WARN] [1791199834.849451200, 41.164000000]: id:1 global plan![0m
[33m[WARN] [1791199834.849895742, 41.164000000]: id:1 Full searched 2, exist:3[0m
id:1exp_state:1.06419e-309 1.32014e-309      2.97463      2.51452  2
vp infeasible
from  [0;46mid: 2  EXCUTE[0m to [0;46mLOCALPLAN[0m
[33m[WARN] [1791199835.109345178, 41.420000000]: id:2 local plan![0m
from  [0;46mid: 2  LOCALPLAN[0m to [0;46mEXCUTE[0m
[33m[WARN] [1791199835.153858780, 41.465000000]: id:1 global plan![0m
[33m[WARN] [1791199835.154145822, 41.465000000]: id:1 Full searched 2, exist:3[0m
id:1exp_state:1.06419e-309 1.32014e-309      2.97374      2.52206  2
[33m[WARN] [1791199835.454818398, 41.767000000]: id:1 global plan![0m
[33m[WARN] [1791199835.455146440, 41.767000000]: id:1 Full searched 2, exist:3[0m
id:1exp_state:1.06419e-309 1.32014e-309       2.9707      2.52072  2
[33m[WARN] [1791199835.769518326, 42.078000000]: id:1 global plan![0m
[33m[WARN] [1791199835.770283077, 42.078000000]: id:1 Full searched 2, exist:3[0m
id:1exp_state:1.06419e-309 1.32014e-309      2.96782      2.51377  2
[33m[WARN] [1791199836.071774695, 42.380000000]: id:1 global plan![0m
[33m[WARN] [1791199836.072154987, 42.380000000]: id:1 Full searched 2, exist:3[0m
id:1exp_state:1.06419e-309 1.32014e-309      2.98313      2.51278  2
from  [0;46mid: 2  EXCUTE[0m to [0;46mLOCALPLAN[0m
[0;44m id:1 Partition[0m
[0;44m id:2 Partition[0m
[33m[WARN] [1791199836.117959341, 42.426000000]: id:1 LocalGVP![0m
[33m[WARN] [1791199836.118062966, 42.426000000]: id:2 LocalGVP![0m
[33m[WARN] [1791199836.327689168, 42.627000000]: id:2 local plan![0m
from  [0;46mid: 2  LOCALPLAN[0m to [0;46mEXCUTE[0m
[33m[WARN] [1791199836.376630026, 42.682000000]: id:1 global plan![0m
[33m[WARN] [1791199836.376992985, 42.682000000]: id:1 Full searched 2, exist:3[0m
id:1exp_state:1.06419e-309 1.32014e-309      2.97716      2.51529  2
[33m[WARN] [1791199836.678527728, 42.984000000]: id:1 global plan![0m
[33m[WARN] [1791199836.678867353, 42.984000000]: id:1 Full searched 2, exist:3[0m
id:1exp_state:1.06419e-309 1.32014e-309      2.97218      2.51765  2
[33m[WARN] [1791199836.980519180, 43.286000000]: id:1 global plan![0m
[33m[WARN] [1791199836.980930847, 43.286000000]: id:1 Full searched 2, exist:3[0m
id:1exp_state:1.06419e-309 1.32014e-309      2.97765      2.52369  2
from  [0;46mid: 2  EXCUTE[0m to [0;46mLOCALPLAN[0m
[33m[WARN] [1791199837.282897632, 43.587000000]: id:1 global plan![0m
[33m[WARN] [1791199837.283267633, 43.587000000]: id:1 Full searched 2, exist:3[0m
id:1exp_state:1.06419e-309 1.32014e-309      2.98741      2.51605  2
[33m[WARN] [1791199837.318442764, 43.624000000]: id:2 local plan![0m
from  [0;46mid: 2  LOCALPLAN[0m to [0;46mEXCUTE[0m
[33m[WARN] [1791199837.593408304, 43.898000000]: id:1 global plan![0m
[33m[WARN] [1791199837.593759805, 43.898000000]: id:1 Full searched 2, exist:3[0m
id:1exp_state:1.06419e-309 1.32014e-309      2.97461      2.51958  2
[33m[WARN] [1791199837.898840011, 44.200000000]: id:1 global plan![0m
[33m[WARN] [1791199837.899365012, 44.200000000]: id:1 Full searched 2, exist:3[0m
id:1exp_state:1.06419e-309 1.32014e-309      2.97277      2.51051  2
vp infeasible
from  [0;46mid: 2  EXCUTE[0m to [0;46mLOCALPLAN[0m
[33m[WARN] [1791199838.115237805, 44.411000000]: id:2 local plan![0m
from  [0;46mid: 2  LOCALPLAN[0m to [0;46mEXCUTE[0m
[33m[WARN] [1791199838.203803217, 44.502000000]: id:1 global plan![0m
[33m[WARN] [1791199838.204110592, 44.502000000]: id:1 Full searched 2, exist:3[0m
id:1exp_state:1.06419e-309 1.32014e-309      2.97569      2.52133  2
[33m[WARN] [1791199838.506519003, 44.804000000]: id:1 global plan![0m
[33m[WARN] [1791199838.506975962, 44.804000000]: id:1 Full searched 2, exist:3[0m
id:1exp_state:1.06419e-309 1.32014e-309       2.9722      2.50855  2
from  [0;46mid: 2  EXCUTE[0m to [0;46mLOCALPLAN[0m
[33m[WARN] [1791199838.807698121, 45.106000000]: id:1 global plan![0m
[33m[WARN] [1791199838.808019538, 45.106000000]: id:1 Full searched 2, exist:3[0m
id:1exp_state:1.06419e-309 1.32014e-309      2.97901      2.52086  2
[33m[WARN] [1791199838.921853484, 45.215000000]: id:2 local plan![0m
from  [0;46mid: 2  LOCALPLAN[0m to [0;46mEXCUTE[0m
[33m[WARN] [1791199839.114702746, 45.408000000]: id:1 global plan![0m
[33m[WARN] [1791199839.115340663, 45.408000000]: id:1 Full searched 2, exist:3[0m
id:1exp_state:1.06419e-309 1.32014e-309      2.97961      2.51286  2
[0;44m id:2 Partition[0m
[33m[WARN] [1791199839.167830443, 45.462000000]: id:2 LocalGVP![0m
[0;44m id:1 Partition[0m
[33m[WARN] [1791199839.168209569, 45.462000000]: id:1 LocalGVP![0m
[33m[WARN] [1791199839.423924833, 45.718000000]: id:1 global plan![0m
[33m[WARN] [1791199839.424238458, 45.718000000]: id:1 Full searched 2, exist:3[0m
id:1exp_state:1.06419e-309 1.32014e-309      2.96491      2.51721  2
from  [0;46mid: 2  EXCUTE[0m to [0;46mLOCALPLAN[0m
[33m[WARN] [1791199839.727825829, 46.020000000]: id:1 global plan![0m
[33m[WARN] [1791199839.728260746, 46.020000000]: id:1 Full searched 2, exist:3[0m
id:1exp_state:1.06419e-309 1.32014e-309      2.97223      2.50979  2
[33m[WARN] [1791199839.929693895, 46.222000000]: id:2 local plan![0m
from  [0;46mid: 2  LOCALPLAN[0m to [0;46mEXCUTE[0m
[33m[WARN] [1791199840.029991781, 46.322000000]: id:1 global plan![0m
[33m[WARN] [1791199840.030344323, 46.322000000]: id:1 Full searched 2, exist:3[0m
id:1exp_state:1.06419e-309 1.32014e-309      2.97725      2.50986  2
[33m[WARN] [1791199840.338818283, 46.624000000]: id:1 global plan![0m
[33m[WARN] [1791199840.339150117, 46.624000000]: id:1 Full searched 2, exist:3[0m
id:1exp_state:1.06419e-309 1.32014e-309      2.97594      2.51807  2
[33m[WARN] [1791199840.641385153, 46.926000000]: id:1 global plan![0m
[33m[WARN] [1791199840.641851028, 46.926000000]: id:1 Full searched 2, exist:3[0m
id:1exp_state:1.06419e-309 1.32014e-309      2.97298      2.51878  2
from  [0;46mid: 2  EXCUTE[0m to [0;46mLOCALPLAN[0m
[33m[WARN] [1791199840.937579138, 47.218000000]: id:2 local plan![0m
from  [0;46mid: 2  LOCALPLAN[0m to [0;46mEXCUTE[0m
[33m[WARN] [1791199840.947266693, 47.228000000]: id:1 global plan![0m
[33m[WARN] [1791199840.947603318, 47.228000000]: id:1 Full searched 2, exist:3[0m
id:1exp_state:1.06419e-309 1.32014e-309      2.97994      2.52034  2
[33m[WARN] [1791199841.259349492, 47.539000000]: id:1 global plan![0m
[33m[WARN] [1791199841.260009201, 47.539000000]: id:1 Full searched 2, exist:3[0m
id:1exp_state:1.06419e-309 1.32014e-309      2.97284      2.52014  2
[33m[WARN] [1791199841.561510485, 47.840000000]: id:1 global plan![0m
[33m[WARN] [1791199841.561962403, 47.840000000]: id:1 Full searched 2, exist:3[0m
id:1exp_state:1.06419e-309 1.32014e-309      2.97854      2.52205  2
from  [0;46mid: 2  EXCUTE[0m to [0;46mLOCALPLAN[0m
[33m[WARN] [1791199841.865882315, 48.142000000]: id:1 global plan![0m
[33m[WARN] [1791199841.866182941, 48.142000000]: id:1 Full searched 2, exist:3[0m
id:1exp_state:1.06419e-309 1.32014e-309      2.97447      2.51998  2
[33m[WARN] [1791199841.948973511, 48.225000000]: id:2 local plan![0m
from  [0;46mid: 2  LOCALPLAN[0m to [0;46mEXCUTE[0m
[33m[WARN] [1791199842.166609473, 48.444000000]: id:1 global plan![0m
[33m[WARN] [1791199842.166956432, 48.444000000]: id:1 Full searched 2, exist:3[0m
id:1exp_state:1.06419e-309 1.32014e-309      2.97507      2.51295  2
[0;44m id:1 Partition[0m
[33m[WARN] [1791199842.214872247, 48.490000000]: id:1 LocalGVP![0m
[0;44m id:2 Partition[0m
[33m[WARN] [1791199842.215675040, 48.490000000]: id:2 LocalGVP![0m
[33m[WARN] [1791199842.470886428, 48.746000000]: id:1 global plan![0m
[33m[WARN] [1791199842.471312929, 48.746000000]: id:1 Full searched 2, exist:3[0m
id:1exp_state:1.06419e-309 1.32014e-309      2.97387      2.51107  2
from  [0;46mid: 2  EXCUTE[0m to [0;46mLOCALPLAN[0m
[33m[WARN] [1791199842.776766968, 49.048000000]: id:1 global plan![0m
[33m[WARN] [1791199842.777066552, 49.048000000]: id:1 Full searched 2, exist:3[0m
id:1exp_state:1.06419e-309 1.32014e-309      2.97271      2.50573  2
[33m[WARN] [1791199842.956445671, 49.222000000]: id:2 local plan![0m
from  [0;46mid: 2  LOCALPLAN[0m to [0;46mEXCUTE[0m
[33m[WARN] [1791199843.084338219, 49.350000000]: id:1 global plan![0m
[33m[WARN] [1791199843.084631845, 49.350000000]: id:1 Full searched 2, exist:3[0m
id:1exp_state:1.06419e-309 1.32014e-309      2.96865      2.50628  2
[33m[WARN] [1791199843.390921135, 49.651000000]: id:1 global plan![0m
[33m[WARN] [1791199843.391311052, 49.651000000]: id:1 Full searched 2, exist:3[0m
id:1exp_state:1.06419e-309 1.32014e-309      2.97649      2.51257  2
[33m[WARN] [1791199843.694223505, 49.953000000]: id:1 global plan![0m
[33m[WARN] [1791199843.694692839, 49.953000000]: id:1 Full searched 2, exist:3[0m
id:1exp_state:1.06419e-309 1.32014e-309      2.97019      2.51258  2
from  [0;46mid: 2  EXCUTE[0m to [0;46mLOCALPLAN[0m
[33m[WARN] [1791199843.964941998, 50.218000000]: id:2 local plan![0m
from  [0;46mid: 2  LOCALPLAN[0m to [0;46mEXCUTE[0m
[33m[WARN] [1791199843.994696580, 50.255000000]: id:1 global plan![0m
[33m[WARN] [1791199843.995000788, 50.255000000]: id:1 Full searched 2, exist:3[0m
id:1exp_state:1.06419e-309 1.32014e-309      2.97488      2.51716  2
vp infeasible
from  [0;46mid: 2  EXCUTE[0m to [0;46mLOCALPLAN[0m
[33m[WARN] [1791199844.298471784, 50.557000000]: id:1 global plan![0m
[33m[WARN] [1791199844.299056868, 50.557000000]: id:1 Full searched 2, exist:3[0m
id:1exp_state:1.06419e-309 1.32014e-309      2.97354      2.51708  2
[33m[WARN] [1791199844.376493014, 50.630000000]: id:2 local plan![0m
from  [0;46mid: 2  LOCALPLAN[0m to [0;46mEXCUTE[0m
[33m[WARN] [1791199844.614592713, 50.868000000]: id:1 global plan![0m
[33m[WARN] [1791199844.615252047, 50.868000000]: id:1 Full searched 2, exist:3[0m
id:1exp_state:1.06419e-309 1.32014e-309      2.97282      2.51517  2
vp infeasible
from  [0;46mid: 2  EXCUTE[0m to [0;46mLOCALPLAN[0m
[33m[WARN] [1791199844.915503704, 51.170000000]: id:1 global plan![0m
[33m[WARN] [1791199844.915855038, 51.170000000]: id:1 Full searched 2, exist:3[0m
id:1exp_state:1.06419e-309 1.32014e-309      2.97198      2.51676  2
[33m[WARN] [1791199844.970449362, 51.225000000]: id:2 local plan![0m
from  [0;46mid: 2  LOCALPLAN[0m to [0;46mEXCUTE[0m
vp infeasible
from  [0;46mid: 2  EXCUTE[0m to [0;46mLOCALPLAN[0m
[33m[WARN] [1791199845.221294869, 51.472000000]: id:1 global plan![0m
[33m[WARN] [1791199845.221607786, 51.472000000]: id:1 Full searched 2, exist:3[0m
id:1exp_state:1.06419e-309 1.32014e-309      2.97399      2.51516  2
[0;44m id:1 Partition[0m
[0;44m id:2 Partition[0m
[33m[WARN] [1791199845.270471727, 51.517000000]: id:2 LocalGVP![0m
[33m[WARN] [1791199845.270365186, 51.517000000]: id:1 LocalGVP![0m
[33m[WARN] [1791199845.378327915, 51.618000000]: id:2 local plan![0m
from  [0;46mid: 2  LOCALPLAN[0m to [0;46mEXCUTE[0m
[33m[WARN] [1791199845.524422155, 51.773000000]: id:1 global plan![0m
[33m[WARN] [1791199845.524765489, 51.773000000]: id:1 Full searched 2, exist:3[0m
id:1exp_state:1.06419e-309 1.32014e-309      2.97615      2.51734  2
[33m[WARN] [1791199845.826732607, 52.075000000]: id:1 global plan![0m
[33m[WARN] [1791199845.827069858, 52.075000000]: id:1 Full searched 2, exist:3[0m
id:1exp_state:1.06419e-309 1.32014e-309      2.97168      2.51456  2
[33m[WARN] [1791199846.132953064, 52.377000000]: id:1 global plan![0m
[33m[WARN] [1791199846.133379481, 52.377000000]: id:1 Full searched 2, exist:3[0m
id:1exp_state:1.06419e-309 1.32014e-309      2.97102      2.52226  2
from  [0;46mid: 2  EXCUTE[0m to [0;46mLOCALPLAN[0m
[33m[WARN] [1791199846.446754157, 52.688000000]: id:1 global plan![0m
[33m[WARN] [1791199846.447340241, 52.688000000]: id:1 Full searched 2, exist:3[0m
id:1exp_state:1.06419e-309 1.32014e-309      2.97565      2.51688  2
[33m[WARN] [1791199846.577301500, 52.816000000]: id:2 local plan![0m
from  [0;46mid: 2  LOCALPLAN[0m to [0;46mEXCUTE[0m
[33m[WARN] [1791199846.748113524, 52.990000000]: id:1 global plan![0m
[33m[WARN] [1791199846.748760733, 52.990000000]: id:1 Full searched 2, exist:3[0m
id:1exp_state:1.06419e-309 1.32014e-309      2.96659      2.51742  2
[33m[WARN] [1791199847.052269936, 53.292000000]: id:1 global plan![0m
[33m[WARN] [1791199847.052566978, 53.292000000]: id:1 Full searched 2, exist:3[0m
id:1exp_state:1.06419e-309 1.32014e-309      2.96465      2.52465  2
[33m[WARN] [1791199847.353070886, 53.593000000]: id:1 global plan![0m
[33m[WARN] [1791199847.353469386, 53.593000000]: id:1 Full searched 2, exist:3[0m
id:1exp_state:1.06419e-309 1.32014e-309      2.97262       2.5173  2
from  [0;46mid: 2  EXCUTE[0m to [0;46mLOCALPLAN[0m
[33m[WARN] [1791199847.588362913, 53.822000000]: id:2 local plan![0m
from  [0;46mid: 2  LOCALPLAN[0m to [0;46mEXCUTE[0m
[33m[WARN] [1791199847.660740845, 53.895000000]: id:1 global plan![0m
[33m[WARN] [1791199847.661239595, 53.895000000]: id:1 Full searched 2, exist:3[0m
id:1exp_state:1.06419e-309 1.32014e-309      2.97449      2.51344  2
[33m[WARN] [1791199847.966883677, 54.197000000]: id:1 global plan![0m
[33m[WARN] [1791199847.967415427, 54.197000000]: id:1 Full searched 2, exist:3[0m
id:1exp_state:1.06419e-309 1.32014e-309       2.9708      2.50964  2
vp infeasible
from  [0;46mid: 2  EXCUTE[0m to [0;46mLOCALPLAN[0m
[33m[WARN] [1791199848.277957932, 54.508000000]: id:1 global plan![0m
[33m[WARN] [1791199848.278399057, 54.508000000]: id:1 Full searched 2, exist:3[0m
id:1exp_state:1.06419e-309 1.32014e-309      2.97012      2.50371  2
[0;44m id:2 Partition[0m
[33m[WARN] [1791199848.324238161, 54.554000000]: id:2 LocalGVP![0m
[0;44m id:1 Partition[0m
[33m[WARN] [1791199848.324575370, 54.554000000]: id:1 LocalGVP![0m
[33m[WARN] [1791199848.402220059, 54.627000000]: id:2 local plan![0m
from  [0;46mid: 2  LOCALPLAN[0m to [0;46mEXCUTE[0m
[33m[WARN] [1791199848.587161559, 54.810000000]: id:1 global plan![0m
[33m[WARN] [1791199848.587458560, 54.810000000]: id:1 Full searched 2, exist:3[0m
id:1exp_state:1.06419e-309 1.32014e-309      2.96981      2.50406  2
[33m[WARN] [1791199848.888137551, 55.112000000]: id:1 global plan![0m
[33m[WARN] [1791199848.888609635, 55.112000000]: id:1 Full searched 2, exist:3[0m
id:1exp_state:1.06419e-309 1.32014e-309      2.96756       2.5062  2
vp infeasible
from  [0;46mid: 2  EXCUTE[0m to [0;46mLOCALPLAN[0m
[33m[WARN] [1791199849.194394341, 55.414000000]: id:1 global plan![0m
[33m[WARN] [1791199849.195279217, 55.414000000]: id:1 Full searched 2, exist:3[0m
id:1exp_state:1.06419e-309 1.32014e-309      2.96897      2.51739  2
[33m[WARN] [1791199849.213872367, 55.432000000]: id:2 local plan![0m
from  [0;46mid: 2  LOCALPLAN[0m to [0;46mEXCUTE[0m
[33m[WARN] [1791199849.494949207, 55.715000000]: id:1 global plan![0m
[33m[WARN] [1791199849.495432166, 55.715000000]: id:1 Full searched 2, exist:3[0m
id:1exp_state:1.06419e-309 1.32014e-309      2.96714      2.50757  2
[33m[WARN] [1791199849.799617661, 56.017000000]: id:1 global plan![0m
[33m[WARN] [1791199849.799958787, 56.017000000]: id:1 Full searched 2, exist:3[0m
id:1exp_state:1.06419e-309 1.32014e-309      2.97659      2.51945  2
vp infeasible
from  [0;46mid: 2  EXCUTE[0m to [0;46mLOCALPLAN[0m
[33m[WARN] [1791199850.006785317, 56.218000000]: id:2 local plan![0m
from  [0;46mid: 2  LOCALPLAN[0m to [0;46mEXCUTE[0m
terminate called after throwing an instance of 'boost::wrapexcept<boost::lock_error>terminate called after throwing an instance of 'boost::wrapexcept<boost::lock_error>'
'
  what():  boost: mutex lock failed in pthread_mutex_lock: Invalid argument  what():  boost: mutex lock failed in pthread_mutex_lock: Invalid argument

*** Aborted at 1791199850 (unix time) try "date -d @1791199850" if you are using GNU date ***
*** Aborted at 1791199850 (unix time) try "date -d @1791199850" if you are using GNU date ***
PC: @                0x0 (unknown)
PC: @                0x0 (unknown)
*** SIGABRT (@0x4fa) received by PID 1274 (TID 0xfd49de3b8ad0) from PID 1274; stack trace: ***
*** SIGABRT (@0x4fc) received by PID 1276 (TID 0xed01d4211ad0) from PID 1276; stack trace: ***
    @     0xfd49e0d21f10 (unknown)
    @     0xed01d6b7af10 (unknown)
    @     0xfd49e103f8f8 ([vdso]+0x8f7)
    @     0xed01d6e988f8 ([vdso]+0x8f7)
    @     0xfd49e08c5d88 gsignal
    @     0xed01d671ed88 gsignal
    @     0xfd49e08b2aac abort
    @     0xed01d670baac abort
    @     0xfd49e0b758bc __gnu_cxx::__verbose_terminate_handler()
    @     0xed01d69ce8bc __gnu_cxx::__verbose_terminate_handler()
    @     0xfd49e0b7320c (unknown)
    @     0xed01d69cc20c (unknown)
    @     0xfd49e0b72044 (unknown)
    @     0xed01d69cb044 (unknown)
    @     0xfd49e0b728a4 __gxx_personality_v0
    @     0xed01d69cb8a4 __gxx_personality_v0
    @     0xfd49e0a12964 (unknown)
    @     0xed01d686b964 (unknown)
    @     0xfd49e0a12ef4 _Unwind_Resume
    @     0xed01d686bef4 _Unwind_Resume
    @     0xfd49e0f2e188 ros::TimerManager<>::remove()
    @     0xed01d6d87188 ros::TimerManager<>::remove()
    @     0xfd49e0f2c734 ros::Timer::Impl::stop()
    @     0xfd49e0f2c800 ros::Timer::Impl::~Impl()
    @     0xed01d6d85734 ros::Timer::Impl::stop()
    @     0xfd49e0f3007c boost::detail::sp_counted_impl_p<>::dispose()
    @     0xed01d6d85800 ros::Timer::Impl::~Impl()
    @     0xfd49e0f2c5bc ros::Timer::~Timer()
    @     0xed01d6d8907c boost::detail::sp_counted_impl_p<>::dispose()
    @     0xfd49e08c848c (unknown)
    @     0xed01d6d855bc ros::Timer::~Timer()
    @     0xfd49e08c861c exit
    @     0xed01d672148c (unknown)
    @     0xfd49e08b2e14 __libc_start_main
    @     0xed01d672161c exit
    @     0xed01d670be14 __libc_start_main
    @     0xafa86d3eff64 (unknown)
    @     0xb3f8cf56ff64 (unknown)
WARNING: Package name "multiDTG" does not follow the naming conventions. It should start with a lower case letter and only contain lower case letters, digits, underscores, and dashes.
WARNING: Package name "multiDTG" does not follow the naming conventions. It should start with a lower case letter and only contain lower case letters, digits, underscores, and dashes.

[1mROS_MASTER_URI=http://localhost:11328[0m
]2;/study/gvp.launch http://localhost:11328
[1mprocess[murder_1-1]: started with pid [1273][0m
[1mprocess[traj_exc_node1-2]: started with pid [1274][0m
[1mprocess[murder_2-3]: started with pid [1275][0m
[1mprocess[traj_exc_node2-4]: started with pid [1276][0m
[1mprocess[sim1_bridge_exp_tcp_sim-5]: started with pid [1282][0m
[sim1_bridge_exp_tcp_sim-5] killing on exit
[traj_exc_node2-4] killing on exit
[murder_2-3] killing on exit
[traj_exc_node1-2] killing on exit
[murder_1-1] killing on exit
shutting down processing monitor...
... shutting down processing monitor complete
[1mdone[0m
