... logging to /root/.ros/log/c5ded558-bb4c-11f1-a433-5255551de53e/roslaunch-colima-racer-gvp-8926.log
Checking log directory for disk usage. This may take a while.
Press Ctrl-C to interrupt
Done checking log file disk usage. Usage is <1GB.
]2;/comparison/gvp.launch
[1mstarted roslaunch server http://localhost:34871/[0m

SUMMARY
========

PARAMETERS
 * /murder_1/Computation/data_name0: gvp
 * /murder_1/Computation/data_name1: local
 * /murder_1/Computation/data_name2: global
 * /murder_1/Computation/data_num: 3
 * /murder_1/Computation/dir: /home/charliedog/...
 * /murder_1/Computation/vdata_name0: volume
 * /murder_1/Computation/vdata_name1: DTG
 * /murder_1/Computation/vdata_name2: pose
 * /murder_1/Computation/vdata_name3: traj
 * /murder_1/Computation/vdata_name4: job
 * /murder_1/Computation/vdata_name5: state
 * /murder_1/Computation/vdata_name6: map
 * /murder_1/Computation/vdata_name7: mapreq
 * /murder_1/Computation/vdata_name8: total
 * /murder_1/Computation/vdata_num: 9
 * /murder_1/EXP/finish_hold_duration: 15.0
 * /murder_1/Exp/AutoTakeoff: True
 * /murder_1/Exp/UAV_id: 1
 * /murder_1/Exp/acc_off: -0.5
 * /murder_1/Exp/check_duration: 3.5
 * /murder_1/Exp/colli_range: 0.8
 * /murder_1/Exp/drone_num: 2
 * /murder_1/Exp/exc_duration: 0.5
 * /murder_1/Exp/finish_thresh: 0.5
 * /murder_1/Exp/global_comm_freq: 0.5
 * /murder_1/Exp/global_path_search: 3000
 * /murder_1/Exp/local_comm_freq: 5.0
 * /murder_1/Exp/local_dist_thresh: 7.0
 * /murder_1/Exp/local_path_search: 1000
 * /murder_1/Exp/maxX: 6.0
 * /murder_1/Exp/maxY: 6.0
 * /murder_1/Exp/maxZ: 3.0
 * /murder_1/Exp/minX: -6.0
 * /murder_1/Exp/minY: -6.0
 * /murder_1/Exp/minZ: 0.0
 * /murder_1/Exp/reach_out_t: 0.1
 * /murder_1/Exp/replan_duration: 1.5
 * /murder_1/Exp/robot_sizeX: 0.64
 * /murder_1/Exp/robot_sizeY: 0.64
 * /murder_1/Exp/robot_sizeZ: 0.16
 * /murder_1/Exp/show_swarm_traj: False
 * /murder_1/Exp/statistic: True
 * /murder_1/Exp/strong_check_interval: 3.0
 * /murder_1/Exp/swarm_check: True
 * /murder_1/Exp/takeoff_x: -4.0
 * /murder_1/Exp/takeoff_y: -3.0
 * /murder_1/Exp/takeoff_yaw: 0.0
 * /murder_1/Exp/takeoff_z: 1.2
 * /murder_1/Exp/traj_length: 10.0
 * /murder_1/Frontier/FOV_hor_num: 15
 * /murder_1/Frontier/FOV_ver_num: 10
 * /murder_1/Frontier/cam_hor: 2.0943951023931953
 * /murder_1/Frontier/cam_ver: 2.0943951023931953
 * /murder_1/Frontier/grid_scale: 2.0
 * /murder_1/Frontier/min_vp_num: 6
 * /murder_1/Frontier/observe_thresh: 0.85
 * /murder_1/Frontier/ray_samp_dist1: 0.2
 * /murder_1/Frontier/ray_samp_dist2: 0.1
 * /murder_1/Frontier/resample_duration: 0.8
 * /murder_1/Frontier/sample_dist_num: 2
 * /murder_1/Frontier/sample_hor_dir_num: 10
 * /murder_1/Frontier/sample_max_range: 2.2
 * /murder_1/Frontier/sample_ver_dir_num: 3
 * /murder_1/Frontier/sensor_type: Depth_Camera
 * /murder_1/Frontier/show_frontier: True
 * /murder_1/Frontier/viewpoint_thresh: 1.3
 * /murder_1/GVD/allowance: 0.08
 * /murder_1/GVD/lambda: 0.1
 * /murder_1/GVD/partition_frequency: 0.33
 * /murder_1/GVD/show_gvd: True
 * /murder_1/GVD/tau: 0.2
 * /murder_1/LowResMap/blockX: 5
 * /murder_1/LowResMap/blockY: 5
 * /murder_1/LowResMap/blockZ: 3
 * /murder_1/LowResMap/corridor_expX: 2
 * /murder_1/LowResMap/corridor_expY: 2
 * /murder_1/LowResMap/corridor_expZ: 1
 * /murder_1/LowResMap/debug: True
 * /murder_1/LowResMap/lambda_heu: 5.0
 * /murder_1/LowResMap/localgraph_sizex: 14.0
 * /murder_1/LowResMap/localgraph_sizey: 14.0
 * /murder_1/LowResMap/localgraph_sizez: 8.0
 * /murder_1/LowResMap/node_x: 0.6
 * /murder_1/LowResMap/node_y: 0.6
 * /murder_1/LowResMap/node_z: 0.6
 * /murder_1/LowResMap/occ_duration: 2.0
 * /murder_1/LowResMap/prune_seg_length: 6.5
 * /murder_1/LowResMap/resolution: 0.1
 * /murder_1/LowResMap/seg_length: 2.5
 * /murder_1/LowResMap/show_dtg: False
 * /murder_1/LowResMap/showmap: True
 * /murder_1/LowResMap/unknown_duration: 0.2
 * /murder_1/MR_DTG/H_thresh: 5.5
 * /murder_1/MR_DTG/Toporange: 10.0
 * /murder_1/MR_DTG/resX: 2.0
 * /murder_1/MR_DTG/resY: 2.0
 * /murder_1/MR_DTG/resZ: 2.0
 * /murder_1/MR_DTG/show_edge_details: False
 * /murder_1/MR_DTG/update_FF: False
 * /murder_1/block_map/CamtoBody_Quater_w: 1.0
 * /murder_1/block_map/CamtoBody_Quater_x: 0.0
 * /murder_1/block_map/CamtoBody_Quater_y: 0.0
 * /murder_1/block_map/CamtoBody_Quater_z: 0.0
 * /murder_1/block_map/CamtoBody_x: 0.0
 * /murder_1/block_map/CamtoBody_y: 0.0
 * /murder_1/block_map/CamtoBody_z: 0.4
 * /murder_1/block_map/FFD: False
 * /murder_1/block_map/HeightcolorB: [48, 147, 92, 130...
 * /murder_1/block_map/HeightcolorG: [21, 80, 66, 114,...
 * /murder_1/block_map/HeightcolorR: [44, 71, 198, 234...
 * /murder_1/block_map/RobotVisX: 0.81
 * /murder_1/block_map/RobotVisY: 0.81
 * /murder_1/block_map/RobotVisZ: 0.41
 * /murder_1/block_map/bline_occ_range: 0.1
 * /murder_1/block_map/blockX: 10
 * /murder_1/block_map/blockY: 10
 * /murder_1/block_map/blockZ: 10
 * /murder_1/block_map/colorB: [150, 238, 0, 0, ...
 * /murder_1/block_map/colorG: [150, 229, 165, 2...
 * /murder_1/block_map/colorR: [150, 0, 255, 124...
 * /murder_1/block_map/depth: True
 * /murder_1/block_map/depth_step: 2
 * /murder_1/block_map/maxX: 6.0
 * /murder_1/block_map/maxY: 6.0
 * /murder_1/block_map/maxZ: 3.0
 * /murder_1/block_map/minX: -6.0
 * /murder_1/block_map/minY: -6.0
 * /murder_1/block_map/minZ: 0.0
 * /murder_1/block_map/min_finish_t: 45.0
 * /murder_1/block_map/occ_max: 0.9
 * /murder_1/block_map/occ_min: 0.2
 * /murder_1/block_map/pro_hit_occ: 0.9
 * /murder_1/block_map/pro_miss_free: 0.75
 * /murder_1/block_map/resolution: 0.1
 * /murder_1/block_map/sensor_max_range: 4.5
 * /murder_1/block_map/show_block: False
 * /murder_1/block_map/show_freq: 10.0
 * /murder_1/block_map/statistic_v: True
 * /murder_1/block_map/swarm_pub_thresh: 0.975
 * /murder_1/block_map/swarm_send_delay: 2.0
 * /murder_1/block_map/swarm_tol: 0.3
 * /murder_1/block_map/update_freq: 10.0
 * /murder_1/block_map/vis_mode: False
 * /murder_1/opt/MaxAcc: 0.8
 * /murder_1/opt/MaxJer: 25.0
 * /murder_1/opt/MaxVel: 0.6
 * /murder_1/opt/RelCostTolL: 1e-05
 * /murder_1/opt/SwarmAvoid: 1.2
 * /murder_1/opt/WeiAcc: 400.0
 * /murder_1/opt/WeiJer: 50.0
 * /murder_1/opt/WeiPos: 5000.0
 * /murder_1/opt/WeiSwarm: 100.0
 * /murder_1/opt/WeiT: 200.0
 * /murder_1/opt/WeiVel: 800.0
 * /murder_1/opt/WeiminT: 10.0
 * /murder_1/opt/YawAcc: 0.8
 * /murder_1/opt/YawVel: 0.65
 * /murder_1/opt/integralIntervs: 16
 * /murder_1/opt/smoothingEps: 0.01
 * /murder_2/Computation/data_name0: gvp
 * /murder_2/Computation/data_name1: local
 * /murder_2/Computation/data_name2: global
 * /murder_2/Computation/data_num: 3
 * /murder_2/Computation/dir: /home/charliedog/...
 * /murder_2/Computation/vdata_name0: volume
 * /murder_2/Computation/vdata_name1: DTG
 * /murder_2/Computation/vdata_name2: pose
 * /murder_2/Computation/vdata_name3: traj
 * /murder_2/Computation/vdata_name4: job
 * /murder_2/Computation/vdata_name5: state
 * /murder_2/Computation/vdata_name6: map
 * /murder_2/Computation/vdata_name7: mapreq
 * /murder_2/Computation/vdata_name8: total
 * /murder_2/Computation/vdata_num: 9
 * /murder_2/EXP/finish_hold_duration: 15.0
 * /murder_2/Exp/AutoTakeoff: True
 * /murder_2/Exp/UAV_id: 2
 * /murder_2/Exp/acc_off: -0.5
 * /murder_2/Exp/check_duration: 3.5
 * /murder_2/Exp/colli_range: 0.8
 * /murder_2/Exp/drone_num: 2
 * /murder_2/Exp/exc_duration: 0.5
 * /murder_2/Exp/finish_thresh: 0.5
 * /murder_2/Exp/global_comm_freq: 0.5
 * /murder_2/Exp/global_path_search: 3000
 * /murder_2/Exp/local_comm_freq: 5.0
 * /murder_2/Exp/local_dist_thresh: 7.0
 * /murder_2/Exp/local_path_search: 1000
 * /murder_2/Exp/maxX: 6.0
 * /murder_2/Exp/maxY: 6.0
 * /murder_2/Exp/maxZ: 3.0
 * /murder_2/Exp/minX: -6.0
 * /murder_2/Exp/minY: -6.0
 * /murder_2/Exp/minZ: 0.0
 * /murder_2/Exp/reach_out_t: 0.1
 * /murder_2/Exp/replan_duration: 1.5
 * /murder_2/Exp/robot_sizeX: 0.64
 * /murder_2/Exp/robot_sizeY: 0.64
 * /murder_2/Exp/robot_sizeZ: 0.16
 * /murder_2/Exp/show_swarm_traj: False
 * /murder_2/Exp/statistic: True
 * /murder_2/Exp/strong_check_interval: 3.0
 * /murder_2/Exp/swarm_check: True
 * /murder_2/Exp/takeoff_x: -4.0
 * /murder_2/Exp/takeoff_y: 3.0
 * /murder_2/Exp/takeoff_yaw: 0.0
 * /murder_2/Exp/takeoff_z: 1.2
 * /murder_2/Exp/traj_length: 10.0
 * /murder_2/Frontier/FOV_hor_num: 15
 * /murder_2/Frontier/FOV_ver_num: 10
 * /murder_2/Frontier/cam_hor: 2.0943951023931953
 * /murder_2/Frontier/cam_ver: 2.0943951023931953
 * /murder_2/Frontier/grid_scale: 2.0
 * /murder_2/Frontier/min_vp_num: 6
 * /murder_2/Frontier/observe_thresh: 0.85
 * /murder_2/Frontier/ray_samp_dist1: 0.2
 * /murder_2/Frontier/ray_samp_dist2: 0.1
 * /murder_2/Frontier/resample_duration: 0.8
 * /murder_2/Frontier/sample_dist_num: 2
 * /murder_2/Frontier/sample_hor_dir_num: 10
 * /murder_2/Frontier/sample_max_range: 2.2
 * /murder_2/Frontier/sample_ver_dir_num: 3
 * /murder_2/Frontier/sensor_type: Depth_Camera
 * /murder_2/Frontier/show_frontier: True
 * /murder_2/Frontier/viewpoint_thresh: 1.3
 * /murder_2/GVD/allowance: 0.08
 * /murder_2/GVD/lambda: 0.1
 * /murder_2/GVD/partition_frequency: 0.33
 * /murder_2/GVD/show_gvd: True
 * /murder_2/GVD/tau: 0.2
 * /murder_2/LowResMap/blockX: 5
 * /murder_2/LowResMap/blockY: 5
 * /murder_2/LowResMap/blockZ: 3
 * /murder_2/LowResMap/corridor_expX: 2
 * /murder_2/LowResMap/corridor_expY: 2
 * /murder_2/LowResMap/corridor_expZ: 1
 * /murder_2/LowResMap/debug: True
 * /murder_2/LowResMap/lambda_heu: 5.0
 * /murder_2/LowResMap/localgraph_sizex: 14.0
 * /murder_2/LowResMap/localgraph_sizey: 14.0
 * /murder_2/LowResMap/localgraph_sizez: 8.0
 * /murder_2/LowResMap/node_x: 0.6
 * /murder_2/LowResMap/node_y: 0.6
 * /murder_2/LowResMap/node_z: 0.6
 * /murder_2/LowResMap/occ_duration: 2.0
 * /murder_2/LowResMap/prune_seg_length: 6.5
 * /murder_2/LowResMap/resolution: 0.1
 * /murder_2/LowResMap/seg_length: 2.5
 * /murder_2/LowResMap/show_dtg: False
 * /murder_2/LowResMap/showmap: True
 * /murder_2/LowResMap/unknown_duration: 0.2
 * /murder_2/MR_DTG/H_thresh: 5.5
 * /murder_2/MR_DTG/Toporange: 10.0
 * /murder_2/MR_DTG/resX: 2.0
 * /murder_2/MR_DTG/resY: 2.0
 * /murder_2/MR_DTG/resZ: 2.0
 * /murder_2/MR_DTG/show_edge_details: False
 * /murder_2/MR_DTG/update_FF: False
 * /murder_2/block_map/CamtoBody_Quater_w: 1.0
 * /murder_2/block_map/CamtoBody_Quater_x: 0.0
 * /murder_2/block_map/CamtoBody_Quater_y: 0.0
 * /murder_2/block_map/CamtoBody_Quater_z: 0.0
 * /murder_2/block_map/CamtoBody_x: 0.0
 * /murder_2/block_map/CamtoBody_y: 0.0
 * /murder_2/block_map/CamtoBody_z: 0.4
 * /murder_2/block_map/FFD: False
 * /murder_2/block_map/HeightcolorB: [48, 147, 92, 130...
 * /murder_2/block_map/HeightcolorG: [21, 80, 66, 114,...
 * /murder_2/block_map/HeightcolorR: [44, 71, 198, 234...
 * /murder_2/block_map/RobotVisX: 0.81
 * /murder_2/block_map/RobotVisY: 0.81
 * /murder_2/block_map/RobotVisZ: 0.41
 * /murder_2/block_map/bline_occ_range: 0.1
 * /murder_2/block_map/blockX: 10
 * /murder_2/block_map/blockY: 10
 * /murder_2/block_map/blockZ: 10
 * /murder_2/block_map/colorB: [150, 238, 0, 0, ...
 * /murder_2/block_map/colorG: [150, 229, 165, 2...
 * /murder_2/block_map/colorR: [150, 0, 255, 124...
 * /murder_2/block_map/depth: True
 * /murder_2/block_map/depth_step: 2
 * /murder_2/block_map/maxX: 6.0
 * /murder_2/block_map/maxY: 6.0
 * /murder_2/block_map/maxZ: 3.0
 * /murder_2/block_map/minX: -6.0
 * /murder_2/block_map/minY: -6.0
 * /murder_2/block_map/minZ: 0.0
 * /murder_2/block_map/min_finish_t: 45.0
 * /murder_2/block_map/occ_max: 0.9
 * /murder_2/block_map/occ_min: 0.2
 * /murder_2/block_map/pro_hit_occ: 0.9
 * /murder_2/block_map/pro_miss_free: 0.75
 * /murder_2/block_map/resolution: 0.1
 * /murder_2/block_map/sensor_max_range: 4.5
 * /murder_2/block_map/show_block: False
 * /murder_2/block_map/show_freq: 10.0
 * /murder_2/block_map/statistic_v: True
 * /murder_2/block_map/swarm_pub_thresh: 0.975
 * /murder_2/block_map/swarm_send_delay: 2.0
 * /murder_2/block_map/swarm_tol: 0.3
 * /murder_2/block_map/update_freq: 10.0
 * /murder_2/block_map/vis_mode: False
 * /murder_2/opt/MaxAcc: 0.8
 * /murder_2/opt/MaxJer: 25.0
 * /murder_2/opt/MaxVel: 0.6
 * /murder_2/opt/RelCostTolL: 1e-05
 * /murder_2/opt/SwarmAvoid: 1.2
 * /murder_2/opt/WeiAcc: 400.0
 * /murder_2/opt/WeiJer: 50.0
 * /murder_2/opt/WeiPos: 5000.0
 * /murder_2/opt/WeiSwarm: 100.0
 * /murder_2/opt/WeiT: 200.0
 * /murder_2/opt/WeiVel: 800.0
 * /murder_2/opt/WeiminT: 10.0
 * /murder_2/opt/YawAcc: 0.8
 * /murder_2/opt/YawVel: 0.65
 * /murder_2/opt/integralIntervs: 16
 * /murder_2/opt/smoothingEps: 0.01
 * /rosdistro: noetic
 * /rosversion: 1.17.4
 * /sim1_bridge_exp_tcp_sim/computer_num: 1
 * /sim1_bridge_exp_tcp_sim/drone_num: 2
 * /sim1_bridge_exp_tcp_sim/ground_station_num: 0
 * /sim1_bridge_exp_tcp_sim/is_ground_station: True
 * /sim1_bridge_exp_tcp_sim/max_tolerable_delay: 0.25
 * /sim1_bridge_exp_tcp_sim/self_id: 1
 * /sim1_bridge_exp_tcp_sim/sim_ip_1: 127.0.0.1
 * /sim1_bridge_exp_tcp_sim/sim_num_1: 2
 * /traj_exc_node1/Computation/data_name0: gvp
 * /traj_exc_node1/Computation/data_name1: local
 * /traj_exc_node1/Computation/data_name2: global
 * /traj_exc_node1/Computation/data_num: 3
 * /traj_exc_node1/Computation/dir: /home/charliedog/...
 * /traj_exc_node1/Computation/vdata_name0: volume
 * /traj_exc_node1/Computation/vdata_name1: DTG
 * /traj_exc_node1/Computation/vdata_name2: pose
 * /traj_exc_node1/Computation/vdata_name3: traj
 * /traj_exc_node1/Computation/vdata_name4: job
 * /traj_exc_node1/Computation/vdata_name5: state
 * /traj_exc_node1/Computation/vdata_name6: map
 * /traj_exc_node1/Computation/vdata_name7: mapreq
 * /traj_exc_node1/Computation/vdata_name8: total
 * /traj_exc_node1/Computation/vdata_num: 9
 * /traj_exc_node1/EXP/finish_hold_duration: 15.0
 * /traj_exc_node1/Exp/AutoTakeoff: True
 * /traj_exc_node1/Exp/acc_off: -0.5
 * /traj_exc_node1/Exp/check_duration: 3.5
 * /traj_exc_node1/Exp/colli_range: 0.8
 * /traj_exc_node1/Exp/exc_duration: 0.5
 * /traj_exc_node1/Exp/finish_thresh: 0.5
 * /traj_exc_node1/Exp/global_comm_freq: 0.5
 * /traj_exc_node1/Exp/global_path_search: 3000
 * /traj_exc_node1/Exp/local_comm_freq: 5.0
 * /traj_exc_node1/Exp/local_dist_thresh: 7.0
 * /traj_exc_node1/Exp/local_path_search: 1000
 * /traj_exc_node1/Exp/maxX: 6.0
 * /traj_exc_node1/Exp/maxY: 6.0
 * /traj_exc_node1/Exp/maxZ: 3.0
 * /traj_exc_node1/Exp/minX: -6.0
 * /traj_exc_node1/Exp/minY: -6.0
 * /traj_exc_node1/Exp/minZ: 0.0
 * /traj_exc_node1/Exp/reach_out_t: 0.1
 * /traj_exc_node1/Exp/replan_duration: 1.5
 * /traj_exc_node1/Exp/robot_sizeX: 0.48
 * /traj_exc_node1/Exp/robot_sizeY: 0.48
 * /traj_exc_node1/Exp/robot_sizeZ: 0.3
 * /traj_exc_node1/Exp/show_swarm_traj: False
 * /traj_exc_node1/Exp/statistic: True
 * /traj_exc_node1/Exp/strong_check_interval: 3.0
 * /traj_exc_node1/Exp/swarm_check: True
 * /traj_exc_node1/Exp/takeoff_x: -4.0
 * /traj_exc_node1/Exp/takeoff_y: -3.0
 * /traj_exc_node1/Exp/takeoff_yaw: 0.0
 * /traj_exc_node1/Exp/takeoff_z: 1.2
 * /traj_exc_node1/Exp/traj_length: 10.0
 * /traj_exc_node1/Frontier/FOV_hor_num: 15
 * /traj_exc_node1/Frontier/FOV_ver_num: 10
 * /traj_exc_node1/Frontier/cam_hor: 2.0943951023931953
 * /traj_exc_node1/Frontier/cam_ver: 2.0943951023931953
 * /traj_exc_node1/Frontier/grid_scale: 2.0
 * /traj_exc_node1/Frontier/min_vp_num: 6
 * /traj_exc_node1/Frontier/observe_thresh: 0.85
 * /traj_exc_node1/Frontier/ray_samp_dist1: 0.2
 * /traj_exc_node1/Frontier/ray_samp_dist2: 0.1
 * /traj_exc_node1/Frontier/resample_duration: 0.8
 * /traj_exc_node1/Frontier/sample_dist_num: 2
 * /traj_exc_node1/Frontier/sample_hor_dir_num: 10
 * /traj_exc_node1/Frontier/sample_max_range: 2.2
 * /traj_exc_node1/Frontier/sample_ver_dir_num: 3
 * /traj_exc_node1/Frontier/sensor_type: Depth_Camera
 * /traj_exc_node1/Frontier/show_frontier: True
 * /traj_exc_node1/Frontier/viewpoint_thresh: 1.3
 * /traj_exc_node1/GVD/allowance: 0.08
 * /traj_exc_node1/GVD/lambda: 0.1
 * /traj_exc_node1/GVD/partition_frequency: 0.33
 * /traj_exc_node1/GVD/show_gvd: True
 * /traj_exc_node1/GVD/tau: 0.2
 * /traj_exc_node1/LowResMap/blockX: 5
 * /traj_exc_node1/LowResMap/blockY: 5
 * /traj_exc_node1/LowResMap/blockZ: 3
 * /traj_exc_node1/LowResMap/corridor_expX: 2
 * /traj_exc_node1/LowResMap/corridor_expY: 2
 * /traj_exc_node1/LowResMap/corridor_expZ: 1
 * /traj_exc_node1/LowResMap/debug: True
 * /traj_exc_node1/LowResMap/lambda_heu: 5.0
 * /traj_exc_node1/LowResMap/localgraph_sizex: 14.0
 * /traj_exc_node1/LowResMap/localgraph_sizey: 14.0
 * /traj_exc_node1/LowResMap/localgraph_sizez: 8.0
 * /traj_exc_node1/LowResMap/node_x: 0.6
 * /traj_exc_node1/LowResMap/node_y: 0.6
 * /traj_exc_node1/LowResMap/node_z: 0.6
 * /traj_exc_node1/LowResMap/occ_duration: 2.0
 * /traj_exc_node1/LowResMap/prune_seg_length: 6.5
 * /traj_exc_node1/LowResMap/resolution: 0.1
 * /traj_exc_node1/LowResMap/seg_length: 2.5
 * /traj_exc_node1/LowResMap/show_dtg: False
 * /traj_exc_node1/LowResMap/showmap: True
 * /traj_exc_node1/LowResMap/unknown_duration: 0.2
 * /traj_exc_node1/MR_DTG/H_thresh: 5.5
 * /traj_exc_node1/MR_DTG/Toporange: 10.0
 * /traj_exc_node1/MR_DTG/resX: 2.0
 * /traj_exc_node1/MR_DTG/resY: 2.0
 * /traj_exc_node1/MR_DTG/resZ: 2.0
 * /traj_exc_node1/MR_DTG/show_edge_details: False
 * /traj_exc_node1/MR_DTG/update_FF: False
 * /traj_exc_node1/block_map/CamtoBody_Quater_w: 1.0
 * /traj_exc_node1/block_map/CamtoBody_Quater_x: 0.0
 * /traj_exc_node1/block_map/CamtoBody_Quater_y: 0.0
 * /traj_exc_node1/block_map/CamtoBody_Quater_z: 0.0
 * /traj_exc_node1/block_map/CamtoBody_x: 0.0
 * /traj_exc_node1/block_map/CamtoBody_y: 0.0
 * /traj_exc_node1/block_map/CamtoBody_z: 0.4
 * /traj_exc_node1/block_map/FFD: False
 * /traj_exc_node1/block_map/RobotVisX: 0.81
 * /traj_exc_node1/block_map/RobotVisY: 0.81
 * /traj_exc_node1/block_map/RobotVisZ: 0.41
 * /traj_exc_node1/block_map/blockX: 10
 * /traj_exc_node1/block_map/blockY: 10
 * /traj_exc_node1/block_map/blockZ: 10
 * /traj_exc_node1/block_map/depth: True
 * /traj_exc_node1/block_map/depth_step: 2
 * /traj_exc_node1/block_map/maxX: 6.0
 * /traj_exc_node1/block_map/maxY: 6.0
 * /traj_exc_node1/block_map/maxZ: 3.0
 * /traj_exc_node1/block_map/minX: -6.0
 * /traj_exc_node1/block_map/minY: -6.0
 * /traj_exc_node1/block_map/minZ: 0.0
 * /traj_exc_node1/block_map/min_finish_t: 45.0
 * /traj_exc_node1/block_map/occ_max: 0.9
 * /traj_exc_node1/block_map/occ_min: 0.2
 * /traj_exc_node1/block_map/pro_hit_occ: 0.9
 * /traj_exc_node1/block_map/pro_miss_free: 0.75
 * /traj_exc_node1/block_map/resolution: 0.1
 * /traj_exc_node1/block_map/sensor_max_range: 4.5
 * /traj_exc_node1/block_map/show_block: True
 * /traj_exc_node1/block_map/show_freq: 10.0
 * /traj_exc_node1/block_map/statistic_v: True
 * /traj_exc_node1/block_map/swarm_pub_thresh: 0.975
 * /traj_exc_node1/block_map/swarm_send_delay: 2.0
 * /traj_exc_node1/block_map/swarm_tol: 0.3
 * /traj_exc_node1/block_map/update_freq: 10.0
 * /traj_exc_node1/block_map/vis_mode: False
 * /traj_exc_node1/opt/MaxAcc: 0.8
 * /traj_exc_node1/opt/MaxJer: 25.0
 * /traj_exc_node1/opt/MaxVel: 0.6
 * /traj_exc_node1/opt/RelCostTolL: 1e-05
 * /traj_exc_node1/opt/SwarmAvoid: 1.2
 * /traj_exc_node1/opt/WeiAcc: 400.0
 * /traj_exc_node1/opt/WeiJer: 50.0
 * /traj_exc_node1/opt/WeiPos: 5000.0
 * /traj_exc_node1/opt/WeiSwarm: 100.0
 * /traj_exc_node1/opt/WeiT: 200.0
 * /traj_exc_node1/opt/WeiVel: 800.0
 * /traj_exc_node1/opt/WeiminT: 10.0
 * /traj_exc_node1/opt/YawAcc: 0.8
 * /traj_exc_node1/opt/YawVel: 0.65
 * /traj_exc_node1/opt/integralIntervs: 16
 * /traj_exc_node1/opt/smoothingEps: 0.01
 * /traj_exc_node2/Computation/data_name0: gvp
 * /traj_exc_node2/Computation/data_name1: local
 * /traj_exc_node2/Computation/data_name2: global
 * /traj_exc_node2/Computation/data_num: 3
 * /traj_exc_node2/Computation/dir: /home/charliedog/...
 * /traj_exc_node2/Computation/vdata_name0: volume
 * /traj_exc_node2/Computation/vdata_name1: DTG
 * /traj_exc_node2/Computation/vdata_name2: pose
 * /traj_exc_node2/Computation/vdata_name3: traj
 * /traj_exc_node2/Computation/vdata_name4: job
 * /traj_exc_node2/Computation/vdata_name5: state
 * /traj_exc_node2/Computation/vdata_name6: map
 * /traj_exc_node2/Computation/vdata_name7: mapreq
 * /traj_exc_node2/Computation/vdata_name8: total
 * /traj_exc_node2/Computation/vdata_num: 9
 * /traj_exc_node2/EXP/finish_hold_duration: 15.0
 * /traj_exc_node2/Exp/AutoTakeoff: True
 * /traj_exc_node2/Exp/acc_off: -0.5
 * /traj_exc_node2/Exp/check_duration: 3.5
 * /traj_exc_node2/Exp/colli_range: 0.8
 * /traj_exc_node2/Exp/exc_duration: 0.5
 * /traj_exc_node2/Exp/finish_thresh: 0.5
 * /traj_exc_node2/Exp/global_comm_freq: 0.5
 * /traj_exc_node2/Exp/global_path_search: 3000
 * /traj_exc_node2/Exp/local_comm_freq: 5.0
 * /traj_exc_node2/Exp/local_dist_thresh: 7.0
 * /traj_exc_node2/Exp/local_path_search: 1000
 * /traj_exc_node2/Exp/maxX: 6.0
 * /traj_exc_node2/Exp/maxY: 6.0
 * /traj_exc_node2/Exp/maxZ: 3.0
 * /traj_exc_node2/Exp/minX: -6.0
 * /traj_exc_node2/Exp/minY: -6.0
 * /traj_exc_node2/Exp/minZ: 0.0
 * /traj_exc_node2/Exp/reach_out_t: 0.1
 * /traj_exc_node2/Exp/replan_duration: 1.5
 * /traj_exc_node2/Exp/robot_sizeX: 0.48
 * /traj_exc_node2/Exp/robot_sizeY: 0.48
 * /traj_exc_node2/Exp/robot_sizeZ: 0.3
 * /traj_exc_node2/Exp/show_swarm_traj: False
 * /traj_exc_node2/Exp/statistic: True
 * /traj_exc_node2/Exp/strong_check_interval: 3.0
 * /traj_exc_node2/Exp/swarm_check: True
 * /traj_exc_node2/Exp/takeoff_x: -4.0
 * /traj_exc_node2/Exp/takeoff_y: 3.0
 * /traj_exc_node2/Exp/takeoff_yaw: 0.0
 * /traj_exc_node2/Exp/takeoff_z: 1.2
 * /traj_exc_node2/Exp/traj_length: 10.0
 * /traj_exc_node2/Frontier/FOV_hor_num: 15
 * /traj_exc_node2/Frontier/FOV_ver_num: 10
 * /traj_exc_node2/Frontier/cam_hor: 2.0943951023931953
 * /traj_exc_node2/Frontier/cam_ver: 2.0943951023931953
 * /traj_exc_node2/Frontier/grid_scale: 2.0
 * /traj_exc_node2/Frontier/min_vp_num: 6
 * /traj_exc_node2/Frontier/observe_thresh: 0.85
 * /traj_exc_node2/Frontier/ray_samp_dist1: 0.2
 * /traj_exc_node2/Frontier/ray_samp_dist2: 0.1
 * /traj_exc_node2/Frontier/resample_duration: 0.8
 * /traj_exc_node2/Frontier/sample_dist_num: 2
 * /traj_exc_node2/Frontier/sample_hor_dir_num: 10
 * /traj_exc_node2/Frontier/sample_max_range: 2.2
 * /traj_exc_node2/Frontier/sample_ver_dir_num: 3
 * /traj_exc_node2/Frontier/sensor_type: Depth_Camera
 * /traj_exc_node2/Frontier/show_frontier: True
 * /traj_exc_node2/Frontier/viewpoint_thresh: 1.3
 * /traj_exc_node2/GVD/allowance: 0.08
 * /traj_exc_node2/GVD/lambda: 0.1
 * /traj_exc_node2/GVD/partition_frequency: 0.33
 * /traj_exc_node2/GVD/show_gvd: True
 * /traj_exc_node2/GVD/tau: 0.2
 * /traj_exc_node2/LowResMap/blockX: 5
 * /traj_exc_node2/LowResMap/blockY: 5
 * /traj_exc_node2/LowResMap/blockZ: 3
 * /traj_exc_node2/LowResMap/corridor_expX: 2
 * /traj_exc_node2/LowResMap/corridor_expY: 2
 * /traj_exc_node2/LowResMap/corridor_expZ: 1
 * /traj_exc_node2/LowResMap/debug: True
 * /traj_exc_node2/LowResMap/lambda_heu: 5.0
 * /traj_exc_node2/LowResMap/localgraph_sizex: 14.0
 * /traj_exc_node2/LowResMap/localgraph_sizey: 14.0
 * /traj_exc_node2/LowResMap/localgraph_sizez: 8.0
 * /traj_exc_node2/LowResMap/node_x: 0.6
 * /traj_exc_node2/LowResMap/node_y: 0.6
 * /traj_exc_node2/LowResMap/node_z: 0.6
 * /traj_exc_node2/LowResMap/occ_duration: 2.0
 * /traj_exc_node2/LowResMap/prune_seg_length: 6.5
 * /traj_exc_node2/LowResMap/resolution: 0.1
 * /traj_exc_node2/LowResMap/seg_length: 2.5
 * /traj_exc_node2/LowResMap/show_dtg: False
 * /traj_exc_node2/LowResMap/showmap: True
 * /traj_exc_node2/LowResMap/unknown_duration: 0.2
 * /traj_exc_node2/MR_DTG/H_thresh: 5.5
 * /traj_exc_node2/MR_DTG/Toporange: 10.0
 * /traj_exc_node2/MR_DTG/resX: 2.0
 * /traj_exc_node2/MR_DTG/resY: 2.0
 * /traj_exc_node2/MR_DTG/resZ: 2.0
 * /traj_exc_node2/MR_DTG/show_edge_details: False
 * /traj_exc_node2/MR_DTG/update_FF: False
 * /traj_exc_node2/block_map/CamtoBody_Quater_w: 1.0
 * /traj_exc_node2/block_map/CamtoBody_Quater_x: 0.0
 * /traj_exc_node2/block_map/CamtoBody_Quater_y: 0.0
 * /traj_exc_node2/block_map/CamtoBody_Quater_z: 0.0
 * /traj_exc_node2/block_map/CamtoBody_x: 0.0
 * /traj_exc_node2/block_map/CamtoBody_y: 0.0
 * /traj_exc_node2/block_map/CamtoBody_z: 0.4
 * /traj_exc_node2/block_map/FFD: False
 * /traj_exc_node2/block_map/RobotVisX: 0.81
 * /traj_exc_node2/block_map/RobotVisY: 0.81
 * /traj_exc_node2/block_map/RobotVisZ: 0.41
 * /traj_exc_node2/block_map/blockX: 10
 * /traj_exc_node2/block_map/blockY: 10
 * /traj_exc_node2/block_map/blockZ: 10
 * /traj_exc_node2/block_map/depth: True
 * /traj_exc_node2/block_map/depth_step: 2
 * /traj_exc_node2/block_map/maxX: 6.0
 * /traj_exc_node2/block_map/maxY: 6.0
 * /traj_exc_node2/block_map/maxZ: 3.0
 * /traj_exc_node2/block_map/minX: -6.0
 * /traj_exc_node2/block_map/minY: -6.0
 * /traj_exc_node2/block_map/minZ: 0.0
 * /traj_exc_node2/block_map/min_finish_t: 45.0
 * /traj_exc_node2/block_map/occ_max: 0.9
 * /traj_exc_node2/block_map/occ_min: 0.2
 * /traj_exc_node2/block_map/pro_hit_occ: 0.9
 * /traj_exc_node2/block_map/pro_miss_free: 0.75
 * /traj_exc_node2/block_map/resolution: 0.1
 * /traj_exc_node2/block_map/sensor_max_range: 4.5
 * /traj_exc_node2/block_map/show_block: True
 * /traj_exc_node2/block_map/show_freq: 10.0
 * /traj_exc_node2/block_map/statistic_v: True
 * /traj_exc_node2/block_map/swarm_pub_thresh: 0.975
 * /traj_exc_node2/block_map/swarm_send_delay: 2.0
 * /traj_exc_node2/block_map/swarm_tol: 0.3
 * /traj_exc_node2/block_map/update_freq: 10.0
 * /traj_exc_node2/block_map/vis_mode: False
 * /traj_exc_node2/opt/MaxAcc: 0.8
 * /traj_exc_node2/opt/MaxJer: 25.0
 * /traj_exc_node2/opt/MaxVel: 0.6
 * /traj_exc_node2/opt/RelCostTolL: 1e-05
 * /traj_exc_node2/opt/SwarmAvoid: 1.2
 * /traj_exc_node2/opt/WeiAcc: 400.0
 * /traj_exc_node2/opt/WeiJer: 50.0
 * /traj_exc_node2/opt/WeiPos: 5000.0
 * /traj_exc_node2/opt/WeiSwarm: 100.0
 * /traj_exc_node2/opt/WeiT: 200.0
 * /traj_exc_node2/opt/WeiVel: 800.0
 * /traj_exc_node2/opt/WeiminT: 10.0
 * /traj_exc_node2/opt/YawAcc: 0.8
 * /traj_exc_node2/opt/YawVel: 0.65
 * /traj_exc_node2/opt/integralIntervs: 16
 * /traj_exc_node2/opt/smoothingEps: 0.01
 * /use_sim_time: True

NODES
  /
    murder_1 (murder_swarm/murder_swarm_node)
    murder_2 (murder_swarm/murder_swarm_node)
    sim1_bridge_exp_tcp_sim (swarm_exp_bridge/swarm_exp_bridge_tcp_sim)
    traj_exc_node1 (traj_exc/traj_exc_node)
    traj_exc_node2 (traj_exc/traj_exc_node)
command:mkdir /home/charliedog/data/swarm/maze4/MURDER/2/2026_9_28_14_56_26_1
path_:/home/charliedog/data/swarm/maze4/MURDER/2/2026_9_28_14_56_26_1
command:mkdir /home/charliedog/data/swarm/maze4/MURDER/2/2026_9_28_14_56_26_2
path_:/home/charliedog/data/swarm/maze4/MURDER/2/2026_9_28_14_56_26_2
use_answer_:0
use_answer_:0
robots_scale_:0.81 0.81 0.41
0.9 0.75
robots_scale_:0.81 0.81 0.41
edgeblock_size_:2 2 1
0.9 0.75
origin_:-6 -6  0
block_num_:13 13  4
edgeblock_size_:2 2 1
origin_:-6 -6  0
last_update_:-10
update_interval_:0.1
block_num_:13 13  4
last_update_:-10
thr_max_:2.19722
thr_min_:-1.38629
update_interval_:0.1
thr_max_:2.19722
pro_hit_:1.28093
pro_miss_:-1.09861
thr_min_:-1.38629
pro_hit_:1.28093
pro_miss_:-1.09861
0.588235
0
1
0.486275
0.945098
0.588235
0
0
1
1
0.486275
1
0
0.945098
0
0.952941
0.560784
1
1
0.439216
0
0.952941
0.560784
0.439216
origin_:-6.3 -6.3    0
map_upbd_:6.2999 6.2999 3.4999
map_lowbd_:-6.2999 -6.2999  0.0001
mapscale_:12.6 12.6  3.5
blockscale_:3.5 3.5 2.1
edgeblock_scale_:2.1 2.1 1.4
block_size_:5 5 3
voxel_num_:18 18  5
block_num_:4 4 2
node_size_:7 7 7
node_scale_:0.7 0.7 0.7
localgraph_scale:14 14  8
drone_num:2
localgraph_size_:20 20 12
origin_:-6.3 -6.3    0
map_upbd_:6.2999 6.2999 3.4999
map_lowbd_:-6.2999 -6.2999  0.0001
mapscale_:12.6 12.6  3.5
blockscale_:3.5 3.5 2.1
edgeblock_scale_:2.1 2.1 1.4
block_size_:5 5 3
voxel_num_:18 18  5
block_num_:4 4 2
node_size_:7 7 7
node_scale_:0.7 0.7 0.7
localgraph_scale:14 14  8
drone_num:2
localgraph_size_:20 20 12
node_scale_:2
up_bd_:6 6 3
origin_:-6 -6  0
node_num_:6 6 2
use_swarm_:1
SDM_->drone_num_:2
node_scale_:2
SDM_->is_ground_:0
up_bd_:6 6 3
origin_:-6 -6  0
fn_vp_size_:15
vp_max_:60
node_num_:6 6 2
use_swarm_:1
SDM_->drone_num_:2
SDM_->is_ground_:0
fn_vp_size_:15
vp_max_:60
[33m[WARN] [1790607386.324221323]: use camera[0m
[33m[WARN] [1790607386.324695481]: use camera[0m
0samp d:1.73105
1samp d:2.199
0samp d:1.73105
1samp d:2.199
samp_h_dir_num_:10
samp_v_dir_num_:3
samp_h_dir_num_:10
samp_v_dir_num_:3
samp_dist_num_:2
samp_num_:60
samp_dist_num_:2
samp_num_:60
sensor_type_:1
sensor_type_:1
F_depot72  72
72
F_depot72  72
72
vox_num_:6 6 2  map_upbd_ - origin_:12 12  3
vox_num_:6 6 2  map_upbd_ - origin_:12 12  3
DTG origin:-6 -6  0
DTG topo_range:10
DTG H_thresh_:5.5
DTG origin:-6 -6  0
DTG topo_range:10
DTG eurange:7.75
DTG update_FF_:0
DTG H_thresh_:5.5
DTG eurange:7.75
DTG map_upbd_:6.2999 6.2999 3.4999
DTG vox_num_:6 6 2
DTG update_FF_:0
DTG map_upbd_:6.2999 6.2999 3.4999
DTG vox_scl_:2 2 2
DTG uav_id_:1
DTG vox_num_:6 6 2
DTG vox_scl_:2 2 2
DTG drone_num_:2
DTG uav_id_:2
DTG drone_num_:2
 -3.99778  -2.99886 0.0843291[0;31m collide!!!!! [0m
[33m[WARN] [1790607399.466272323, 0.216000000]: id:1 Infeasible1! DTG refuse to update![0m
 -3.99764    2.9958 0.0799866[0;31m collide!!!!! [0m
[33m[WARN] [1790607399.475131160, 0.226000000]: id:2 Infeasible1! DTG refuse to update![0m
-3.99713 -3.00433 0.110039[0;31m collide!!!!! [0m
[33m[WARN] [1790607399.663248882, 0.409000000]: id:1 Infeasible1! DTG refuse to update![0m
-4.00228   3.0045 0.110767[0;31m collide!!!!! [0m
[33m[WARN] [1790607399.668566723, 0.418000000]: id:2 Infeasible1! DTG refuse to update![0m
-4.00778 -3.00349 0.159864[0;31m collide!!!!! [0m
[33m[WARN] [1790607399.876297128, 0.619000000]: id:1 Infeasible1! DTG refuse to update![0m
-3.99067  3.00191 0.154598[0;31m collide!!!!! [0m
[33m[WARN] [1790607399.885855053, 0.619000000]: id:2 Infeasible1! DTG refuse to update![0m
-4.00896 -3.00245 0.205702[0;31m collide!!!!! [0m
[33m[WARN] [1790607400.068877000, 0.809000000]: id:1 Infeasible1! DTG refuse to update![0m
-3.99402  2.99784 0.213765[0;31m collide!!!!! [0m
[33m[WARN] [1790607400.076462542, 0.818000000]: id:2 Infeasible1! DTG refuse to update![0m
-4.00309 -2.99804 0.265711[0;31m collide!!!!! [0m
[33m[WARN] [1790607400.270360915, 1.008999999]: id:1 Infeasible1! DTG refuse to update![0m
-3.99572  2.99881 0.263583[0;31m collide!!!!! [0m
[33m[WARN] [1790607400.279271558, 1.018000000]: id:2 Infeasible1! DTG refuse to update![0m
-3.99741 -2.99467  0.31542[0;31m collide!!!!! [0m
[33m[WARN] [1790607400.468053771, 1.207000000]: id:1 Infeasible1! DTG refuse to update![0m
-4.00154  2.99667 0.319548[0;31m collide!!!!! [0m
[33m[WARN] [1790607400.472344994, 1.217000000]: id:2 Infeasible1! DTG refuse to update![0m
-4.00329 -2.99418 0.378757[0;31m collide!!!!! [0m
[33m[WARN] [1790607400.671507864, 1.402000000]: id:1 Infeasible1! DTG refuse to update![0m
-4.00863   2.9967 0.382971[0;31m collide!!!!! [0m
[33m[WARN] [1790607400.675985960, 1.411999999]: id:2 Infeasible1! DTG refuse to update![0m
-3.99567 -3.00064 0.432675[0;31m collide!!!!! [0m
[33m[WARN] [1790607400.870713946, 1.612000000]: id:1 Infeasible1! DTG refuse to update![0m
-3.99363  2.99747 0.436873[0;31m collide!!!!! [0m
[33m[WARN] [1790607400.877425745, 1.612000000]: id:2 Infeasible1! DTG refuse to update![0m
-3.99966 -2.99601 0.484941[0;31m collide!!!!! [0m
[33m[WARN] [1790607401.071819213, 1.800000000]: id:1 Infeasible1! DTG refuse to update![0m
-4.00382  2.99276 0.495911[0;31m collide!!!!! [0m
[33m[WARN] [1790607401.076674734, 1.809000000]: id:2 Infeasible1! DTG refuse to update![0m
 -4.0058 -2.99501 0.549106[0;31m collide!!!!! [0m
[33m[WARN] [1790607401.272243116, 2.007000000]: id:1 Infeasible1! DTG refuse to update![0m
-3.99739  2.99206 0.557445[0;31m collide!!!!! [0m
[33m[WARN] [1790607401.275212050, 2.007000000]: id:2 Infeasible1! DTG refuse to update![0m
-4.00564 -3.00027 0.609959[0;31m collide!!!!! [0m
[33m[WARN] [1790607401.472423346, 2.205999999]: id:1 Infeasible1! DTG refuse to update![0m
-4.00539  2.99213 0.618071[0;31m collide!!!!! [0m
[33m[WARN] [1790607401.479061630, 2.216000000]: id:2 Infeasible1! DTG refuse to update![0m
-3.99927 -3.00485 0.662501[0;31m collide!!!!! [0m
[33m[WARN] [1790607401.671944741, 2.403999999]: id:1 Infeasible1! DTG refuse to update![0m
-3.99501  2.98841 0.665476[0;31m collide!!!!! [0m
[33m[WARN] [1790607401.676652731, 2.413000000]: id:2 Infeasible1! DTG refuse to update![0m
-3.99999  -3.0006 0.720628[0;34m New root [0m
[33m[WARN] [1790607401.871742537, 2.597999999]: id:1 Infeasible1! DTG refuse to update![0m
 -3.9978  2.99747 0.722879[0;34m New root [0m
[33m[WARN] [1790607401.878604913, 2.607000000]: id:2 Infeasible1! DTG refuse to update![0m
-4.00627 -3.00178 0.789116[0;31m collide!!!!! [0m
[33m[WARN] [1790607402.076413768, 2.809000000]: id:1 Infeasible1! DTG refuse to update![0m
-3.99586   2.9966  0.78801[0;31m collide!!!!! [0m
[33m[WARN] [1790607402.081372092, 2.809000000]: id:2 Infeasible1! DTG refuse to update![0m
-4.01162 -2.99972 0.851591[0;31m collide!!!!! [0m
[33m[WARN] [1790607402.277976083, 3.001999999]: id:1 Infeasible1! DTG refuse to update![0m
-3.99561  2.99933  0.84283[0;31m collide!!!!! [0m
[33m[WARN] [1790607402.283391152, 3.011000000]: id:2 Infeasible1! DTG refuse to update![0m
[0;44m id:1 Partition[0m
[33m[WARN] [1790607402.297066157, 3.031000000]: id:1 LocalGVP![0m
[0;44m id:2 Partition[0m
[33m[WARN] [1790607402.297548155, 3.031000000]: id:2 LocalGVP![0m
-4.00687 -3.00577 0.904026[0;31m collide!!!!! [0m
[33m[WARN] [1790607402.477926267, 3.209999999]: id:1 Infeasible1! DTG refuse to update![0m
-3.99831  3.00425 0.901528[0;31m collide!!!!! [0m
[33m[WARN] [1790607402.483007898, 3.209999999]: id:2 Infeasible1! DTG refuse to update![0m
-3.99468 -3.00692 0.970338[0;34m New root [0m
[33m[WARN] [1790607402.681060224, 3.405000000]: id:1 Infeasible1! DTG refuse to update![0m
-3.99238  3.00084 0.967375[0;34m New root [0m
[33m[WARN] [1790607402.685169049, 3.415000000]: id:2 Infeasible1! DTG refuse to update![0m
-3.99776 -3.00115  1.03324[0;31m collide!!!!! [0m
[33m[WARN] [1790607402.880094664, 3.610999999]: id:1 Infeasible1! DTG refuse to update![0m
-3.99245  3.00492  1.03005[0;31m collide!!!!! [0m
[33m[WARN] [1790607402.887811824, 3.620000000]: id:2 Infeasible1! DTG refuse to update![0m
-4.00252 -3.00185  1.08767[0;31m collide!!!!! [0m
[33m[WARN] [1790607403.079705778, 3.802999999]: id:1 Infeasible1! DTG refuse to update![0m
-4.00865  2.99612  1.08949[0;31m collide!!!!! [0m
[33m[WARN] [1790607403.093531213, 3.822000000]: id:2 Infeasible1! DTG refuse to update![0m
-4.00057 -3.00006   1.1348[0;31m collide!!!!! [0m
[33m[WARN] [1790607403.284382500, 4.004999999]: id:1 Infeasible1! DTG refuse to update![0m
-4.00314  2.99551  1.12557[0;31m collide!!!!! [0m
[33m[WARN] [1790607403.288916850, 4.014000000]: id:2 Infeasible1! DTG refuse to update![0m
-3.99735 -3.00051  1.15557[0;34m New root [0m
[33m[WARN] [1790607403.481722771, 4.206000000]: id:1 Infeasible1! DTG refuse to update![0m
-3.99504  2.99647  1.14824[0;34m New root [0m
[33m[WARN] [1790607403.491779056, 4.216000000]: id:2 Infeasible1! DTG refuse to update![0m
-3.99796 -2.99524  1.17717[0;31m collide!!!!! [0m
[33m[WARN] [1790607403.684520908, 4.408000000]: id:1 Infeasible1! DTG refuse to update![0m
-3.9971 3.00619 1.15937[0;31m collide!!!!! [0m
[33m[WARN] [1790607403.687137772, 4.408000000]: id:2 Infeasible1! DTG refuse to update![0m
-3.99247 -2.99012  1.17547[0;31m collide!!!!! [0m
[33m[WARN] [1790607403.885123536, 4.610000000]: id:1 Infeasible1! DTG refuse to update![0m
-3.99962  3.00455  1.17414[0;31m collide!!!!! [0m
[33m[WARN] [1790607403.895122555, 4.620000000]: id:2 Infeasible1! DTG refuse to update![0m
-3.99236 -2.99209  1.18955[0;31m collide!!!!! [0m
[33m[WARN] [1790607404.084432959, 4.802999999]: id:1 Infeasible1! DTG refuse to update![0m
-3.99979   3.0005   1.1854[0;31m collide!!!!! [0m
[33m[WARN] [1790607404.093106558, 4.812000000]: id:2 Infeasible1! DTG refuse to update![0m
-3.99759  -2.9901  1.18227[0;34m New root [0m
[33m[WARN] [1790607404.283929668, 5.004999999]: id:1 Infeasible1! DTG refuse to update![0m
-4.00211  2.99155  1.18817[0;34m New root [0m
[33m[WARN] [1790607404.291517012, 5.014000000]: id:2 Infeasible1! DTG refuse to update![0m
-4.00587 -2.99878  1.18716[0;31m collide!!!!! [0m
[33m[WARN] [1790607404.484637756, 5.206000000]: id:1 Infeasible1! DTG refuse to update![0m
-3.9957 2.99614 1.18595[0;31m collide!!!!! [0m
[33m[WARN] [1790607404.488785576, 5.216000000]: id:2 Infeasible1! DTG refuse to update![0m
-4.00501 -3.00487  1.19114[0;31m collide!!!!! [0m
[33m[WARN] [1790607404.688252653, 5.408000000]: id:1 Infeasible1! DTG refuse to update![0m
-4.00103  2.99886  1.19788[0;31m collide!!!!! [0m
[33m[WARN] [1790607404.691701984, 5.408000000]: id:2 Infeasible1! DTG refuse to update![0m
-3.99684 -3.00127  1.18381[0;31m collide!!!!! [0m
[33m[WARN] [1790607404.888268596, 5.610000000]: id:1 Infeasible1! DTG refuse to update![0m
-4.00347  3.00223  1.19245[0;31m collide!!!!! [0m
[33m[WARN] [1790607404.893178635, 5.610000000]: id:2 Infeasible1! DTG refuse to update![0m
-3.99999 -3.00375  1.20213[0;34m New root [0m
[33m[WARN] [1790607405.093802484, 5.802999999]: id:1 Infeasible1! DTG refuse to update![0m
-4.00864  2.99481  1.19422[0;34m New root [0m
[33m[WARN] [1790607405.097680036, 5.812000000]: id:2 Infeasible1! DTG refuse to update![0m
-3.99521 -3.00376  1.19642[0;31m collide!!!!! [0m
[33m[WARN] [1790607405.288565739, 6.004999999]: id:1 Infeasible1! DTG refuse to update![0m
-3.99719  2.99516  1.20316[0;31m collide!!!!! [0m
[33m[WARN] [1790607405.291909405, 6.014000000]: id:2 Infeasible1! DTG refuse to update![0m
[0;44m id:2 Partition[0m
[0;44m id:1 Partition[0m
[33m[WARN] [1790607405.339706534, 6.062000000]: id:2 LocalGVP![0m
[33m[WARN] [1790607405.339808028, 6.062000000]: id:1 LocalGVP![0m
 -3.9971 -2.99747  1.20174[0;31m collide!!!!! [0m
[33m[WARN] [1790607405.490702828, 6.206000000]: id:1 Infeasible1! DTG refuse to update![0m
-3.99746  2.99783  1.19304[0;31m collide!!!!! [0m
[33m[WARN] [1790607405.494964321, 6.206000000]: id:2 Infeasible1! DTG refuse to update![0m
-4.00681 -2.99611  1.19631[0;31m collide!!!!! [0m
[33m[WARN] [1790607405.692043324, 6.408000000]: id:1 Infeasible1! DTG refuse to update![0m
-3.98811  3.00219      1.2[0;31m collide!!!!! [0m
[33m[WARN] [1790607405.699337407, 6.418000000]: id:2 Infeasible1! DTG refuse to update![0m
-4.00281  -2.9995  1.20231[0;34m New root [0m
[33m[WARN] [1790607405.891849600, 6.610000000]: id:1 Infeasible1! DTG refuse to update![0m
-3.99406  3.00573  1.19672[0;34m New root [0m
[33m[WARN] [1790607405.899067646, 6.610000000]: id:2 Infeasible1! DTG refuse to update![0m
-3.99853 -2.99606  1.20599[0;31m collide!!!!! [0m
[33m[WARN] [1790607406.094567906, 6.802999999]: id:1 Infeasible1! DTG refuse to update![0m
-3.99841   3.0042  1.20577[0;31m collide!!!!! [0m
[33m[WARN] [1790607406.098431007, 6.812000000]: id:2 Infeasible1! DTG refuse to update![0m
-4.00702  -2.9994  1.19995[0;31m collide!!!!! [0m
[33m[WARN] [1790607406.294289006, 7.004999999]: id:1 Infeasible1! DTG refuse to update![0m
-4.00073  3.01035  1.21237[0;31m collide!!!!! [0m
[33m[WARN] [1790607406.305203622, 7.014000000]: id:2 Infeasible1! DTG refuse to update![0m
-4.00523 -3.00626  1.19936[0;31m collide!!!!! [0m
[33m[WARN] [1790607406.494805562, 7.206000000]: id:1 Infeasible1! DTG refuse to update![0m
-4.00375  3.00765  1.19735[0;31m collide!!!!! [0m
[33m[WARN] [1790607406.499944721, 7.216000000]: id:2 Infeasible1! DTG refuse to update![0m
-3.99348 -3.00126  1.19897[0;34m New root [0m
[33m[WARN] [1790607406.695852713, 7.399000000]: id:1 Infeasible1! DTG refuse to update![0m
-3.99543  3.00324  1.20476[0;34m New root [0m
[33m[WARN] [1790607406.700867392, 7.408000000]: id:2 Infeasible1! DTG refuse to update![0m
-3.99165 -3.01085  1.19896[0;31m collide!!!!! [0m
[33m[WARN] [1790607406.897165349, 7.610000000]: id:1 Infeasible1! DTG refuse to update![0m
-4.00079  3.00091  1.20912[0;31m collide!!!!! [0m
[33m[WARN] [1790607406.903654595, 7.610000000]: id:2 Infeasible1! DTG refuse to update![0m
 -4.0028 -3.01077  1.19205[0;31m collide!!!!! [0m
[33m[WARN] [1790607407.097374548, 7.802999999]: id:1 Infeasible1! DTG refuse to update![0m
-4.00073  3.00824  1.20308[0;31m collide!!!!! [0m
[33m[WARN] [1790607407.101732081, 7.802999999]: id:2 Infeasible1! DTG refuse to update![0m
-3.99868 -3.01003  1.19357[0;31m collide!!!!! [0m
[33m[WARN] [1790607407.299421492, 8.005000000]: id:1 Infeasible1! DTG refuse to update![0m
-4.00173  3.00398  1.20217[0;31m collide!!!!! [0m
[33m[WARN] [1790607407.308265453, 8.015000000]: id:2 Infeasible1! DTG refuse to update![0m
-4.00063 -3.00069   1.1927[0;34m New root [0m
[33m[WARN] [1790607407.501307620, 8.207000000]: id:1 Infeasible1! DTG refuse to update![0m
-4.00065  2.99964  1.19752[0;34m New root [0m
[33m[WARN] [1790607407.509827902, 8.217000000]: id:2 Infeasible1! DTG refuse to update![0m
-3.99839 -3.00307  1.18989[0;31m collide!!!!! [0m
[33m[WARN] [1790607407.700580997, 8.409000000]: id:1 Infeasible1! DTG refuse to update![0m
-3.99443    3.005  1.19616[0;31m collide!!!!! [0m
[33m[WARN] [1790607407.705708438, 8.409000000]: id:2 Infeasible1! DTG refuse to update![0m
-3.99863 -2.98975  1.19346[0;31m collide!!!!! [0m
[33m[WARN] [1790607407.905459258, 8.611000000]: id:1 Infeasible1! DTG refuse to update![0m
-3.99349  3.00603  1.20053[0;31m collide!!!!! [0m
[33m[WARN] [1790607407.916860054, 8.621000000]: id:2 Infeasible1! DTG refuse to update![0m
-3.99335 -2.99583  1.20463[0;31m collide!!!!! [0m
[33m[WARN] [1790607408.105993955, 8.813000000]: id:1 Infeasible1! DTG refuse to update![0m
-3.99601  3.00367  1.20313[0;31m collide!!!!! [0m
[33m[WARN] [1790607408.111588909, 8.813000000]: id:2 Infeasible1! DTG refuse to update![0m
-4.00501 -3.00182  1.20457[0;34m New root [0m
[33m[WARN] [1790607408.305567242, 9.005000000]: id:1 Infeasible1! DTG refuse to update![0m
-3.9949 2.99922 1.19236[0;34m New root [0m
[33m[WARN] [1790607408.313682412, 9.015000000]: id:2 Infeasible1! DTG refuse to update![0m
[0;44m id:1 Partition[0m
[33m[WARN] [1790607408.383023262, 9.092000000]: id:1 LocalGVP![0m
[0;44m id:2 Partition[0m
[33m[WARN] [1790607408.383436420, 9.092000000]: id:2 LocalGVP![0m
-4.00322 -3.00891  1.20059[0;31m collide!!!!! [0m
[33m[WARN] [1790607408.505309472, 9.207000000]: id:1 Infeasible1! DTG refuse to update![0m
-4.00247  3.00178   1.1968[0;31m collide!!!!! [0m
[33m[WARN] [1790607408.509022015, 9.217000000]: id:2 Infeasible1! DTG refuse to update![0m
-4.00787 -2.99055  1.20001[0;31m collide!!!!! [0m
[33m[WARN] [1790607408.711592473, 9.409000000]: id:1 Infeasible1! DTG refuse to update![0m
-4.00892  3.00039  1.19717[0;31m collide!!!!! [0m
[33m[WARN] [1790607408.717869752, 9.419000000]: id:2 Infeasible1! DTG refuse to update![0m
-4.00246 -3.00131   1.2001[0;31m collide!!!!! [0m
[33m[WARN] [1790607408.911970255, 9.611000000]: id:1 Infeasible1! DTG refuse to update![0m
-3.99848  3.00129  1.20546[0;31m collide!!!!! [0m
[33m[WARN] [1790607408.916685193, 9.611000000]: id:2 Infeasible1! DTG refuse to update![0m
-4.00436 -3.00075  1.20221[0;34m New root [0m
[33m[WARN] [1790607409.123025823, 9.813000000]: id:1 Infeasible1! DTG refuse to update![0m
-4.00507  3.00208  1.20151[0;34m New root [0m
[33m[WARN] [1790607409.126867247, 9.823999999]: id:2 Infeasible1! DTG refuse to update![0m
 -4.0039 -2.99351  1.19569[0;31m collide!!!!! [0m
[33m[WARN] [1790607409.313878589, 10.005000000]: id:1 Infeasible1! DTG refuse to update![0m
-4.00762  2.99691  1.20084[0;31m collide!!!!! [0m
[33m[WARN] [1790607409.317951739, 10.015000000]: id:2 Infeasible1! DTG refuse to update![0m
-4.00131 -2.99406  1.19999[0;31m collide!!!!! [0m
[33m[WARN] [1790607409.518453774, 10.207000000]: id:1 Infeasible1! DTG refuse to update![0m
-3.99717  3.00183  1.19993[0;31m collide!!!!! [0m
[33m[WARN] [1790607409.525415325, 10.217000000]: id:2 Infeasible1! DTG refuse to update![0m
-3.99681 -2.99229  1.20024[0;31m collide!!!!! [0m
[33m[WARN] [1790607409.717959810, 10.399000000]: id:1 Infeasible1! DTG refuse to update![0m
-3.99932  3.00101  1.20433[0;31m collide!!!!! [0m
[33m[WARN] [1790607409.721288633, 10.410000000]: id:2 Infeasible1! DTG refuse to update![0m
-3.99469  -2.9986  1.19698[0;34m New root [0m
[33m[WARN] [1790607409.920379281, 10.611000000]: id:1 Infeasible1! DTG refuse to update![0m
-3.99908  2.99738  1.20512[0;34m New root [0m
id:2[0;42m try create:-3.85  3.15  1.05  ;-3.99908  2.99738  1.20512 [0m
[0;42m new id:4  25 [0m-3.85  3.15  1.05  ;-3.99908  2.99738  1.20512
-3.99588 -2.99983  1.20467[0;31m collide!!!!! [0m
[33m[WARN] [1790607410.125731768, 10.813000000]: id:1 Infeasible1! DTG refuse to update![0m
id:1[0;42m try create swarm h:-3.85  3.15  1.05  ;-3.85  3.15  1.05 [0m
[0;42m new id:4  25 [0m-3.85  3.15  1.05  ;-3.85  3.15  1.05
-3.99357  -3.0039  1.20363[0;31m collide!!!!! [0m
[33m[WARN] [1790607410.320764223, 11.015000000]: id:1 Infeasible1! DTG refuse to update![0m
-3.99278 -2.99288  1.20157[0;31m collide!!!!! [0m
[33m[WARN] [1790607410.520209552, 11.207000000]: id:1 Infeasible1! DTG refuse to update![0m
-3.99042 -3.00204  1.19678[0;34m New root [0m
[33m[WARN] [1790607410.724311025, 11.399000000]: id:1 Infeasible1! DTG refuse to update![0m
-3.99065  -3.0037  1.20468[0;31m collide!!!!! [0m
[33m[WARN] [1790607410.918789477, 11.605000000]: id:1 Infeasible1! DTG refuse to update![0m
-3.99295  -3.0029  1.20192[0;31m collide!!!!! [0m
[33m[WARN] [1790607411.120970893, 11.806000000]: id:1 Infeasible1! DTG refuse to update![0m
-3.99424 -3.00512  1.20304[0;31m collide!!!!! [0m
[33m[WARN] [1790607411.319051935, 12.009000000]: id:1 Infeasible1! DTG refuse to update![0m
[0;44m id:1 Partition[0m
[0;44m id:2 Partition[0m
[33m[WARN] [1790607411.430818005, 12.124000000]: id:1 LocalGVP![0m
[33m[WARN] [1790607411.430975408, 12.124000000]: id:2 LocalGVP![0m
-3.99853 -3.00192  1.20142[0;34m New root [0m
[33m[WARN] [1790607411.525284586, 12.201000000]: id:1 Infeasible1! DTG refuse to update![0m
  -3.995 -2.99755  1.20062[0;31m collide!!!!! [0m
[33m[WARN] [1790607411.725320001, 12.412000000]: id:1 Infeasible1! DTG refuse to update![0m
-3.99738 -3.00266  1.19183[0;31m collide!!!!! [0m
[33m[WARN] [1790607411.921436867, 12.605000000]: id:1 Infeasible1! DTG refuse to update![0m
-3.99507  -3.0037  1.20543[0;31m collide!!!!! [0m
[33m[WARN] [1790607412.121561674, 12.806000000]: id:1 Infeasible1! DTG refuse to update![0m
-3.99035 -2.99424  1.20569[0;34m New root [0m
id:1[0;42m try create:-3.85 -3.15  1.05  ;-3.99035 -2.99424  1.20569 [0m
[0;42m new id:3  7 [0m-3.85 -3.15  1.05  ;-3.99035 -2.99424  1.20569
id:2[0;42m try create swarm h:-3.85 -3.15  1.05  ;-3.85 -3.15  1.05 [0m
[0;42m new id:3  7 [0m-3.85 -3.15  1.05  ;-3.85 -3.15  1.05
[0;44m id:2 Partition[0m
[0;44m id:1 Partition[0m
[33m[WARN] [1790607414.362312996, 15.153000000]: id:1 LocalGVP![0m
[33m[WARN] [1790607414.362182431, 15.153000000]: id:2 LocalGVP![0m
[0;44m id:2 Partition[0m
[0;44m id:1 Partition[0m
[33m[WARN] [1790607417.392855720, 18.185999999]: id:2 LocalGVP![0m
[33m[WARN] [1790607417.392936552, 18.185999999]: id:1 LocalGVP![0m
from  [0;46mid: 2  SLEEP[0m to [0;46mLOCALPLAN[0m
from  [0;46mid: 1  SLEEP[0m to [0;46mLOCALPLAN[0m
[33m[WARN] [1790607419.752478527, 20.556000000]: id:1 local plan![0m
from  [0;46mid: 1  LOCALPLAN[0m to [0;46mEXCUTE[0m
[33m[WARN] [1790607420.312826269, 21.114000000]: id:2 local plan![0m
from  [0;46mid: 2  LOCALPLAN[0m to [0;46mEXCUTE[0m
from  [0;46mid: 1  EXCUTE[0m to [0;46mLOCALPLAN[0m
[0;44m id:1 Partition[0m
[33m[WARN] [1790607420.414058277, 21.214999999]: id:1 LocalGVP![0m
[0;44m id:2 Partition[0m
[33m[WARN] [1790607420.417709059, 21.214999999]: id:2 LocalGVP![0m
[33m[WARN] [1790607420.611883265, 21.407000000]: id:1 local plan![0m
from  [0;46mid: 1  LOCALPLAN[0m to [0;46mEXCUTE[0m
from  [0;46mid: 2  EXCUTE[0m to [0;46mLOCALPLAN[0m
[33m[WARN] [1790607421.025343433, 21.818000000]: id:2 local plan![0m
from  [0;46mid: 2  LOCALPLAN[0m to [0;46mEXCUTE[0m
vp infeasible
from  [0;46mid: 1  EXCUTE[0m to [0;46mLOCALPLAN[0m
[33m[WARN] [1790607421.420555024, 22.211999999]: id:1 local plan![0m
from  [0;46mid: 1  LOCALPLAN[0m to [0;46mEXCUTE[0m
vp infeasible
from  [0;46mid: 1  EXCUTE[0m to [0;46mLOCALPLAN[0m
[33m[WARN] [1790607421.818711836, 22.614000000]: id:1 local plan![0m
from  [0;46mid: 1  LOCALPLAN[0m to [0;46mEXCUTE[0m
from  [0;46mid: 2  EXCUTE[0m to [0;46mLOCALPLAN[0m
[33m[WARN] [1790607422.020204074, 22.815000000]: id:2 local plan![0m
static_check:0 tc:3.451
[33m[WARN] [1790607422.021052081, 22.815000000]: id:2 swarm collision 1[0m
from  [0;46mid: 2  LOCALPLAN[0m to [0;46mEXCUTE[0m
vp infeasible
from  [0;46mid: 2  EXCUTE[0m to [0;46mLOCALPLAN[0m
[33m[WARN] [1790607422.419554900, 23.217999999]: id:2 local plan![0m
from  [0;46mid: 2  LOCALPLAN[0m to [0;46mEXCUTE[0m
from  [0;46mid: 1  EXCUTE[0m to [0;46mLOCALPLAN[0m
[33m[WARN] [1790607423.021759310, 23.812000000]: id:1 local plan![0m
from  [0;46mid: 1  LOCALPLAN[0m to [0;46mEXCUTE[0m
from  [0;46mid: 2  EXCUTE[0m to [0;46mLOCALPLAN[0m
[0;44m id:1 Partition[0m
[33m[WARN] [1790607423.457347370, 24.251000000]: id:1 LocalGVP![0m
[0;44m id:2 Partition[0m
[33m[WARN] [1790607423.457678661, 24.251000000]: id:2 LocalGVP![0m
[33m[WARN] [1790607423.622313604, 24.416000000]: id:2 local plan![0m
from  [0;46mid: 2  LOCALPLAN[0m to [0;46mEXCUTE[0m
from  [0;46mid: 1  EXCUTE[0m to [0;46mLOCALPLAN[0m
[33m[WARN] [1790607424.022378620, 24.818000000]: id:1 local plan![0m
from  [0;46mid: 1  LOCALPLAN[0m to [0;46mEXCUTE[0m
from  [0;46mid: 2  EXCUTE[0m to [0;46mLOCALPLAN[0m
[33m[WARN] [1790607424.630161860, 25.422000000]: id:2 local plan![0m
from  [0;46mid: 2  LOCALPLAN[0m to [0;46mEXCUTE[0m
from  [0;46mid: 1  EXCUTE[0m to [0;46mLOCALPLAN[0m
[33m[WARN] [1790607425.218109604, 26.007000000]: id:1 local plan![0m
from  [0;46mid: 1  LOCALPLAN[0m to [0;46mEXCUTE[0m
from  [0;46mid: 2  EXCUTE[0m to [0;46mLOCALPLAN[0m
[33m[WARN] [1790607425.621762955, 26.410000000]: id:2 local plan![0m
from  [0;46mid: 2  LOCALPLAN[0m to [0;46mEXCUTE[0m
from  [0;46mid: 1  EXCUTE[0m to [0;46mLOCALPLAN[0m
vp infeasible
from  [0;46mid: 2  EXCUTE[0m to [0;46mLOCALPLAN[0m
[33m[WARN] [1790607426.225017307, 27.013000000]: id:1 local plan![0m
[33m[WARN] [1790607426.225545904, 27.013000000]: id:2 local plan![0m
from  [0;46mid: 1  LOCALPLAN[0m to [0;46mEXCUTE[0m
from  [0;46mid: 2  LOCALPLAN[0m to [0;46mEXCUTE[0m
[0;44m id:2 Partition[0m
[0;44m id:1 Partition[0m
[33m[WARN] [1790607426.488309804, 27.278999999]: id:1 LocalGVP![0m
[33m[WARN] [1790607426.488171860, 27.278999999]: id:2 LocalGVP![0m
from  [0;46mid: 1  EXCUTE[0m to [0;46mLOCALPLAN[0m
from  [0;46mid: 2  EXCUTE[0m to [0;46mLOCALPLAN[0m
[33m[WARN] [1790607427.238544109, 28.028999999]: id:2 local plan![0m
id:2create fake hn, local global
id:2local global
id:2hn_t:1
[33m[WARN] [1790607427.239368313, 28.028999999]: id:1 local plan![0m
from  [0;46mid: 2  LOCALPLAN[0m to [0;46mGLOBALPLAN[0m
from  [0;46mid: 1  LOCALPLAN[0m to [0;46mEXCUTE[0m
[33m[WARN] [1790607427.432350672, 28.221000000]: id:2 global plan![0m
id:2exp_state:-0.989715         1   1.93629         0  0
from  [0;46mid: 2  GLOBALPLAN[0m to [0;46mEXCUTE[0m
from  [0;46mid: 1  EXCUTE[0m to [0;46mLOCALPLAN[0m
[33m[WARN] [1790607428.222932766, 29.007000000]: id:1 local plan![0m
from  [0;46mid: 1  LOCALPLAN[0m to [0;46mEXCUTE[0m
from  [0;46mid: 2  EXCUTE[0m to [0;46mLOCALPLAN[0m
[33m[WARN] [1790607428.639165321, 29.428000000]: id:2 local plan![0m
id:2create fake hn, local global
id:2local global
id:2hn_t:1
from  [0;46mid: 2  LOCALPLAN[0m to [0;46mGLOBALPLAN[0m
[33m[WARN] [1790607428.831278579, 29.620000000]: id:2 global plan![0m
id:2exp_state:-0.989715         1   1.93629         0  0
from  [0;46mid: 2  GLOBALPLAN[0m to [0;46mEXCUTE[0m
vp infeasible
from  [0;46mid: 1  EXCUTE[0m to [0;46mLOCALPLAN[0m
[33m[WARN] [1790607429.227715449, 30.013000000]: id:1 local plan![0m
from  [0;46mid: 1  LOCALPLAN[0m to [0;46mEXCUTE[0m
vp infeasible
from  [0;46mid: 1  EXCUTE[0m to [0;46mLOCALPLAN[0m
[0;44m id:1 Partition[0m
[33m[WARN] [1790607429.516518403, 30.306000000]: id:1 LocalGVP![0m
[0;44m id:2 Partition[0m
[33m[WARN] [1790607429.517016611, 30.306000000]: id:2 LocalGVP![0m
[33m[WARN] [1790607429.630012747, 30.416000000]: id:1 local plan![0m
static_check:0 tc:2.696
[33m[WARN] [1790607429.632423619, 30.416000000]: id:1 swarm collision 2[0m
from  [0;46mid: 2  EXCUTE[0m to [0;46mLOCALPLAN[0m
from  [0;46mid: 1  LOCALPLAN[0m to [0;46mEXCUTE[0m
vp infeasible
from  [0;46mid: 1  EXCUTE[0m to [0;46mLOCALPLAN[0m
[33m[WARN] [1790607429.834832231, 30.617000000]: id:2 local plan![0m
from  [0;46mid: 2  LOCALPLAN[0m to [0;46mEXCUTE[0m
[33m[WARN] [1790607430.029508270, 30.818000000]: id:1 local plan![0m
vp infeasible
from  [0;46mid: 2  EXCUTE[0m to [0;46mLOCALPLAN[0m
from  [0;46mid: 1  LOCALPLAN[0m to [0;46mEXCUTE[0m
[33m[WARN] [1790607430.231579964, 31.010999999]: id:2 local plan![0m
id:2create fake hn, local global
id:2local global
id:2hn_t:1
[33m[WARN] [1790607430.233311329, 31.019999999]: id:2 dangerous local plan![0m
from  [0;46mid: 2  LOCALPLAN[0m to [0;46mEXCUTE[0m
traj infeasible
from  [0;46mid: 2  EXCUTE[0m to [0;46mLOCALPLAN[0m
[33m[WARN] [1790607430.633467849, 31.413000000]: id:2 local plan![0m
id:2create fake hn, local global
id:2local global
id:2hn_t:2
[33m[WARN] [1790607430.634524753, 31.413000000]: id:2 dangerous local plan![0m
from  [0;46mid: 2  LOCALPLAN[0m to [0;46mEXCUTE[0m
vp infeasible
from  [0;46mid: 1  EXCUTE[0m to [0;46mLOCALPLAN[0m
[33m[WARN] [1790607431.027842355, 31.806000000]: id:1 local plan![0m
from  [0;46mid: 1  LOCALPLAN[0m to [0;46mEXCUTE[0m
from  [0;46mid: 2  EXCUTE[0m to [0;46mLOCALPLAN[0m
[33m[WARN] [1790607431.439743578, 32.218000000]: id:2 local plan![0m
id:2create fake hn, local global
id:2local global
id:2hn_t:2
[33m[WARN] [1790607431.440802732, 32.218000000]: id:2 dangerous local plan![0m
from  [0;46mid: 2  LOCALPLAN[0m to [0;46mEXCUTE[0m
from  [0;46mid: 1  EXCUTE[0m to [0;46mLOCALPLAN[0m
[33m[WARN] [1790607431.833508195, 32.612000000]: id:1 local plan![0m
from  [0;46mid: 1  LOCALPLAN[0m to [0;46mEXCUTE[0m
vp infeasible
from  [0;46mid: 2  EXCUTE[0m to [0;46mLOCALPLAN[0m
vp infeasible
from  [0;46mid: 1  EXCUTE[0m to [0;46mLOCALPLAN[0m
[33m[WARN] [1790607432.239196522, 33.014000000]: id:2 local plan![0m
id:2create fake hn, local global
id:2local global
id:2hn_t:2
[33m[WARN] [1790607432.240201065, 33.023000000]: id:2 dangerous local plan![0m
from  [0;46mid: 2  LOCALPLAN[0m to [0;46mEXCUTE[0m
[33m[WARN] [1790607432.433592213, 33.215000000]: id:1 local plan![0m
static_check:0 tc:3.301
[33m[WARN] [1790607432.436045814, 33.215000000]: id:1 swarm collision 2[0m
from  [0;46mid: 1  LOCALPLAN[0m to [0;46mEXCUTE[0m
[0;44m id:2 Partition[0m
[33m[WARN] [1790607432.550302747, 33.334000000]: id:2 LocalGVP![0m
[0;44m id:1 Partition[0m
[33m[WARN] [1790607432.550894043, 33.334000000]: id:1 LocalGVP![0m
from  [0;46mid: 2  EXCUTE[0m to [0;46mLOCALPLAN[0m
from  [0;46mid: 1  EXCUTE[0m to [0;46mLOCALPLAN[0m
[33m[WARN] [1790607433.241476745, 34.020000000]: id:2 local plan![0m
from  [0;46mid: 2  LOCALPLAN[0m to [0;46mEXCUTE[0m
[33m[WARN] [1790607433.439101675, 34.212000000]: id:1 local plan![0m
static_check:0 tc:2.492
[33m[WARN] [1790607433.441978238, 34.212000000]: id:1 swarm collision 2[0m
from  [0;46mid: 1  LOCALPLAN[0m to [0;46mEXCUTE[0m
vp infeasible
from  [0;46mid: 2  EXCUTE[0m to [0;46mLOCALPLAN[0m
[33m[WARN] [1790607434.044838893, 34.816000000]: id:2 local plan![0m
from  [0;46mid: 2  LOCALPLAN[0m to [0;46mEXCUTE[0m
from  [0;46mid: 1  EXCUTE[0m to [0;46mLOCALPLAN[0m
[33m[WARN] [1790607434.444497497, 35.218000000]: id:1 local plan![0m
from  [0;46mid: 1  LOCALPLAN[0m to [0;46mEXCUTE[0m
 0.645604 -0.675497  0.685469[0;34m New root [0m
[33m[WARN] [1790607434.844926945, 35.603000000]: id:1 Infeasible1! DTG refuse to update![0m
 0.674475 -0.657232  0.633402[0;34m New root [0m
[33m[WARN] [1790607435.046172435, 35.804000000]: id:1 Infeasible1! DTG refuse to update![0m
from  [0;46mid: 2  EXCUTE[0m to [0;46mLOCALPLAN[0m
 0.687525 -0.612932   0.60786[0;34m New root [0m
[33m[WARN] [1790607435.245033857, 36.005000000]: id:1 Infeasible1! DTG refuse to update![0m
[33m[WARN] [1790607435.251236666, 36.014000000]: id:2 local plan![0m
from  [0;46mid: 2  LOCALPLAN[0m to [0;46mEXCUTE[0m
 0.707153 -0.558322  0.609268[0;31m collide!!!!! [0m
[33m[WARN] [1790607435.448641277, 36.215000000]: id:1 Infeasible1! DTG refuse to update![0m
[0;44m id:1 Partition[0m
[0;44m id:2 Partition[0m
[33m[WARN] [1790607435.605569994, 36.371000000]: id:1 LocalGVP![0m
[33m[WARN] [1790607435.605797649, 36.371000000]: id:2 LocalGVP![0m
 0.735032 -0.486361  0.638339[0;31m collide!!!!! [0m
[33m[WARN] [1790607435.648242444, 36.408000000]: id:1 Infeasible1! DTG refuse to update![0m
 0.789764 -0.395833  0.687057[0;31m collide!!!!! [0m
[33m[WARN] [1790607435.848876045, 36.609000000]: id:1 Infeasible1! DTG refuse to update![0m
vp infeasible
from  [0;46mid: 1  EXCUTE[0m to [0;46mLOCALPLAN[0m
[33m[WARN] [1790607436.046905552, 36.810000000]: id:1 local plan![0m
from  [0;46mid: 1  LOCALPLAN[0m to [0;46mEXCUTE[0m
from  [0;46mid: 2  EXCUTE[0m to [0;46mLOCALPLAN[0m
id:2[0;42m try create:1.75 1.05 1.75  ;1.41724   1.347  1.8893 [0m
[0;42m new id:6  21 [0m1.75 1.05 1.75  ;1.41724   1.347  1.8893
[33m[WARN] [1790607436.258427260, 37.020000000]: id:2 local plan![0m
from  [0;46mid: 2  LOCALPLAN[0m to [0;46mEXCUTE[0m
id:1[0;42m try create swarm h:1.75 1.05 1.75  ;1.75 1.05 1.75 [0m
[0;42m new id:6  21 [0m1.75 1.05 1.75  ;1.75 1.05 1.75
from  [0;46mid: 1  EXCUTE[0m to [0;46mLOCALPLAN[0m
[33m[WARN] [1790607436.852243686, 37.606000000]: id:1 local plan![0m
from  [0;46mid: 1  LOCALPLAN[0m to [0;46mEXCUTE[0m
from  [0;46mid: 2  EXCUTE[0m to [0;46mLOCALPLAN[0m
[33m[WARN] [1790607437.256421341, 38.017000000]: id:2 local plan![0m
from  [0;46mid: 2  LOCALPLAN[0m to [0;46mEXCUTE[0m
from  [0;46mid: 1  EXCUTE[0m to [0;46mLOCALPLAN[0m
vp infeasible
from  [0;46mid: 2  EXCUTE[0m to [0;46mLOCALPLAN[0m
[33m[WARN] [1790607437.859840567, 38.612000000]: id:1 local plan![0m
from  [0;46mid: 1  LOCALPLAN[0m to [0;46mEXCUTE[0m
[33m[WARN] [1790607437.871781243, 38.621000000]: id:2 local plan![0m
from  [0;46mid: 2  LOCALPLAN[0m to [0;46mEXCUTE[0m
vp infeasible
from  [0;46mid: 2  EXCUTE[0m to [0;46mLOCALPLAN[0m
vp infeasible
from  [0;46mid: 1  EXCUTE[0m to [0;46mLOCALPLAN[0m
[33m[WARN] [1790607438.270535687, 39.023000000]: id:2 local plan![0m
from  [0;46mid: 2  LOCALPLAN[0m to [0;46mEXCUTE[0m
[33m[WARN] [1790607438.465872140, 39.215000000]: id:1 local plan![0m
from  [0;46mid: 1  LOCALPLAN[0m to [0;46mEXCUTE[0m
traj infeasible
from  [0;46mid: 2  EXCUTE[0m to [0;46mLOCALPLAN[0m
[0;44m id:1 Partition[0m
[33m[WARN] [1790607438.646107004, 39.398000000]: id:1 LocalGVP![0m
[0;44m id:2 Partition[0m
[33m[WARN] [1790607438.646445298, 39.398000000]: id:2 LocalGVP![0m
[33m[WARN] [1790607438.670904355, 39.417000000]: id:2 local plan![0m
from  [0;46mid: 2  LOCALPLAN[0m to [0;46mEXCUTE[0m
traj infeasible
from  [0;46mid: 2  EXCUTE[0m to [0;46mLOCALPLAN[0m
[33m[WARN] [1790607439.080669010, 39.828000000]: id:2 local plan![0m
from  [0;46mid: 2  LOCALPLAN[0m to [0;46mEXCUTE[0m
from  [0;46mid: 1  EXCUTE[0m to [0;46mLOCALPLAN[0m
traj infeasible
from  [0;46mid: 2  EXCUTE[0m to [0;46mLOCALPLAN[0m
[33m[WARN] [1790607439.470798394, 40.212000000]: id:1 local plan![0m
from  [0;46mid: 1  LOCALPLAN[0m to [0;46mEXCUTE[0m
[33m[WARN] [1790607439.487260663, 40.222000000]: id:2 local plan![0m
from  [0;46mid: 2  LOCALPLAN[0m to [0;46mEXCUTE[0m
traj infeasible
from  [0;46mid: 2  EXCUTE[0m to [0;46mLOCALPLAN[0m
[33m[WARN] [1790607439.884278698, 40.624000000]: id:2 local plan![0m
from  [0;46mid: 2  LOCALPLAN[0m to [0;46mEXCUTE[0m
traj infeasible
from  [0;46mid: 2  EXCUTE[0m to [0;46mLOCALPLAN[0m
from  [0;46mid: 1  EXCUTE[0m to [0;46mLOCALPLAN[0m
[33m[WARN] [1790607440.278383152, 41.017000000]: id:2 local plan![0m
from  [0;46mid: 2  LOCALPLAN[0m to [0;46mEXCUTE[0m
[33m[WARN] [1790607440.475379768, 41.218000000]: id:1 local plan![0m
from  [0;46mid: 1  LOCALPLAN[0m to [0;46mEXCUTE[0m
vp infeasible
from  [0;46mid: 2  EXCUTE[0m to [0;46mLOCALPLAN[0m
[33m[WARN] [1790607440.875300962, 41.612000000]: id:2 local plan![0m
from  [0;46mid: 2  LOCALPLAN[0m to [0;46mEXCUTE[0m
vp infeasible
from  [0;46mid: 2  EXCUTE[0m to [0;46mLOCALPLAN[0m
from  [0;46mid: 1  EXCUTE[0m to [0;46mLOCALPLAN[0m
[33m[WARN] [1790607441.274999003, 42.014000000]: id:2 local plan![0m
from  [0;46mid: 2  LOCALPLAN[0m to [0;46mEXCUTE[0m
[33m[WARN] [1790607441.470532721, 42.206000000]: id:1 local plan![0m
from  [0;46mid: 1  LOCALPLAN[0m to [0;46mEXCUTE[0m
traj infeasible
from  [0;46mid: 2  EXCUTE[0m to [0;46mLOCALPLAN[0m
vp infeasible
from  [0;46mid: 1  EXCUTE[0m to [0;46mLOCALPLAN[0m
[33m[WARN] [1790607441.676463010, 42.417000000]: id:2 local plan![0m
from  [0;46mid: 2  LOCALPLAN[0m to [0;46mEXCUTE[0m
[0;44m id:2 Partition[0m
[33m[WARN] [1790607441.685154520, 42.426000000]: id:2 LocalGVP![0m
[0;44m id:1 Partition[0m
[33m[WARN] [1790607441.685917109, 42.426000000]: id:1 LocalGVP![0m
[33m[WARN] [1790607441.880989972, 42.618000000]: id:1 local plan![0m
traj infeasible
from  [0;46mid: 2  EXCUTE[0m to [0;46mLOCALPLAN[0m
from  [0;46mid: 1  LOCALPLAN[0m to [0;46mEXCUTE[0m
[33m[WARN] [1790607442.091107979, 42.828000000]: id:2 local plan![0m
from  [0;46mid: 2  LOCALPLAN[0m to [0;46mEXCUTE[0m
terminate called after throwing an instance of 'boost::wrapexcept<boost::lock_error>'
  what():  boost: mutex lock failed in pthread_mutex_lock: Invalid argument
*** Aborted at 1790607442 (unix time) try "date -d @1790607442" if you are using GNU date ***
PC: @                0x0 (unknown)
*** SIGABRT (@0x22ed) received by PID 8941 (TID 0xe08e5823aad0) from PID 8941; stack trace: ***
    @     0xe08e5aba3f10 (unknown)
    @     0xe08e5aec18f8 ([vdso]+0x8f7)
    @     0xe08e5a747d88 gsignal
    @     0xe08e5a734aac abort
    @     0xe08e5a9f78bc __gnu_cxx::__verbose_terminate_handler()
    @     0xe08e5a9f520c (unknown)
    @     0xe08e5a9f4044 (unknown)
    @     0xe08e5a9f48a4 __gxx_personality_v0
    @     0xe08e5a894964 (unknown)
    @     0xe08e5a894ef4 _Unwind_Resume
    @     0xe08e5adb0188 ros::TimerManager<>::remove()
    @     0xe08e5adae734 ros::Timer::Impl::stop()
    @     0xe08e5adae800 ros::Timer::Impl::~Impl()
    @     0xe08e5adb207c boost::detail::sp_counted_impl_p<>::dispose()
    @     0xe08e5adae5bc ros::Timer::~Timer()
    @     0xe08e5a74a48c (unknown)
    @     0xe08e5a74a61c exit
    @     0xe08e5a734e14 __libc_start_main
    @     0xaf54cbb8ff64 (unknown)
terminate called after throwing an instance of 'boost::wrapexcept<boost::lock_error>'
  what():  boost: mutex lock failed in pthread_mutex_lock: Invalid argument
*** Aborted at 1790607442 (unix time) try "date -d @1790607442" if you are using GNU date ***
PC: @                0x0 (unknown)
*** SIGABRT (@0x22ef) received by PID 8943 (TID 0xe6ad65ae4ad0) from PID 8943; stack trace: ***
    @     0xe6ad6844df10 (unknown)
    @     0xe6ad6876b8f8 ([vdso]+0x8f7)
    @     0xe6ad67ff1d88 gsignal
    @     0xe6ad67fdeaac abort
    @     0xe6ad682a18bc __gnu_cxx::__verbose_terminate_handler()
    @     0xe6ad6829f20c (unknown)
    @     0xe6ad6829e044 (unknown)
    @     0xe6ad6829e8a4 __gxx_personality_v0
    @     0xe6ad6813e964 (unknown)
    @     0xe6ad6813eef4 _Unwind_Resume
    @     0xe6ad6865a188 ros::TimerManager<>::remove()
    @     0xe6ad68658734 ros::Timer::Impl::stop()
    @     0xe6ad68658800 ros::Timer::Impl::~Impl()
    @     0xe6ad6865c07c boost::detail::sp_counted_impl_p<>::dispose()
    @     0xe6ad686585bc ros::Timer::~Timer()
    @     0xe6ad67ff448c (unknown)
    @     0xe6ad67ff461c exit
    @     0xe6ad67fdee14 __libc_start_main
    @     0xaea949e2ff64 (unknown)
WARNING: Package name "multiDTG" does not follow the naming conventions. It should start with a lower case letter and only contain lower case letters, digits, underscores, and dashes.
WARNING: Package name "multiDTG" does not follow the naming conventions. It should start with a lower case letter and only contain lower case letters, digits, underscores, and dashes.

[1mROS_MASTER_URI=http://localhost:11328[0m
]2;/comparison/gvp.launch http://localhost:11328
[1mprocess[murder_1-1]: started with pid [8940][0m
[1mprocess[traj_exc_node1-2]: started with pid [8941][0m
[1mprocess[murder_2-3]: started with pid [8942][0m
[1mprocess[traj_exc_node2-4]: started with pid [8943][0m
[1mprocess[sim1_bridge_exp_tcp_sim-5]: started with pid [8950][0m
[sim1_bridge_exp_tcp_sim-5] killing on exit
[traj_exc_node2-4] killing on exit
[murder_2-3] killing on exit
[murder_1-1] killing on exit
[traj_exc_node1-2] killing on exit
shutting down processing monitor...
... shutting down processing monitor complete
[1mdone[0m
