[INFO] [launch]: All log files can be found below /root/.ros/log/2026-10-06-07-34-26-495466-92b10a9d71cc-2539
[INFO] [launch]: Default logging verbosity is set to INFO
[INFO] [parameter_bridge-1]: process started with pid [2542]
[INFO] [localization_measurement_node.py-2]: process started with pid [2543]
[INFO] [state_estimator_node.py-3]: process started with pid [2544]
[INFO] [python3-4]: process started with pid [2545]
[INFO] [decentralized_agent_node.py-5]: process started with pid [2546]
[INFO] [view_executor_node.py-6]: process started with pid [2547]
[INFO] [controller_node-7]: process started with pid [2548]
[INFO] [localization_measurement_node.py-8]: process started with pid [2549]
[INFO] [state_estimator_node.py-9]: process started with pid [2550]
[INFO] [python3-10]: process started with pid [2551]
[INFO] [decentralized_agent_node.py-11]: process started with pid [2552]
[INFO] [view_executor_node.py-12]: process started with pid [2555]
[INFO] [controller_node-13]: process started with pid [2556]
[controller_node-7] [INFO] [1791272066.660264923] [drone_0.controller]: Controller: pid
[parameter_bridge-1] Couldn't find a preferred IP via the getifaddrs() call; I'm assuming that your IP address is 127.0.0.1.  This should work for local processes, but will almost certainly not work if you have remote processes.Report to the disc-zmq development team to seek a fix.
[parameter_bridge-1] Couldn't find a preferred IP via the getifaddrs() call; I'm assuming that your IP address is 127.0.0.1.  This should work for local processes, but will almost certainly not work if you have remote processes.Report to the disc-zmq development team to seek a fix.
[parameter_bridge-1] Couldn't find a preferred IP via the getifaddrs() call; I'm assuming that your IP address is 127.0.0.1.  This should work for local processes, but will almost certainly not work if you have remote processes.Report to the disc-zmq development team to seek a fix.
[parameter_bridge-1] Couldn't find a preferred IP via the getifaddrs() call; I'm assuming that your IP address is 127.0.0.1.  This should work for local processes, but will almost certainly not work if you have remote processes.Report to the disc-zmq development team to seek a fix.
[controller_node-13] [INFO] [1791272066.771421474] [drone_1.controller]: Controller: pid
[parameter_bridge-1] [INFO] [1791272067.766120117] [ros_gz_bridge]: Creating GZ->ROS Bridge: [/clock (gz.msgs.Clock) -> /clock (rosgraph_msgs/msg/Clock)] (Lazy 0)
[parameter_bridge-1] [INFO] [1791272067.768593811] [ros_gz_bridge]: Creating GZ->ROS Bridge: [/drone_0/lidar/points (gz.msgs.PointCloudPacked) -> /drone_0/lidar/points (sensor_msgs/msg/PointCloud2)] (Lazy 0)
[parameter_bridge-1] [INFO] [1791272067.780798411] [ros_gz_bridge]: Creating GZ->ROS Bridge: [/drone_0/odometry (gz.msgs.Odometry) -> /drone_0/odometry (nav_msgs/msg/Odometry)] (Lazy 0)
[parameter_bridge-1] [INFO] [1791272067.782679142] [ros_gz_bridge]: Creating GZ->ROS Bridge: [/drone_0/imu (gz.msgs.IMU) -> /drone_0/imu (sensor_msgs/msg/Imu)] (Lazy 0)
[parameter_bridge-1] [INFO] [1791272067.787122613] [ros_gz_bridge]: Creating GZ->ROS Bridge: [/drone_0/contacts (gz.msgs.Contacts) -> /drone_0/contacts (ros_gz_interfaces/msg/Contacts)] (Lazy 0)
[parameter_bridge-1] [INFO] [1791272067.791592722] [ros_gz_bridge]: Creating ROS->GZ Bridge: [/drone_0/command/motor_speed (actuator_msgs/msg/Actuators) -> /drone_0/command/motor_speed (gz.msgs.Actuators)] (Lazy 0)
[parameter_bridge-1] [INFO] [1791272067.799814164] [ros_gz_bridge]: Creating GZ->ROS Bridge: [/drone_1/lidar/points (gz.msgs.PointCloudPacked) -> /drone_1/lidar/points (sensor_msgs/msg/PointCloud2)] (Lazy 0)
[parameter_bridge-1] [INFO] [1791272067.800750465] [ros_gz_bridge]: Creating GZ->ROS Bridge: [/drone_1/odometry (gz.msgs.Odometry) -> /drone_1/odometry (nav_msgs/msg/Odometry)] (Lazy 0)
[parameter_bridge-1] [INFO] [1791272067.802345179] [ros_gz_bridge]: Creating GZ->ROS Bridge: [/drone_1/imu (gz.msgs.IMU) -> /drone_1/imu (sensor_msgs/msg/Imu)] (Lazy 0)
[parameter_bridge-1] [INFO] [1791272067.805726660] [ros_gz_bridge]: Creating GZ->ROS Bridge: [/drone_1/contacts (gz.msgs.Contacts) -> /drone_1/contacts (ros_gz_interfaces/msg/Contacts)] (Lazy 0)
[parameter_bridge-1] [INFO] [1791272067.806272099] [ros_gz_bridge]: Creating ROS->GZ Bridge: [/drone_1/command/motor_speed (actuator_msgs/msg/Actuators) -> /drone_1/command/motor_speed (gz.msgs.Actuators)] (Lazy 0)
[INFO] [gz-14]: process started with pid [2766]
[gz-14] Couldn't find a preferred IP via the getifaddrs() call; I'm assuming that your IP address is 127.0.0.1.  This should work for local processes, but will almost certainly not work if you have remote processes.Report to the disc-zmq development team to seek a fix.
[gz-14] Couldn't find a preferred IP via the getifaddrs() call; I'm assuming that your IP address is 127.0.0.1.  This should work for local processes, but will almost certainly not work if you have remote processes.Report to the disc-zmq development team to seek a fix.
[gz-14] Couldn't find a preferred IP via the getifaddrs() call; I'm assuming that your IP address is 127.0.0.1.  This should work for local processes, but will almost certainly not work if you have remote processes.Report to the disc-zmq development team to seek a fix.
[gz-14] Couldn't find a preferred IP via the getifaddrs() call; I'm assuming that your IP address is 127.0.0.1.  This should work for local processes, but will almost certainly not work if you have remote processes.Report to the disc-zmq development team to seek a fix.
[parameter_bridge-1] [INFO] [1791272076.748382800] [ros_gz_bridge]: Passing message from ROS actuator_msgs/msg/Actuators to Gazebo gz.msgs.Actuators (showing msg only once per type)
[WARNING] [launch]: user interrupted with ctrl-c (SIGINT)
[INFO] [gz-14]: sending signal 'SIGINT' to process[gz-14]
[INFO] [controller_node-13]: sending signal 'SIGINT' to process[controller_node-13]
[INFO] [view_executor_node.py-12]: sending signal 'SIGINT' to process[view_executor_node.py-12]
[INFO] [decentralized_agent_node.py-11]: sending signal 'SIGINT' to process[decentralized_agent_node.py-11]
[ERROR] [controller_node-13]: process has died [pid 2556, exit code -2, cmd '/workspace/ros2_ws/install/annual_swarm/lib/annual_swarm/controller_node --ros-args -r __ns:=/drone_1 --params-file /workspace/ros2_ws/install/annual_swarm/share/annual_swarm/config/flight.yaml --params-file /tmp/launch_params_d1jlc25c --params-file /tmp/launch_params_frnxd18h -r odometry:=estimated_odometry'].
[INFO] [python3-10]: sending signal 'SIGINT' to process[python3-10]
[INFO] [state_estimator_node.py-9]: sending signal 'SIGINT' to process[state_estimator_node.py-9]
[INFO] [localization_measurement_node.py-8]: sending signal 'SIGINT' to process[localization_measurement_node.py-8]
[INFO] [controller_node-7]: sending signal 'SIGINT' to process[controller_node-7]
[INFO] [view_executor_node.py-6]: sending signal 'SIGINT' to process[view_executor_node.py-6]
[INFO] [decentralized_agent_node.py-5]: sending signal 'SIGINT' to process[decentralized_agent_node.py-5]
[INFO] [python3-4]: sending signal 'SIGINT' to process[python3-4]
[INFO] [state_estimator_node.py-3]: sending signal 'SIGINT' to process[state_estimator_node.py-3]
[INFO] [localization_measurement_node.py-2]: sending signal 'SIGINT' to process[localization_measurement_node.py-2]
[INFO] [parameter_bridge-1]: sending signal 'SIGINT' to process[parameter_bridge-1]
[ERROR] [localization_measurement_node.py-8]: process has died [pid 2549, exit code -2, cmd '/workspace/ros2_ws/install/annual_swarm/lib/annual_swarm/localization_measurement_node.py --ros-args -r __ns:=/drone_1 --params-file /tmp/launch_params_z1rqpdib --params-file /tmp/launch_params_rox05qyk'].
[ERROR] [python3-4]: process has died [pid 2545, exit code -2, cmd 'python3 /study/common_mapper.py --ros-args -r __ns:=/drone_0 -p use_sim_time:=true -p drone_id:=0 -p bounds:="[[-6.0, -6.0, 0.0], [6.0, 6.0, 3.0]]"'].
[ERROR] [python3-10]: process has died [pid 2551, exit code -2, cmd 'python3 /study/common_mapper.py --ros-args -r __ns:=/drone_1 -p use_sim_time:=true -p drone_id:=1 -p bounds:="[[-6.0, -6.0, 0.0], [6.0, 6.0, 3.0]]"'].
[ERROR] [state_estimator_node.py-9]: process has died [pid 2550, exit code -2, cmd '/workspace/ros2_ws/install/annual_swarm/lib/annual_swarm/state_estimator_node.py --ros-args -r __ns:=/drone_1 --params-file /tmp/launch_params_ngnqkzg0 --params-file /tmp/launch_params_e_dyok2k'].
[ERROR] [view_executor_node.py-6]: process has died [pid 2547, exit code -2, cmd '/workspace/ros2_ws/install/annual_swarm/lib/annual_swarm/view_executor_node.py --ros-args -r __ns:=/drone_0 --params-file /tmp/launch_params_r_wz_o4i --params-file /tmp/launch_params_sxi5mgft -r target:=native_target -r trajectory_target:=native_trajectory_target'].
[parameter_bridge-1] [INFO] [1791272228.034342426] [rclcpp]: signal_handler(SIGINT/SIGTERM)
[ERROR] [state_estimator_node.py-3]: process has died [pid 2544, exit code -2, cmd '/workspace/ros2_ws/install/annual_swarm/lib/annual_swarm/state_estimator_node.py --ros-args -r __ns:=/drone_0 --params-file /tmp/launch_params_u05n9hhy --params-file /tmp/launch_params_skqsjop0'].
[controller_node-7] [INFO] [1791272228.034467531] [rclcpp]: signal_handler(SIGINT/SIGTERM)
[controller_node-13] [INFO] [1791272228.041360517] [rclcpp]: signal_handler(SIGINT/SIGTERM)
[view_executor_node.py-12] Traceback (most recent call last):
[view_executor_node.py-12]   File "/workspace/ros2_ws/install/annual_swarm/lib/annual_swarm/view_executor_node.py", line 241, in <module>
[view_executor_node.py-12]     main()
[view_executor_node.py-12]   File "/workspace/ros2_ws/install/annual_swarm/lib/annual_swarm/view_executor_node.py", line 236, in main
[view_executor_node.py-12]     node.destroy_node()
[view_executor_node.py-12]   File "/opt/ros/jazzy/lib/python3.12/site-packages/rclpy/node.py", line 1968, in destroy_node
[view_executor_node.py-12]     self.__node.destroy_when_not_in_use()
[view_executor_node.py-12] KeyboardInterrupt
[controller_node-7] [INFO] [1791272228.128901516] [rclcpp]: signal_handler(SIGINT/SIGTERM)
[decentralized_agent_node.py-11] Traceback (most recent call last):
[decentralized_agent_node.py-11]   File "/workspace/ros2_ws/install/annual_swarm/lib/annual_swarm/decentralized_agent_node.py", line 934, in <module>
[decentralized_agent_node.py-11]     main()
[decentralized_agent_node.py-11]   File "/workspace/ros2_ws/install/annual_swarm/lib/annual_swarm/decentralized_agent_node.py", line 929, in main
[decentralized_agent_node.py-11]     node.log.close(); node.paths.close(); node.destroy_node()
[decentralized_agent_node.py-11]                                           ^^^^^^^^^^^^^^^^^^^
[decentralized_agent_node.py-11]   File "/opt/ros/jazzy/lib/python3.12/site-packages/rclpy/node.py", line 1968, in destroy_node
[decentralized_agent_node.py-11]     self.__node.destroy_when_not_in_use()
[decentralized_agent_node.py-11] KeyboardInterrupt
[ERROR] [localization_measurement_node.py-2]: process has died [pid 2543, exit code -2, cmd '/workspace/ros2_ws/install/annual_swarm/lib/annual_swarm/localization_measurement_node.py --ros-args -r __ns:=/drone_0 --params-file /tmp/launch_params_jlgrvc4d --params-file /tmp/launch_params_xag7g5ly'].
[decentralized_agent_node.py-5] Traceback (most recent call last):
[decentralized_agent_node.py-5]   File "/workspace/ros2_ws/install/annual_swarm/lib/annual_swarm/decentralized_agent_node.py", line 934, in <module>
[decentralized_agent_node.py-5]     main()
[decentralized_agent_node.py-5]   File "/workspace/ros2_ws/install/annual_swarm/lib/annual_swarm/decentralized_agent_node.py", line 929, in main
[decentralized_agent_node.py-5]     node.log.close(); node.paths.close(); node.destroy_node()
[decentralized_agent_node.py-5]                                           ^^^^^^^^^^^^^^^^^^^
[decentralized_agent_node.py-5]   File "/opt/ros/jazzy/lib/python3.12/site-packages/rclpy/node.py", line 1968, in destroy_node
[decentralized_agent_node.py-5]     self.__node.destroy_when_not_in_use()
[decentralized_agent_node.py-5] KeyboardInterrupt
[parameter_bridge-1] [INFO] [1791272228.154536660] [rclcpp]: signal_handler(SIGINT/SIGTERM)
[INFO] [parameter_bridge-1]: process has finished cleanly [pid 2542]
[ERROR] [decentralized_agent_node.py-5]: process has died [pid 2546, exit code -2, cmd '/workspace/ros2_ws/install/annual_swarm/lib/annual_swarm/decentralized_agent_node.py --ros-args -r __ns:=/drone_0 --params-file /workspace/ros2_ws/install/annual_swarm/share/annual_swarm/config/exploration_priority.yaml --params-file /tmp/launch_params_xphqfa6f --params-file /tmp/launch_params_a5regis1'].
[INFO] [controller_node-7]: process has finished cleanly [pid 2548]
[ERROR] [view_executor_node.py-12]: process has died [pid 2555, exit code -2, cmd '/workspace/ros2_ws/install/annual_swarm/lib/annual_swarm/view_executor_node.py --ros-args -r __ns:=/drone_1 --params-file /tmp/launch_params_v1wmm2aq --params-file /tmp/launch_params_r6btf_gj -r target:=native_target -r trajectory_target:=native_trajectory_target'].
[ERROR] [decentralized_agent_node.py-11]: process has died [pid 2552, exit code -2, cmd '/workspace/ros2_ws/install/annual_swarm/lib/annual_swarm/decentralized_agent_node.py --ros-args -r __ns:=/drone_1 --params-file /workspace/ros2_ws/install/annual_swarm/share/annual_swarm/config/exploration_priority.yaml --params-file /tmp/launch_params_f0pvkuw2 --params-file /tmp/launch_params_4bnk0th1'].
[INFO] [gz-14]: process has finished cleanly [pid 2766]
