[INFO] [launch]: All log files can be found below /root/.ros/log/2026-10-06-07-27-26-976503-92b10a9d71cc-1073
[INFO] [launch]: Default logging verbosity is set to INFO
[INFO] [parameter_bridge-1]: process started with pid [1076]
[INFO] [localization_measurement_node.py-2]: process started with pid [1077]
[INFO] [state_estimator_node.py-3]: process started with pid [1078]
[INFO] [python3-4]: process started with pid [1079]
[INFO] [decentralized_agent_node.py-5]: process started with pid [1080]
[INFO] [view_executor_node.py-6]: process started with pid [1081]
[INFO] [controller_node-7]: process started with pid [1082]
[INFO] [localization_measurement_node.py-8]: process started with pid [1083]
[INFO] [state_estimator_node.py-9]: process started with pid [1084]
[INFO] [python3-10]: process started with pid [1085]
[INFO] [decentralized_agent_node.py-11]: process started with pid [1086]
[INFO] [view_executor_node.py-12]: process started with pid [1087]
[INFO] [controller_node-13]: process started with pid [1088]
[controller_node-7] [INFO] [1791271647.236883480] [drone_0.controller]: Controller: pid
[controller_node-13] [INFO] [1791271647.238807066] [drone_1.controller]: Controller: pid
[parameter_bridge-1] Couldn't find a preferred IP via the getifaddrs() call; I'm assuming that your IP address is 127.0.0.1.  This should work for local processes, but will almost certainly not work if you have remote processes.Report to the disc-zmq development team to seek a fix.
[parameter_bridge-1] Couldn't find a preferred IP via the getifaddrs() call; I'm assuming that your IP address is 127.0.0.1.  This should work for local processes, but will almost certainly not work if you have remote processes.Report to the disc-zmq development team to seek a fix.
[parameter_bridge-1] Couldn't find a preferred IP via the getifaddrs() call; I'm assuming that your IP address is 127.0.0.1.  This should work for local processes, but will almost certainly not work if you have remote processes.Report to the disc-zmq development team to seek a fix.
[parameter_bridge-1] Couldn't find a preferred IP via the getifaddrs() call; I'm assuming that your IP address is 127.0.0.1.  This should work for local processes, but will almost certainly not work if you have remote processes.Report to the disc-zmq development team to seek a fix.
[parameter_bridge-1] [INFO] [1791271648.438279670] [ros_gz_bridge]: Creating GZ->ROS Bridge: [/clock (gz.msgs.Clock) -> /clock (rosgraph_msgs/msg/Clock)] (Lazy 0)
[parameter_bridge-1] [INFO] [1791271648.461539253] [ros_gz_bridge]: Creating GZ->ROS Bridge: [/drone_0/lidar/points (gz.msgs.PointCloudPacked) -> /drone_0/lidar/points (sensor_msgs/msg/PointCloud2)] (Lazy 0)
[parameter_bridge-1] [INFO] [1791271648.481555631] [ros_gz_bridge]: Creating GZ->ROS Bridge: [/drone_0/odometry (gz.msgs.Odometry) -> /drone_0/odometry (nav_msgs/msg/Odometry)] (Lazy 0)
[parameter_bridge-1] [INFO] [1791271648.490819927] [ros_gz_bridge]: Creating GZ->ROS Bridge: [/drone_0/imu (gz.msgs.IMU) -> /drone_0/imu (sensor_msgs/msg/Imu)] (Lazy 0)
[parameter_bridge-1] [INFO] [1791271648.504868406] [ros_gz_bridge]: Creating GZ->ROS Bridge: [/drone_0/contacts (gz.msgs.Contacts) -> /drone_0/contacts (ros_gz_interfaces/msg/Contacts)] (Lazy 0)
[parameter_bridge-1] [INFO] [1791271648.532556035] [ros_gz_bridge]: Creating ROS->GZ Bridge: [/drone_0/command/motor_speed (actuator_msgs/msg/Actuators) -> /drone_0/command/motor_speed (gz.msgs.Actuators)] (Lazy 0)
[parameter_bridge-1] [INFO] [1791271648.533799990] [ros_gz_bridge]: Creating GZ->ROS Bridge: [/drone_1/lidar/points (gz.msgs.PointCloudPacked) -> /drone_1/lidar/points (sensor_msgs/msg/PointCloud2)] (Lazy 0)
[parameter_bridge-1] [INFO] [1791271648.536789817] [ros_gz_bridge]: Creating GZ->ROS Bridge: [/drone_1/odometry (gz.msgs.Odometry) -> /drone_1/odometry (nav_msgs/msg/Odometry)] (Lazy 0)
[parameter_bridge-1] [INFO] [1791271648.538853474] [ros_gz_bridge]: Creating GZ->ROS Bridge: [/drone_1/imu (gz.msgs.IMU) -> /drone_1/imu (sensor_msgs/msg/Imu)] (Lazy 0)
[parameter_bridge-1] [INFO] [1791271648.544324124] [ros_gz_bridge]: Creating GZ->ROS Bridge: [/drone_1/contacts (gz.msgs.Contacts) -> /drone_1/contacts (ros_gz_interfaces/msg/Contacts)] (Lazy 0)
[parameter_bridge-1] [INFO] [1791271648.544465737] [ros_gz_bridge]: Creating ROS->GZ Bridge: [/drone_1/command/motor_speed (actuator_msgs/msg/Actuators) -> /drone_1/command/motor_speed (gz.msgs.Actuators)] (Lazy 0)
[INFO] [gz-14]: process started with pid [1300]
[gz-14] Couldn't find a preferred IP via the getifaddrs() call; I'm assuming that your IP address is 127.0.0.1.  This should work for local processes, but will almost certainly not work if you have remote processes.Report to the disc-zmq development team to seek a fix.
[gz-14] Couldn't find a preferred IP via the getifaddrs() call; I'm assuming that your IP address is 127.0.0.1.  This should work for local processes, but will almost certainly not work if you have remote processes.Report to the disc-zmq development team to seek a fix.
[gz-14] Couldn't find a preferred IP via the getifaddrs() call; I'm assuming that your IP address is 127.0.0.1.  This should work for local processes, but will almost certainly not work if you have remote processes.Report to the disc-zmq development team to seek a fix.
[gz-14] Couldn't find a preferred IP via the getifaddrs() call; I'm assuming that your IP address is 127.0.0.1.  This should work for local processes, but will almost certainly not work if you have remote processes.Report to the disc-zmq development team to seek a fix.
[parameter_bridge-1] [INFO] [1791271657.926559736] [ros_gz_bridge]: Passing message from ROS actuator_msgs/msg/Actuators to Gazebo gz.msgs.Actuators (showing msg only once per type)
[WARNING] [launch]: user interrupted with ctrl-c (SIGINT)
[controller_node-13] [INFO] [1791271682.335749076] [rclcpp]: signal_handler(SIGINT/SIGTERM)
[controller_node-7] [INFO] [1791271682.336057230] [rclcpp]: signal_handler(SIGINT/SIGTERM)
[parameter_bridge-1] [INFO] [1791271682.336845791] [rclcpp]: signal_handler(SIGINT/SIGTERM)
[INFO] [gz-14]: sending signal 'SIGINT' to process[gz-14]
[INFO] [controller_node-13]: sending signal 'SIGINT' to process[controller_node-13]
[INFO] [view_executor_node.py-12]: sending signal 'SIGINT' to process[view_executor_node.py-12]
[INFO] [decentralized_agent_node.py-11]: sending signal 'SIGINT' to process[decentralized_agent_node.py-11]
[ERROR] [controller_node-13]: process has died [pid 1088, exit code -2, cmd '/workspace/ros2_ws/install/annual_swarm/lib/annual_swarm/controller_node --ros-args -r __ns:=/drone_1 --params-file /workspace/ros2_ws/install/annual_swarm/share/annual_swarm/config/flight.yaml --params-file /tmp/launch_params_138e9hx8 --params-file /tmp/launch_params_7z0i5u4x -r odometry:=estimated_odometry'].
[INFO] [python3-10]: sending signal 'SIGINT' to process[python3-10]
[INFO] [state_estimator_node.py-9]: sending signal 'SIGINT' to process[state_estimator_node.py-9]
[INFO] [localization_measurement_node.py-8]: sending signal 'SIGINT' to process[localization_measurement_node.py-8]
[INFO] [controller_node-7]: sending signal 'SIGINT' to process[controller_node-7]
[INFO] [view_executor_node.py-6]: sending signal 'SIGINT' to process[view_executor_node.py-6]
[INFO] [decentralized_agent_node.py-5]: sending signal 'SIGINT' to process[decentralized_agent_node.py-5]
[ERROR] [localization_measurement_node.py-8]: process has died [pid 1083, exit code -2, cmd '/workspace/ros2_ws/install/annual_swarm/lib/annual_swarm/localization_measurement_node.py --ros-args -r __ns:=/drone_1 --params-file /tmp/launch_params_0ow6h6y0 --params-file /tmp/launch_params_0sr9efg2'].
[INFO] [python3-4]: sending signal 'SIGINT' to process[python3-4]
[ERROR] [controller_node-7]: process has died [pid 1082, exit code -2, cmd '/workspace/ros2_ws/install/annual_swarm/lib/annual_swarm/controller_node --ros-args -r __ns:=/drone_0 --params-file /workspace/ros2_ws/install/annual_swarm/share/annual_swarm/config/flight.yaml --params-file /tmp/launch_params_0m8fmorr --params-file /tmp/launch_params_fyqsxlig -r odometry:=estimated_odometry'].
[ERROR] [python3-10]: process has died [pid 1085, exit code -2, cmd 'python3 /study/common_mapper.py --ros-args -r __ns:=/drone_1 -p use_sim_time:=true -p drone_id:=1 -p bounds:="[[-6.0, -6.0, 0.0], [6.0, 6.0, 3.0]]"'].
[INFO] [state_estimator_node.py-3]: sending signal 'SIGINT' to process[state_estimator_node.py-3]
[ERROR] [view_executor_node.py-12]: process has died [pid 1087, exit code -2, cmd '/workspace/ros2_ws/install/annual_swarm/lib/annual_swarm/view_executor_node.py --ros-args -r __ns:=/drone_1 --params-file /tmp/launch_params_y05o1ok7 --params-file /tmp/launch_params_47t6xhh_ -r target:=native_target -r trajectory_target:=native_trajectory_target'].
[ERROR] [state_estimator_node.py-9]: process has died [pid 1084, exit code -2, cmd '/workspace/ros2_ws/install/annual_swarm/lib/annual_swarm/state_estimator_node.py --ros-args -r __ns:=/drone_1 --params-file /tmp/launch_params_c5cvxxlx --params-file /tmp/launch_params_t73rm8qn'].
[INFO] [localization_measurement_node.py-2]: sending signal 'SIGINT' to process[localization_measurement_node.py-2]
[ERROR] [view_executor_node.py-6]: process has died [pid 1081, exit code -2, cmd '/workspace/ros2_ws/install/annual_swarm/lib/annual_swarm/view_executor_node.py --ros-args -r __ns:=/drone_0 --params-file /tmp/launch_params_fqto76r6 --params-file /tmp/launch_params_99ixwkoc -r target:=native_target -r trajectory_target:=native_trajectory_target'].
[ERROR] [decentralized_agent_node.py-5]: process has died [pid 1080, exit code -2, cmd '/workspace/ros2_ws/install/annual_swarm/lib/annual_swarm/decentralized_agent_node.py --ros-args -r __ns:=/drone_0 --params-file /workspace/ros2_ws/install/annual_swarm/share/annual_swarm/config/exploration_priority.yaml --params-file /tmp/launch_params_znphg082 --params-file /tmp/launch_params_ugn8uxt2'].
[ERROR] [python3-4]: process has died [pid 1079, exit code -2, cmd 'python3 /study/common_mapper.py --ros-args -r __ns:=/drone_0 -p use_sim_time:=true -p drone_id:=0 -p bounds:="[[-6.0, -6.0, 0.0], [6.0, 6.0, 3.0]]"'].
[INFO] [parameter_bridge-1]: sending signal 'SIGINT' to process[parameter_bridge-1]
[ERROR] [state_estimator_node.py-3]: process has died [pid 1078, exit code -2, cmd '/workspace/ros2_ws/install/annual_swarm/lib/annual_swarm/state_estimator_node.py --ros-args -r __ns:=/drone_0 --params-file /tmp/launch_params_q5vvqb86 --params-file /tmp/launch_params_b7s1i5lq'].
[ERROR] [localization_measurement_node.py-2]: process has died [pid 1077, exit code -2, cmd '/workspace/ros2_ws/install/annual_swarm/lib/annual_swarm/localization_measurement_node.py --ros-args -r __ns:=/drone_0 --params-file /tmp/launch_params_8wm3829q --params-file /tmp/launch_params_irkqmuh5'].
[decentralized_agent_node.py-11] Traceback (most recent call last):
[decentralized_agent_node.py-11]   File "/workspace/ros2_ws/install/annual_swarm/lib/annual_swarm/decentralized_agent_node.py", line 904, in <module>
[decentralized_agent_node.py-11]     main()
[decentralized_agent_node.py-11]   File "/workspace/ros2_ws/install/annual_swarm/lib/annual_swarm/decentralized_agent_node.py", line 899, in main
[decentralized_agent_node.py-11]     node.log.close(); node.paths.close(); node.destroy_node()
[decentralized_agent_node.py-11]                                           ^^^^^^^^^^^^^^^^^^^
[decentralized_agent_node.py-11]   File "/opt/ros/jazzy/lib/python3.12/site-packages/rclpy/node.py", line 1968, in destroy_node
[decentralized_agent_node.py-11]     self.__node.destroy_when_not_in_use()
[decentralized_agent_node.py-11] KeyboardInterrupt
[parameter_bridge-1] [INFO] [1791271682.474977572] [rclcpp]: signal_handler(SIGINT/SIGTERM)
[INFO] [parameter_bridge-1]: process has finished cleanly [pid 1076]
[ERROR] [decentralized_agent_node.py-11]: process has died [pid 1086, exit code -2, cmd '/workspace/ros2_ws/install/annual_swarm/lib/annual_swarm/decentralized_agent_node.py --ros-args -r __ns:=/drone_1 --params-file /workspace/ros2_ws/install/annual_swarm/share/annual_swarm/config/exploration_priority.yaml --params-file /tmp/launch_params_6hhvnbwc --params-file /tmp/launch_params_bgd7yz2_'].
[INFO] [gz-14]: process has finished cleanly [pid 1300]
